2022-04-07 10:25:57.574 949-17693/? D/NuPlayerDriver: notifyListener_l(0xeb8436c0), (7, 0, 0, -1), loop setting(0, 0)
2022-04-07 10:25:57.574 949-8201/? I/NuPlayerRenderer: onPause
2022-04-07 10:25:57.574 949-8201/? I/MediaClock: setPlaybackRate rate : 0.000000
2022-04-07 10:25:57.574 949-7789/? D/NuPlayerDriver: notifyListener_l(0xeb8436c0), (211, 0, 0, 20), loop setting(0, 0)
2022-04-07 10:25:57.574 949-17693/? D/NuPlayerDriver: seekTo(0xeb8436c0) (0 ms, 0) at state 6
2022-04-07 10:25:57.574 949-17693/? D/NuPlayerDriver: notifyListener_l(0xeb8436c0), (7, 0, 0, -1), loop setting(0, 0)
2022-04-07 10:25:57.575 949-8202/? I/NuPlayerRenderer: flush audio, notifyComplete 1, shutdown No
2022-04-07 10:25:57.575 949-8202/? D/NuPlayerRenderer: signalTimeDiscontinuity() mHasAudio = 1 , mHasVideo = 0
2022-04-07 10:25:57.575 949-17693/? D/AudioTrack: setVolume(0.500000, 0.500000) pid : 7660
2022-04-07 10:25:57.575 949-8203/? I/ACodec: [OMX.google.vorbis.decoder] signalFlush
2022-04-07 10:25:57.575 949-7789/? D/NuPlayerDriver: notifyListener_l(0xeb8436c0), (211, 0, 0, 20), loop setting(0, 0)
2022-04-07 10:25:57.575 949-8203/? I/ACodec: [OMX.google.vorbis.decoder] ExecutingState flushing now (codec owns 4/4 input, 0/4 output).
2022-04-07 10:25:57.575 949-17693/? D/AudioTrack: setVolume(0.500000, 0.500000) pid : 7660
2022-04-07 10:25:57.575 949-17693/? D/NuPlayerDriver: start(0xeb843240), state is 6, eos is 0
2022-04-07 10:25:57.576 1336-1563/? D/AudioService: notify dvfs state : 2, screen : true
2022-04-07 10:25:57.576 1336-7175/? D/AudioPlayerStateMonitor: Found a new active media playback. ID:6687 -- type:android.media.MediaPlayer -- u/pid:10877/7660 -- state:started -- attr:AudioAttributes: usage=USAGE_UNKNOWN content=CONTENT_TYPE_UNKNOWN flags=0x0 tags= bundle=null
2022-04-07 10:25:57.576 3499-3499/? D/BixbyApplication: registerAudioPlaybackCallback : onPlaybackConfigChanged : callback....
2022-04-07 10:25:57.576 3499-3499/? D/BixbyApplication: registerAudioPlaybackCallback : onPlaybackConfigChanged : pid : 1781,  uid : 10020
2022-04-07 10:25:57.576 1781-1781/? D/SecVolumeStore: dispatch Action : [ACTION_PLAY_BACK_CONFIG_CHANGED]
2022-04-07 10:25:57.576 1781-1781/? D/SecVolumeStore:   * State : [STATE_NONE]
2022-04-07 10:25:57.576 1781-1781/? D/SecVolumeStore:   * New State : [STATE_NONE]
2022-04-07 10:25:57.576 1781-1781/? D/SecVolumeStore: dispatch Action : [ACTION_PLAY_BACK_CONFIG_CHANGED]
2022-04-07 10:25:57.576 1781-1781/? D/SecVolumeStore:   * State : [STATE_NONE]
2022-04-07 10:25:57.576 1781-1781/? D/SecVolumeStore:   * New State : [STATE_NONE]
2022-04-07 10:25:57.576 1781-1781/? D/SecVolumeStore: dispatch Action : [ACTION_PLAY_BACK_CONFIG_CHANGED]
2022-04-07 10:25:57.576 1781-1781/? D/SecVolumeStore:   * State : [STATE_NONE]
2022-04-07 10:25:57.576 1781-1781/? D/SecVolumeStore:   * New State : [STATE_NONE]
2022-04-07 10:25:57.576 1781-1781/? D/SecVolumeStore: dispatch Action : [ACTION_PLAY_BACK_CONFIG_CHANGED]
2022-04-07 10:25:57.576 1781-1781/? D/SecVolumeStore:   * State : [STATE_NONE]
2022-04-07 10:25:57.576 1781-1781/? D/SecVolumeStore:   * New State : [STATE_NONE]
2022-04-07 10:25:57.576 1781-1781/? D/SecVolumeStore: dispatch Action : [ACTION_PLAY_BACK_CONFIG_CHANGED]
2022-04-07 10:25:57.576 1781-1781/? D/SecVolumeStore:   * State : [STATE_NONE]
2022-04-07 10:25:57.576 1781-1781/? D/SecVolumeStore:   * New State : [STATE_NONE]
2022-04-07 10:25:57.576 1781-1781/? D/SecVolumeStore: dispatch Action : [ACTION_PLAY_BACK_CONFIG_CHANGED]
2022-04-07 10:25:57.576 1781-1781/? D/SecVolumeStore:   * State : [STATE_NONE]
2022-04-07 10:25:57.576 1781-1781/? D/SecVolumeStore:   * New State : [STATE_NONE]
2022-04-07 10:25:57.576 1781-1781/? D/SecVolumeStore: dispatch Action : [ACTION_PLAY_BACK_CONFIG_CHANGED]
2022-04-07 10:25:57.576 1781-1781/? D/SecVolumeStore:   * State : [STATE_NONE]
2022-04-07 10:25:57.576 1781-1781/? D/SecVolumeStore:   * New State : [STATE_NONE]
2022-04-07 10:25:57.576 1336-1336/? D/MediaSessionStack: updateMediaButtonSessionIfNeeded, callers=com.android.server.media.MediaSessionService.lambda$onStart$0:212 com.android.server.media.-$$Lambda$MediaSessionService$za_9dlUSlnaiZw6eCdPVEZq0XLw.onAudioPlayerActiveStateChanged:2 
2022-04-07 10:25:57.576 949-8125/? I/NuPlayerRenderer: onResume
2022-04-07 10:25:57.576 949-8125/? D/AudioTrack: setVolume(0.500000, 0.500000) pid : 7660
2022-04-07 10:25:57.577 949-8201/? I/NuPlayerRenderer: flushing audio
2022-04-07 10:25:57.577 949-8201/? I/NuPlayerRenderer: onFlush mAudioDrainGeneration : 2
2022-04-07 10:25:57.577 820-12893/? I/AudioFlinger: setMixerOutConfig expectKey 202
2022-04-07 10:25:57.577 820-12893/? I/AudioFlinger: setMixerOutConfig select, mixer out f 5, s 48000, thread out f 4, s 48000
2022-04-07 10:25:57.577 820-12893/? I/AudioEffectStage: getStageIndex media_output_sub1_float48
2022-04-07 10:25:57.577 820-12893/? I/AudioFlinger: addStageIndex new -2914, st 3, format 5, sample 48000, flags 0
2022-04-07 10:25:57.577 949-8203/? I/ACodec: [OMX.google.vorbis.decoder] Now Flushing
2022-04-07 10:25:57.577 3499-3519/? D/SAContentProvider: Player/Screen Callback
2022-04-07 10:25:57.577 583-583/? W/hwservicemanager: getTransport: Cannot find entry vendor.samsung.hardware.radio.channel@1.0::ISecChannel/imsd in either framework or device manifest.
2022-04-07 10:25:57.577 949-8203/? I/ACodec: [OMX.google.vorbis.decoder] FlushingState onOMXEvent(0,1,0)
2022-04-07 10:25:57.577 949-8203/? I/ACodec: [OMX.google.vorbis.decoder] FlushingState onOMXEvent(0,1,1)
2022-04-07 10:25:57.577 949-8203/? I/ACodec: [OMX.google.vorbis.decoder] Now Executing
2022-04-07 10:25:57.578 3499-3499/? D/BixbyApplication: registerAudioPlaybackCallback : onPlaybackConfigChanged : pid : 1336,  uid : 1000
2022-04-07 10:25:57.578 949-7789/? I/MediaClock: getMediaTime_l - mAnchorTimeRealUs is '-1'
2022-04-07 10:25:57.578 949-7789/? D/NuPlayerDriver: notifyListener_l(0xeb8436c0), (4, 0, 0, -1), loop setting(0, 0)
2022-04-07 10:25:57.579 3499-3499/? D/BixbyApplication: registerAudioPlaybackCallback : onPlaybackConfigChanged : pid : 7372,  uid : 10038
2022-04-07 10:25:57.580 949-8202/? I/NuPlayerDecoder: onResume() notifyComplete : 0
2022-04-07 10:25:57.580 767-767/? W/AshmemAllocator: ashmem_create_region(7680) returning hidl_memory(0x7dd682c100, 7680)
2022-04-07 10:25:57.580 949-8202/? I/NuPlayerDecoder: [OMX.google.vorbis.decoder] resubmitting CSD
2022-04-07 10:25:57.581 949-8203/? I/ACodec: [OMX.google.vorbis.decoder] calling emptyBuffer 1 w/ codec specific data, size : 30
2022-04-07 10:25:57.581 949-8202/? I/NuPlayerDecoder: [OMX.google.vorbis.decoder] resubmitting CSD
2022-04-07 10:25:57.582 1781-1781/? D/SecVolumeStore: dispatch Action : [ACTION_PLAY_BACK_CONFIG_CHANGED]
2022-04-07 10:25:57.582 1781-1781/? D/SecVolumeStore:   * State : [STATE_NONE]
2022-04-07 10:25:57.582 1781-1781/? D/AppVolumeController: onPlaybackConfigChanged add 10877
2022-04-07 10:25:57.582 1781-1781/? D/SecVolumeStore:   * New State : [STATE_NONE]
2022-04-07 10:25:57.582 1781-1781/? D/SecVolumeStore: dispatch Action : [ACTION_PLAY_BACK_CONFIG_CHANGED]
2022-04-07 10:25:57.582 1781-1781/? D/SecVolumeStore:   * State : [STATE_NONE]
2022-04-07 10:25:57.582 1781-1781/? D/AppVolumeController: onPlaybackConfigChanged add 10877
2022-04-07 10:25:57.582 1781-1781/? D/SecVolumeStore:   * New State : [STATE_NONE]
2022-04-07 10:25:57.582 1781-1781/? D/SecVolumeStore: dispatch Action : [ACTION_PLAY_BACK_CONFIG_CHANGED]
2022-04-07 10:25:57.582 1781-1781/? D/SecVolumeStore:   * State : [STATE_NONE]
2022-04-07 10:25:57.582 949-8203/? I/ACodec: [OMX.google.vorbis.decoder] calling emptyBuffer 2 w/ codec specific data, size : 4225
2022-04-07 10:25:57.582 1781-1781/? D/AppVolumeController: onPlaybackConfigChanged add 10877
2022-04-07 10:25:57.582 1781-1781/? D/SecVolumeStore:   * New State : [STATE_NONE]
2022-04-07 10:25:57.582 1781-1781/? D/SecVolumeStore: dispatch Action : [ACTION_PLAY_BACK_CONFIG_CHANGED]
2022-04-07 10:25:57.582 1781-1781/? D/SecVolumeStore:   * State : [STATE_NONE]
2022-04-07 10:25:57.582 1781-1781/? D/AppVolumeController: onPlaybackConfigChanged add 10877
2022-04-07 10:25:57.582 1781-1781/? D/SecVolumeStore:   * New State : [STATE_NONE]
2022-04-07 10:25:57.582 1781-1781/? D/SecVolumeStore: dispatch Action : [ACTION_PLAY_BACK_CONFIG_CHANGED]
2022-04-07 10:25:57.582 1781-1781/? D/SecVolumeStore:   * State : [STATE_NONE]
2022-04-07 10:25:57.582 1781-1781/? D/AppVolumeController: onPlaybackConfigChanged add 10877
2022-04-07 10:25:57.582 1781-1781/? D/SecVolumeStore:   * New State : [STATE_NONE]
2022-04-07 10:25:57.582 1781-1781/? D/SecVolumeStore: dispatch Action : [ACTION_PLAY_BACK_CONFIG_CHANGED]
2022-04-07 10:25:57.582 1781-1781/? D/SecVolumeStore:   * State : [STATE_NONE]
2022-04-07 10:25:57.582 1781-1781/? D/AppVolumeController: onPlaybackConfigChanged add 10877
2022-04-07 10:25:57.582 1781-1781/? D/SecVolumeStore:   * New State : [STATE_NONE]
2022-04-07 10:25:57.582 1781-1781/? D/SecVolumeStore: dispatch Action : [ACTION_PLAY_BACK_CONFIG_CHANGED]
2022-04-07 10:25:57.582 1781-1781/? D/SecVolumeStore:   * State : [STATE_NONE]
2022-04-07 10:25:57.582 1781-1781/? D/AppVolumeController: onPlaybackConfigChanged add 10877
2022-04-07 10:25:57.582 1781-1781/? D/SecVolumeStore:   * New State : [STATE_NONE]
2022-04-07 10:25:57.582 966-8205/? W/SoftVorbis: vorbis_dsp_synthesis returned -135
2022-04-07 10:25:57.582 966-8205/? W/SoftVorbis: vorbis_dsp_synthesis returned -135
2022-04-07 10:25:57.583 3499-3499/? D/BixbyApplication: registerAudioPlaybackCallback : onPlaybackConfigChanged : packageName = com.samsung.android.game.gametools,  mIsRunningGameWhiteList = false
2022-04-07 10:25:57.583 3499-3499/? D/BixbyApplication: registerAudioPlaybackCallback : onPlaybackConfigChanged : pid : 7660,  uid : 10877
2022-04-07 10:25:57.583 767-767/? W/AshmemAllocator: ashmem_create_region(7680) returning hidl_memory(0x7dd682c100, 7680)
2022-04-07 10:25:57.583 3499-3499/? D/BixbyApplication: registerAudioPlaybackCallback : onPlaybackConfigChanged : packageName = com.veraxen.blockblast,  mIsRunningGameWhiteList = false
2022-04-07 10:25:57.584 3499-3499/? D/BixbyApplication: registerAudioPlaybackCallback : onPlaybackConfigChanged : pid : 1781,  uid : 10020
2022-04-07 10:25:57.584 3499-3499/? D/BixbyApplication: registerAudioPlaybackCallback : onPlaybackConfigChanged : pid : 19225,  uid : 10057
2022-04-07 10:25:57.585 3499-3499/? D/BixbyApplication: registerAudioPlaybackCallback : onPlaybackConfigChanged : packageName = com.android.vending,  mIsRunningGameWhiteList = false
2022-04-07 10:25:57.585 3499-3499/? D/BixbyApplication: registerAudioPlaybackCallback : onPlaybackConfigChanged : pid : 7660,  uid : 10877
2022-04-07 10:25:57.586 767-767/? W/AshmemAllocator: ashmem_create_region(7680) returning hidl_memory(0x7dd682c100, 7680)
2022-04-07 10:25:57.586 3499-3499/? D/BixbyApplication: registerAudioPlaybackCallback : onPlaybackConfigChanged : packageName = com.veraxen.blockblast,  mIsRunningGameWhiteList = false
2022-04-07 10:25:57.586 820-12893/? I/AudioEffectStage: getSinkBuffer media_output_sub1_float48
2022-04-07 10:25:57.587 3499-3499/? D/BixbyApplication: registerAudioPlaybackCallback : onPlaybackConfigChanged : pid : 1336,  uid : 1000
2022-04-07 10:25:57.588 767-767/? W/AshmemAllocator: ashmem_create_region(7680) returning hidl_memory(0x7dd682c100, 7680)
2022-04-07 10:25:57.589 765-765/? D/MySpaceEffect: MySpace EffectCreate start - session 14169
2022-04-07 10:25:57.589 765-765/? D/MySpaceEffect: MS EffectCreate - Allocating SessionNo 0 for SessionId 14169
2022-04-07 10:25:57.589 765-765/? D/MySpaceEffect: MS EffectCreate - This is the first effect in current sessionId 14169 sessionNo 0
2022-04-07 10:25:57.589 765-765/? D/MySpaceEffect: MySpaceEffect::MySpaceEffect ctor
2022-04-07 10:25:57.589 765-765/? D/AudioSAEffectOffload: EffectCreate reuse gContext: gOffloadEffectContext :0xf4134280 effect_type:5
2022-04-07 10:25:57.589 765-765/? D/MySpace: MySpace::Init, mSampleRate = 48000
2022-04-07 10:25:57.589 765-765/? I/MySpace: SoundAlive_3DPosisiton_Factory Create
2022-04-07 10:25:57.590 765-765/? D/MySpace: MySpace Initialize mPreset = 0
2022-04-07 10:25:57.590 765-1570/? D/MySpace: MySpace::Init, mSampleRate = 48000
2022-04-07 10:25:57.590 765-1570/? D/MySpace: MySpace Initialize mPreset = 0
2022-04-07 10:25:57.590 765-1570/? I/MySpace: MySpace setDevice 2, 0
2022-04-07 10:25:57.590 3499-3499/? D/BixbyApplication: registerAudioPlaybackCallback : onPlaybackConfigChanged : pid : 19940,  uid : 10174
2022-04-07 10:25:57.590 820-12893/? E/AudioFlinger: AudioFlinger_APM : (AudioFlinger::createEffect) persist.app.permission.monitor is false
2022-04-07 10:25:57.591 820-12893/? D/APM::MultiSoundManager: getDevice, uid = 10877, device = 0
2022-04-07 10:25:57.591 820-12893/? D/APM_AudioPolicyManager: newDevice=0
2022-04-07 10:25:57.591 820-12893/? I/AudioEffectStage: getStageIndex media_output_sub1_float48
2022-04-07 10:25:57.591 820-12893/? I/AudioEffectStage: getSinkBuffer media_output_sub1_float48
2022-04-07 10:25:57.591 820-12893/? I/AudioFlinger: alignTrackBufferWithEffect channelMask 3 to 3, sessionId 14169, prev key 2002, new key 2002, prev buf size 0, new buf size 7680
2022-04-07 10:25:57.592 7660-7774/? D/AudioTrack: setVolume(0.000000, 0.000000) pid : 7660
2022-04-07 10:25:57.593 767-767/? W/AshmemAllocator: ashmem_create_region(7680) returning hidl_memory(0x7dd682c100, 7680)
2022-04-07 10:25:57.595 949-8125/? I/NuPlayerRenderer: onResume() send kWhatPollingAudioStarted audio_out : 0
2022-04-07 10:25:57.596 3499-3499/? D/BixbyApplication: registerAudioPlaybackCallback : onPlaybackConfigChanged : packageName = com.sec.android.inputmethod,  mIsRunningGameWhiteList = false
2022-04-07 10:25:57.596 3499-3499/? D/BixbyApplication: registerAudioPlaybackCallback : onPlaybackConfigChanged : pid : 1781,  uid : 10020
2022-04-07 10:25:57.596 3499-3499/? D/BixbyApplication: registerAudioPlaybackCallback : onPlaybackConfigChanged : pid : 7660,  uid : 10877
2022-04-07 10:25:57.596 3499-3499/? D/BixbyApplication: registerAudioPlaybackCallback : onPlaybackConfigChanged : packageName = com.veraxen.blockblast,  mIsRunningGameWhiteList = false
2022-04-07 10:25:57.596 3499-3499/? D/BixbyApplication: registerAudioPlaybackCallback : onPlaybackConfigChanged : pid : 1336,  uid : 1000
2022-04-07 10:25:57.597 3499-3499/? D/BixbyApplication: registerAudioPlaybackCallback : onPlaybackConfigChanged : pid : 7660,  uid : 10877
2022-04-07 10:25:57.597 3499-3499/? D/BixbyApplication: registerAudioPlaybackCallback : onPlaybackConfigChanged : packageName = com.veraxen.blockblast,  mIsRunningGameWhiteList = false
2022-04-07 10:25:57.597 3499-3499/? D/BixbyApplication: registerAudioPlaybackCallback : onPlaybackConfigChanged : callback....
2022-04-07 10:25:57.597 3499-3499/? D/BixbyApplication: registerAudioPlaybackCallback : onPlaybackConfigChanged : pid : 1781,  uid : 10020
2022-04-07 10:25:57.597 3499-3499/? D/BixbyApplication: registerAudioPlaybackCallback : onPlaybackConfigChanged : pid : 1336,  uid : 1000
2022-04-07 10:25:57.598 3499-3499/? D/BixbyApplication: registerAudioPlaybackCallback : onPlaybackConfigChanged : pid : 7372,  uid : 10038
2022-04-07 10:25:57.598 3499-3499/? D/BixbyApplication: registerAudioPlaybackCallback : onPlaybackConfigChanged : packageName = com.samsung.android.game.gametools,  mIsRunningGameWhiteList = false
2022-04-07 10:25:57.599 3499-3499/? D/BixbyApplication: registerAudioPlaybackCallback : onPlaybackConfigChanged : pid : 7660,  uid : 10877
2022-04-07 10:25:57.600 3499-3499/? D/BixbyApplication: registerAudioPlaybackCallback : onPlaybackConfigChanged : packageName = com.veraxen.blockblast,  mIsRunningGameWhiteList = false
2022-04-07 10:25:57.600 3499-3499/? D/BixbyApplication: registerAudioPlaybackCallback : onPlaybackConfigChanged : pid : 1781,  uid : 10020
2022-04-07 10:25:57.601 3499-3499/? D/BixbyApplication: registerAudioPlaybackCallback : onPlaybackConfigChanged : pid : 19225,  uid : 10057
2022-04-07 10:25:57.601 3499-3499/? D/BixbyApplication: registerAudioPlaybackCallback : onPlaybackConfigChanged : packageName = com.android.vending,  mIsRunningGameWhiteList = false
2022-04-07 10:25:57.601 3499-3499/? D/BixbyApplication: registerAudioPlaybackCallback : onPlaybackConfigChanged : pid : 7660,  uid : 10877
2022-04-07 10:25:57.602 3499-3499/? D/BixbyApplication: registerAudioPlaybackCallback : onPlaybackConfigChanged : packageName = com.veraxen.blockblast,  mIsRunningGameWhiteList = false
2022-04-07 10:25:57.602 3499-3499/? D/BixbyApplication: registerAudioPlaybackCallback : onPlaybackConfigChanged : pid : 1336,  uid : 1000
2022-04-07 10:25:57.602 3499-3499/? D/BixbyApplication: registerAudioPlaybackCallback : onPlaybackConfigChanged : pid : 19940,  uid : 10174
2022-04-07 10:25:57.603 3499-3499/? D/BixbyApplication: registerAudioPlaybackCallback : onPlaybackConfigChanged : packageName = com.sec.android.inputmethod,  mIsRunningGameWhiteList = false
2022-04-07 10:25:57.603 3499-3499/? D/BixbyApplication: registerAudioPlaybackCallback : onPlaybackConfigChanged : pid : 1781,  uid : 10020
2022-04-07 10:25:57.603 3499-3499/? D/BixbyApplication: registerAudioPlaybackCallback : onPlaybackConfigChanged : pid : 7660,  uid : 10877
2022-04-07 10:25:57.603 3499-3499/? D/BixbyApplication: registerAudioPlaybackCallback : onPlaybackConfigChanged : packageName = com.veraxen.blockblast,  mIsRunningGameWhiteList = false
2022-04-07 10:25:57.603 3499-3499/? D/BixbyApplication: registerAudioPlaybackCallback : onPlaybackConfigChanged : pid : 1336,  uid : 1000
2022-04-07 10:25:57.604 3499-3499/? D/BixbyApplication: registerAudioPlaybackCallback : onPlaybackConfigChanged : pid : 7660,  uid : 10877
2022-04-07 10:25:57.604 3499-3499/? D/BixbyApplication: registerAudioPlaybackCallback : onPlaybackConfigChanged : packageName = com.veraxen.blockblast,  mIsRunningGameWhiteList = false
2022-04-07 10:25:57.644 820-1574/? I/SoundBoosterEffectMultiCh: SB_setVolume(0xf027f400)
2022-04-07 10:25:57.645 820-1574/? I/SoundBoosterEffectMultiCh: command EFFECT_CMD_SET_VOLUME left = 0.194984, right =0.194985
2022-04-07 10:25:57.654 949-8201/? I/NuPlayerRenderer: kWhatDrainAudioQueue generation is not matched generation : 0, mAudioDrainGeneration : 2
2022-04-07 10:25:57.762 1336-7175/? D/GameManagerService: respondWithJson. command: get_network_stats
    jsonParam : {"package_uid":10877}
    response : {"network_stats_up":11797767,"network_stats_down":66852004}
2022-04-07 10:25:57.777 949-8201/? I/NuPlayerRenderer: setAudioFirstAnchorTime mAudioFirstAnchorTimeMediaUs : -1, new mediaTimeUs : 12000
2022-04-07 10:25:57.778 949-8201/? I/MediaClock: getMediaTime_l - mAnchorTimeRealUs is '-1'
2022-04-07 10:25:57.778 949-8201/? I/chatty: uid=1013(media) NuPlayerRendere identical 3 lines
2022-04-07 10:25:57.779 949-8201/? I/MediaClock: getMediaTime_l - mAnchorTimeRealUs is '-1'
2022-04-07 10:25:57.780 820-1016/? I/AudioEffectStage: getSinkBuffer media_output_sub1_float48
2022-04-07 10:25:57.780 765-765/? W/MySpaceEffect: MySpaceEffect_setEnabled() MySpace is already disabled
2022-04-07 10:25:57.780 765-765/? D/MySpaceEffect: EffectRelease : All effects are no longer instantiated
2022-04-07 10:25:57.780 765-765/? D/MySpace: MySpace::Close 
2022-04-07 10:25:57.780 765-765/? D/MySpaceEffect: MySpaceEffect::~MySpaceEffect 
2022-04-07 10:25:57.781 949-8201/? I/MediaClock: getMediaTime_l - mAnchorTimeRealUs is '-1'
2022-04-07 10:25:57.781 765-765/? D/MySpace: MySpace::~MySpace() -
2022-04-07 10:25:57.781 949-8201/? I/MediaClock: getMediaTime_l - mAnchorTimeRealUs is '-1'
2022-04-07 10:25:57.781 949-8201/? I/MediaClock: getMediaTime_l - mAnchorTimeRealUs is '-1'
2022-04-07 10:25:57.784 949-8125/? I/NuPlayerRenderer: kWhatPollingAudioStarted clock running played_out : 11199 us, audio_out : 0 us, gap : 11199 us
2022-04-07 10:25:57.784 949-8125/? I/NuPlayerRenderer: kWhatPollingAudioStarted update nowMediaUs : 24532 us
2022-04-07 10:25:57.785 949-7781/? D/NuPlayerDriver: notifyListener_l(0xeb843240), (211, 0, 0, 20), loop setting(0, 0)
2022-04-07 10:25:57.785 949-8125/? I/MediaClock: setPlaybackRate rate : 1.000000
2022-04-07 10:25:57.785 949-7781/? D/NuPlayerDriver: notifyListener_l(0xeb843240), (211, 0, 0, 20), loop setting(0, 0)
2022-04-07 10:25:57.785 949-8125/? I/MediaClock: setSpeedAjust mSASpeed (0), mMinClockModificationTimeUs (80000)
2022-04-07 10:25:57.786 949-8201/? I/MediaClock: getMediaTime_l - mAnchorTimeRealUs is '-1'
2022-04-07 10:25:57.798 949-8201/? I/chatty: uid=1013(media) NuPlayerRendere identical 18 lines
2022-04-07 10:25:57.798 949-8201/? I/MediaClock: getMediaTime_l - mAnchorTimeRealUs is '-1'
2022-04-07 10:25:57.846 949-7781/? D/NuPlayerDriver: notifyListener_l(0xeb843240), (6, 0, 0, -1), loop setting(0, 0)
2022-04-07 10:25:57.879 7660-7660/? D/SurfaceView: onWindowVisibilityChanged(8) false com.badlogic.gdx.backends.android.surfaceview.GLSurfaceView20Veraxen{816c062 VFE...... ......ID 0,0-1200,1920} of ViewRootImpl@501e73b[MainActivity]
2022-04-07 10:25:57.879 7660-7660/? D/SurfaceView: hide() Surface(name=SurfaceView - com.veraxen.blockblast/com.veraxen.blockblast.presentation.main_activity.MainActivity@816c062@0[7660])/@0xe19f5f3 false true com.badlogic.gdx.backends.android.surfaceview.GLSurfaceView20Veraxen{816c062 VFE...... ......ID 0,0-1200,1920}
2022-04-07 10:25:57.880 7660-7660/? D/SurfaceView: surfaceDestroyed callback.size 1 #2 com.badlogic.gdx.backends.android.surfaceview.GLSurfaceView20Veraxen{816c062 VFE...... ......ID 0,0-1200,1920}
2022-04-07 10:25:57.880 7660-7660/? I/AndroidGraphics: Managed meshes/app: { }
2022-04-07 10:25:57.880 7660-7660/? I/AndroidGraphics: Managed textures/app: { }
2022-04-07 10:25:57.880 7660-7660/? I/AndroidGraphics: Managed cubemap/app: { }
2022-04-07 10:25:57.880 7660-7660/? I/AndroidGraphics: Managed shaders/app: { }
2022-04-07 10:25:57.880 7660-7660/? I/AndroidGraphics: Managed buffers/app: { }
2022-04-07 10:25:57.880 823-884/? I/SurfaceFlinger: id=10548 Removed SurfaceView - com.veraxen.blockblast/com.veraxen.blockblast.presentation.main_activity.MainActivity@816c062@0[7660]#0 (1/73)
2022-04-07 10:25:57.881 7660-7660/? D/SurfaceView: destroy() Surface(name=SurfaceView - com.veraxen.blockblast/com.veraxen.blockblast.presentation.main_activity.MainActivity@816c062@0[7660])/@0xe19f5f3 com.badlogic.gdx.backends.android.surfaceview.GLSurfaceView20Veraxen{816c062 VFE...... ......ID 0,0-1200,1920}
2022-04-07 10:25:57.881 823-1513/? I/SurfaceFlinger: id=10549 Removed Background for -SurfaceView - com.veraxen.blockblast/com.veraxen.blockblast.presentation.main_activity.MainActivity@816c062@0[7660]#0 (0/72)
2022-04-07 10:25:57.893 7660-7660/? I/020394.830/main:: [BaseController: onDestroy com.veraxen.blocks.blocks_game.BlocksGameController@64565de]
2022-04-07 10:25:57.893 7660-7660/? E/020395.176/main:: [SCOPE CLOSED: BLOCKS_GAME_105211358]
2022-04-07 10:25:57.894 7660-7660/? I/020395.812/main:: [BaseViewModel: onCleared(): com.veraxen.blocks.blocks_game.BlocksGameControllerViewModel@ea3c95e]
2022-04-07 10:25:57.895 823-823/? I/Layer: id=10548 onRemoved SurfaceView - com.veraxen.blockblast/com.veraxen.blockblast.presentation.main_activity.MainActivity@816c062@0[7660]#0 
2022-04-07 10:25:57.896 823-823/? I/Layer: id=10549 onRemoved Background for -SurfaceView - com.veraxen.blockblast/com.veraxen.blockblast.presentation.main_activity.MainActivity@816c062@0[7660]#0 
2022-04-07 10:25:57.898 823-823/? W/SurfaceFlinger: couldn't log to binary event log: overflow.
2022-04-07 10:25:57.899 7660-7660/? W/020401.256/main: ADS3: [[AD BANNER CONTAINER] - onViewDetachedFromWindow, this = ro7@5a83a0c]
2022-04-07 10:25:57.901 7660-7660/? I/020402.586/main:: [BaseController: onDestroy com.veraxen.blockblast.presentation.blocks_game_scene.BlocksGameSceneController@9b2dda4]
2022-04-07 10:25:57.901 7660-7660/? E/020402.875/main:: [SCOPE CLOSED: BLOCKS_GAME_SCENE_162717092]
2022-04-07 10:25:57.903 823-823/? I/SurfaceFlinger: Display 0 HWC layers:
        type    |    handle    | flag |  format   |   source crop (l,t,r,b)    |         frame       | name 
    ------------+--------------+------+-----------+----------------------------+---------------------+------
         Device | 0x7225e3aa20 | 0000 | RGBA_8888 |   0.0    0.0 1920.0 1200.0 |    0    0 2560 1600 | com.veraxen.blockblast/com.veraxen.b[...]n.main_activity.MainActivity[7660]#0
         Device | 0x722582d310 | 0000 | RGBA_8888 |   0.0    0.0  108.0  108.0 |  675    0  783  108 | [23908]#0
         Device | 0x7225e397c0 | 0000 | RGBA_8888 |   0.0    0.0  108.0 1600.0 | 2452    0 2560 1600 | NavigationBar[1781]#0
         Device | 0x7225e39830 | 0000 | RGBA_8888 |   0.0    0.0 2452.0   45.0 |    0    0 2452   45 | MultiWindowGestureDetector[1781]#0
         Device | 0x722582daf0 | 0000 | RGBA_8888 |   0.0   59.0  182.0  182.0 | 1635    0 1817  123 | AirCommand(sub)[2776]#0
         Device | 0x722582d070 | 0000 | RGBA_8888 |   0.0    0.0   23.0 1600.0 |    0    0   23 1600 | ScreenDecorOverlay[1781]#0
     
2022-04-07 10:25:57.903 823-823/? I/SurfaceFlinger:     Device | 0x7225e39360 | 0000 | RGBA_8888 |   0.0    0.0   23.0 1600.0 | 2537    0 2560 1600 | ScreenDecorOverlayBottom[1781]#0
2022-04-07 10:25:57.904 7660-7660/? I/020405.589/main:: [BaseViewModel: onCleared(): com.veraxen.blockblast.presentation.blocks_game_scene.BlocksGameSceneControllerViewModel@26c61d3]
2022-04-07 10:25:57.907 7660-7660/? I/020409.043/main:: [BaseController: onDestroy com.veraxen.blockblast.presentation.game_quit_popup.GameQuitPopupController@ddfc9b4]
2022-04-07 10:25:57.908 7660-7660/? E/020409.735/main:: [SCOPE CLOSED: BLOCKS_GAME_QUIT_POPUP_232769972]
2022-04-07 10:25:57.909 7660-7660/? I/020410.795/main:: [BaseViewModel: onCleared(): com.veraxen.blockblast.presentation.game_quit_popup.GameQuitPopupControllerViewModel@31b51a]
2022-04-07 10:25:57.910 7660-7660/? I/020412.436/main:: [BaseController: onDestroy com.veraxen.blockblast.presentation.blocks_game_scene_container.BlocksGameSceneContainerController@60b59e]
2022-04-07 10:25:57.911 7660-7660/? E/020412.768/main:: [SCOPE CLOSED: BLOCKS_GAME_SCENE_CONTAINER_6337950]
2022-04-07 10:25:57.913 7660-7660/? I/020414.450/main:: [BaseViewModel: onCleared(): com.veraxen.blockblast.presentation.blocks_game_scene_container.BlocksGameSceneContainerControllerViewModel@ce165c3]
2022-04-07 10:25:58.034 1336-7175/? D/GameManagerService: respondWithJson. command: get_sysfs_data
    jsonParam : {"0":"\/proc\/7660\/stat"}
    response : {"0":"7660 (axen.blockblast) S 710 710 0 0 -1 1077952832 255986 856 50 0 1331 401 1 0 10 -10 222 0 127758965 22766804992 104465 18446744073709551615 386650742784 386650822316 549272885632 0 0 0 4612 1 1073775868 0 0 0 17 6 0 0 0 0 0 386650933648 386650939521 387405410304 549272889257 549272889356 549272889356 549272891358 0\n"}
2022-04-07 10:25:58.036 1336-7175/? D/GameManagerService: respondWithJson. command: get_sysfs_data
    jsonParam : {"0":"\/proc\/stat"}
    response : {"0":"cpu  6605093 1189355 4858291 75362208 99206 695098 263183 0 0 0\ncpu0 1377438 230986 1165745 7656392 17383 409625 149765 0 0 0\ncpu1 1472180 244335 1103215 8053211 15796 92647 32080 0 0 0\ncpu2 1480949 248777 1094391 8043683 15632 89647 32642 0 0 0\ncpu3 755237 52890 794864 9194213 7275 60982 33606 0 0 0\ncpu4 407484 99409 185481 10569718 11970 11514 4319 0 0 0\ncpu5 477600 100551 210667 10467294 12267 12747 4649 0 0 0\ncpu6 488988 103359 220439 10439613 13411 12810 4743 0 0 0\ncpu7 145214 109045 83486 10938079 5470 5123 1376 0 0 0\nintr 470052359 0 0 0 0 55172642 0 5157024 0 8479312 0 0 0 0 178 195 0 138 0 2 73 1014 0 2 0 2 154 0 0 96 344 0 0 1066952 866194 0 129752 0 0 0 0 0 2 0 0 0 0 0 0 0 8628683 197724 65908 16079103 263157 61 1 27366 0 0 0 0 0 0 0 6 6 11 11 0 5 0 0 0 0 0 0 0 0 0 0 0 0 17 0 0 0 0 0 0 0 0 0 0 0 0 982695 0 5 0 0 0 0 0 0 0 0 0 16 125 24 1046546 2535683 165364 0 0 0 0 0 491459 513545 0 0 0 0 0 0 0 0 0 15 0 0 0 0 0 0 0 3 0 0 0 0 0 0 0 0 0 0 0 0 0 0 0 0 0 0 0 10 0 0 0 1701 0 0 0 0 0 0 0 0 0 0 0 1 0 0 0 0 0 0 0 0 0 0 0 0 0 0 0 0 0 0 0 0 0 9 0 0 0 0 0 315631 0 0 0 674 0 616 0 0 0 0 0 0 0 0 0 0 0 0 0 0 0 0 0 0 0 0 0 0 0 0 0 0 0 0 0 0 0 0 0 1199 0 35 0 0 0 0 0 0 0 0 0 0 0 0 0 0 0 0 0 0 0 0 0 0 0 0 0 0 0 0 0 0 0 0 0 0 0 0 0 0 0 0 0 0 0 0 0 0 0 0 0 0 0 0 0 0 0 0 0 0 0 0 0 0 0 0 0 0 0 0 0 0 0 0 0 0 0 0 0 0 0 0 0 0 0 0 0 0 0 0 0 0 0 0 0 0 0 0 0 0 6 4 273 4 0 0 0 0 0 0 0 0 0 0 0 0 0 0 0 0 0 0 0 0 0 0 0 0 0 0 0 0 0 0 0 0 0 0 0 0 0 0 0 0 0 0 0 0 0 0 0 0 0 0 0 0 0 0 0 0 0 0 0 0 0 0 0 0 0 0 0 0 0 0 0 0 0 0 0 0 0 0 0 0 0 0 297820 3177122 0 1360 6 68601 0 0 166 4632110 654 827 0 7 0 0 0 52919 0 11 0 0 3647314 0 0 0 0 0 0 0 0 0 0 0 0 0 2753 1 0 1 0 0 1 0 1 0 1 0 1 0 1 0 1 0 1 64 0 130 54 0 0 0 0 0 0 0 0 0 102141 0 0 0 0 169 0 0 0 0 0 0 0 67 570947 0 0 0 0 0 0 0 3 0 0 0 3 1433679 0 5667 9 0 0 0 0 0 0 0 0 0 0 0 0 0 0 0 0 0 0 0 0 0 0 0 0 0 0 0 0 0 0 0 0 0 0 0 0 0 0 61095 0 61 32629 7566499 9580 3896574 0 0 25730\nctxt 635360874\nbtime 1648035147\nprocesses 342261\nprocs_running 2\nprocs_blocked 0\nsoftirq 90134764 99827 22504905 164228 2048437 7669281 0 19223753 20271734 0 18152599\n"}
2022-04-07 10:25:58.079 820-12893/? D/APM_AudioPolicyManager: getDevicesForStream, streamType=3
2022-04-07 10:25:58.080 3499-3499/? D/SoundAlivePolicyManager: Actual path retrieved: 2
2022-04-07 10:25:58.080 3499-3499/? D/SoundAlivePolicyManager: isAudioPathSpeaker() : true
2022-04-07 10:25:58.080 3499-3499/? D/SoundAlivePolicyManager: actual AudioPath : SA_PATH_SPK
2022-04-07 10:25:58.080 3499-3499/? D/SADVFSHelper: Audio route update attempt
2022-04-07 10:25:58.080 3499-3499/? W/SemDesktopModeManager: Desktop Mode feature not available or SemDesktopModeManager not instantiated. Please check Configuration.semDesktopModeEnabled instead.
2022-04-07 10:25:58.080 8233-8233/? E/CASS: Failed to connect(4)
2022-04-07 10:25:58.081 8233-8233/? E/CASS: Failed to connect ril daemon(2). Retry cnt(14)
2022-04-07 10:25:58.081 3499-3499/? D/SoundAlivePolicyManager: isGobalEffectSupportCurrentAudioPath, currentDeviceType : 2
2022-04-07 10:25:58.082 3499-3499/? D/SAPathManager: Effect 0 not supported on current path
2022-04-07 10:25:58.082 3499-3499/? D/BixbyApplication: registerAudioPlaybackCallback : isRunningGameWhiteList : false
2022-04-07 10:25:58.082 3499-3499/? D/SADVFSHelper: Either heavy-duty effect is Off or Music playback is not active
2022-04-07 10:25:58.208 779-3769/? I/sensors-hal: handle_sns_std_sensor_event:92, [SSC_LIGHT] ambient_light lux: 13, ts=1277610568271405
2022-04-07 10:25:58.318 1781-1781/? D/NetworkController: updateCarrierText : zte20
2022-04-07 10:25:58.319 1781-1781/? D/KeyguardUpdateMonitor: updateCarrierTextInfo
2022-04-07 10:25:58.319 1781-1781/? D/SecStatusBarWifiView: updateState: WifiIconState(resId=2131232730, visible=true, activityId=2131232755)
2022-04-07 10:25:58.320 1781-1781/? D/SecStatusBarWifiView: updateState: WifiIconState(resId=2131232730, visible=true, activityId=2131232755)
2022-04-07 10:25:58.325 1781-1781/? D/KeyguardClockPage: isNetworkRoamingState id=-2
2022-04-07 10:25:58.325 1781-1781/? D/KeyguardClockPage: isNetworkRoamingState false
2022-04-07 10:25:58.325 1781-1781/? D/KeyguardClockPage: onRefreshCarrierInfo(pre, now): false, false
2022-04-07 10:25:58.325 1781-1781/? D/CarrierText: updateCarrierText(): 0
2022-04-07 10:25:58.327 1781-1781/? D/CarrierText: Getting plmn/spn/subId sticky brdcst  plmn : No network connection, spn : , subId :-2
2022-04-07 10:25:58.328 1781-1781/? D/CarrierText: plmn Of NetworkController Impl : zte20
2022-04-07 10:25:58.328 1781-1781/? D/CarrierText: BLOCK_CARRIER_TEXT_WHEN_SIM_NOT_READY or KOR_USIM_TEXT
2022-04-07 10:25:58.329 1781-1781/? D/CarrierText: setText : 
2022-04-07 10:25:58.380 1336-1459/? D/SensorService: [SO] currT = 1277610645073645, prevT = 1277609833996822, diff = 811076823, [0.096 0.302 9.744]
2022-04-07 10:25:58.401 1336-1512/? D/InputReader: Input event(9): value=1 when=113374.439312
2022-04-07 10:25:58.401 1336-1512/? D/InputReader: Input event(9): value=1 when=113374.439312
2022-04-07 10:25:58.402 1336-1512/? I/InputReader: Touch event's action is 0x0 (deviceType=0) [pCnt=1, s=0.8835 ] when=113374.439312
2022-04-07 10:25:58.402 1336-1511/? I/InputDispatcher: Delivering touch to (1781): action: 0x4, displayId: 0, '8301d4c', toolType: 1
2022-04-07 10:25:58.402 1336-1511/? I/InputDispatcher: Delivering touch to (7660): action: 0x0, displayId: 0, 'd10b06 ', toolType: 1
2022-04-07 10:25:58.404 7660-7660/? D/ViewRootImpl@501e73b[MainActivity]: ViewPostIme pointer 0
2022-04-07 10:25:58.408 2788-2788/? D/SDHMS:g: writeSysfs:: path = /sys/devices/system/cpu/cpu0/cpufreq/schedutil/down_rate_limit_us, value = 0
2022-04-07 10:25:58.409 2788-2788/? D/SDHMS:g: writeSysfs:: path = /sys/devices/system/cpu/cpu4/cpufreq/schedutil/down_rate_limit_us, value = 0
2022-04-07 10:25:58.409 2788-2788/? D/SDHMS:g: writeSysfs:: path = /sys/devices/system/cpu/cpu7/cpufreq/schedutil/down_rate_limit_us, value = 0
2022-04-07 10:25:58.449 1336-1512/? D/InputReader: Input event(9): value=0 when=113374.487667
2022-04-07 10:25:58.449 1336-1512/? D/InputReader: Input event(9): value=0 when=113374.487667
2022-04-07 10:25:58.449 1336-1512/? I/InputReader: Touch event's action is 0x1 (deviceType=0) [pCnt=1, s=] when=113374.487667
2022-04-07 10:25:58.449 1336-1511/? I/InputDispatcher: Delivering touch to (7660): action: 0x1, displayId: 0, 'd10b06 ', toolType: 1
2022-04-07 10:25:58.450 7660-7660/? D/ViewRootImpl@501e73b[MainActivity]: ViewPostIme pointer 1
2022-04-07 10:25:58.481 7660-7660/? D/AudioTrack: setVolume(0.500000, 0.500000) pid : 7660
2022-04-07 10:25:58.482 820-12893/? I/AudioFlinger: setMixerOutConfig return default condition, mixer key 2002, thread key 202
2022-04-07 10:25:58.482 820-12893/? W/AudioPolicyIntefaceImpl: Skipped to add effects on session 14193
2022-04-07 10:25:58.482 820-12893/? D/APM::MultiSoundManager: getDevice, uid = 10877, device = 0
2022-04-07 10:25:58.482 820-12893/? D/APM_AudioPolicyManager: newDevice=0
2022-04-07 10:25:58.482 820-1574/? I/SoundBoosterEffectMultiCh: SB_setVolume(0xf027f400)
2022-04-07 10:25:58.482 820-1574/? I/SoundBoosterEffectMultiCh: command EFFECT_CMD_SET_VOLUME left = 0.000000, right =0.000000
2022-04-07 10:25:58.483 820-1573/? I/FastMixer: handle music stream 1
2022-04-07 10:25:58.484 7660-7660/? D/020985.651/main: ScreenTracker: [onControllerOpened: MAIN, GET_COINS_POPUP]
2022-04-07 10:25:58.484 7660-7660/? E/020986.307/main:: [SCOPE CREATED: GET_COINS_POPUP_260332597]
2022-04-07 10:25:58.708 7660-7774/? D/AudioTrack: setVolume(0.000000, 0.000000) pid : 7660
2022-04-07 10:25:58.765 820-1574/? I/SoundBoosterEffectMultiCh: SB_setVolume(0xf027f400)
2022-04-07 10:25:58.765 820-1574/? I/SoundBoosterEffectMultiCh: command EFFECT_CMD_SET_VOLUME left = 0.194984, right =0.194985
2022-04-07 10:25:58.991 2292-2292/? D/io_stats: !@   8,0 r 2984798 104877408 w 4860967 78079212 d 447759 80934868 f 463414 800216 iot 2603790 2031614 th 102400 102400 66496 pt 570 inp 0 0 113375.029
2022-04-07 10:25:59.084 8233-8233/? E/CASS: Failed to connect(4)
2022-04-07 10:25:59.084 8233-8233/? E/CASS: Failed to connect ril daemon(2). Retry cnt(16)
2022-04-07 10:25:59.085 3499-3499/? W/SemDesktopModeManager: Desktop Mode feature not available or SemDesktopModeManager not instantiated. Please check Configuration.semDesktopModeEnabled instead.
2022-04-07 10:25:59.087 3499-3499/? D/SoundAlivePolicyManager: isGobalEffectSupportCurrentAudioPath, currentDeviceType : 2
2022-04-07 10:25:59.087 3499-3499/? D/SAPathManager: Effect 0 not supported on current path
2022-04-07 10:25:59.087 3499-3499/? D/BixbyApplication: registerAudioPlaybackCallback : isRunningGameWhiteList : false
2022-04-07 10:25:59.087 3499-3499/? D/SADVFSHelper: Either heavy-duty effect is Off or Music playback is not active
2022-04-07 10:25:59.130 1336-1512/? D/InputReader: Input event(9): value=1 when=113375.168496
2022-04-07 10:25:59.130 1336-1512/? D/InputReader: Input event(9): value=1 when=113375.168496
2022-04-07 10:25:59.130 1336-1512/? I/InputReader: Touch event's action is 0x0 (deviceType=0) [pCnt=1, s=0.8836 ] when=113375.168496
2022-04-07 10:25:59.131 1336-1511/? I/InputDispatcher: Delivering touch to (1781): action: 0x4, displayId: 0, '8301d4c', toolType: 1
2022-04-07 10:25:59.131 1336-1511/? I/InputDispatcher: Delivering touch to (7660): action: 0x0, displayId: 0, 'd10b06 ', toolType: 1
2022-04-07 10:25:59.132 7660-7660/? D/ViewRootImpl@501e73b[MainActivity]: ViewPostIme pointer 0
2022-04-07 10:25:59.134 2788-2788/? D/SDHMS:g: writeSysfs:: path = /sys/devices/system/cpu/cpu0/cpufreq/schedutil/down_rate_limit_us, value = 0
2022-04-07 10:25:59.134 2788-2788/? D/SDHMS:g: writeSysfs:: path = /sys/devices/system/cpu/cpu4/cpufreq/schedutil/down_rate_limit_us, value = 0
2022-04-07 10:25:59.135 2788-2788/? D/SDHMS:g: writeSysfs:: path = /sys/devices/system/cpu/cpu7/cpufreq/schedutil/down_rate_limit_us, value = 0
2022-04-07 10:25:59.176 1336-1512/? D/InputReader: Input event(9): value=0 when=113375.214542
2022-04-07 10:25:59.176 1336-1512/? D/InputReader: Input event(9): value=0 when=113375.214542
2022-04-07 10:25:59.177 1336-1512/? I/InputReader: Touch event's action is 0x1 (deviceType=0) [pCnt=1, s=] when=113375.214542
2022-04-07 10:25:59.177 1336-1511/? I/InputDispatcher: Delivering touch to (7660): action: 0x1, displayId: 0, 'd10b06 ', toolType: 1
2022-04-07 10:25:59.187 7660-7660/? D/ViewRootImpl@501e73b[MainActivity]: ViewPostIme pointer 1
2022-04-07 10:25:59.210 7660-7660/? D/AudioTrack: setVolume(0.500000, 0.500000) pid : 7660
2022-04-07 10:25:59.210 820-12893/? I/AudioFlinger: setMixerOutConfig return default condition, mixer key 2002, thread key 202
2022-04-07 10:25:59.210 820-12893/? W/AudioPolicyIntefaceImpl: Skipped to add effects on session 14193
2022-04-07 10:25:59.210 820-12893/? D/APM::MultiSoundManager: getDevice, uid = 10877, device = 0
2022-04-07 10:25:59.210 820-12893/? D/APM_AudioPolicyManager: newDevice=0
2022-04-07 10:25:59.212 7660-7660/? D/021713.646/main: ADS3: [dalvik.system.VMStack.getThreadStackTrace(...)]
2022-04-07 10:25:59.212 7660-7660/? D/021713.811/main: ANR_STATS: [rewardedVideoShow, adNetworkId: 12, reward: coins, adUnit: BB_AOS_T_REW_7]
2022-04-07 10:25:59.212 7660-7660/? W/021714.143/main: ADS3: [[AD MODULE REWARDED VIDEO WATERFALL] - [12 - 4515397 - BB_AOS_T_REW_7 - 0.7] - show ad]
2022-04-07 10:25:59.216 820-1574/? I/SoundBoosterEffectMultiCh: SB_setVolume(0xf027f400)
2022-04-07 10:25:59.216 820-1574/? I/SoundBoosterEffectMultiCh: command EFFECT_CMD_SET_VOLUME left = 0.000000, right =0.000000
2022-04-07 10:25:59.219 820-1573/? I/FastMixer: handle music stream 1
2022-04-07 10:25:59.233 1336-7175/? D/GameManagerService: respondWithJson. command: get_sysfs_data
    jsonParam : {"0":"\/proc\/7660\/stat"}
    response : {"0":"7660 (axen.blockblast) S 710 710 0 0 -1 1077952832 257680 856 50 0 1367 411 1 0 10 -10 222 0 127758965 22768443392 105976 18446744073709551615 386650742784 386650822316 549272885632 0 0 0 4612 1 1073775868 0 0 0 17 6 0 0 0 0 0 386650933648 386650939521 387405410304 549272889257 549272889356 549272889356 549272891358 0\n"}
2022-04-07 10:25:59.234 1336-7175/? D/GameManagerService: respondWithJson. command: get_sysfs_data
    jsonParam : {"0":"\/proc\/stat"}
    response : {"0":"cpu  6605238 1189356 4858397 75362928 99206 695111 263186 0 0 0\ncpu0 1377459 230987 1165769 7656460 17383 409634 149766 0 0 0\ncpu1 1472208 244335 1103234 8053291 15796 92648 32080 0 0 0\ncpu2 1480979 248777 1094411 8043763 15632 89648 32642 0 0 0\ncpu3 755241 52890 794885 9194306 7275 60983 33606 0 0 0\ncpu4 407499 99409 185488 10569813 11970 11514 4319 0 0 0\ncpu5 477615 100551 210677 10467391 12267 12747 4649 0 0 0\ncpu6 489014 103359 220444 10439707 13411 12810 4743 0 0 0\ncpu7 145219 109045 83486 10938193 5470 5123 1376 0 0 0\nintr 470062678 0 0 0 0 55173818 0 5157068 0 8479524 0 0 0 0 178 195 0 138 0 2 73 1014 0 2 0 2 154 0 0 96 344 0 0 1066996 866247 0 129756 0 0 0 0 0 2 0 0 0 0 0 0 0 8628683 197724 65908 16079548 263157 61 1 27366 0 0 0 0 0 0 0 6 6 11 11 0 5 0 0 0 0 0 0 0 0 0 0 0 0 17 0 0 0 0 0 0 0 0 0 0 0 0 982737 0 5 0 0 0 0 0 0 0 0 0 16 125 24 1046546 2535685 165364 0 0 0 0 0 491459 513545 0 0 0 0 0 0 0 0 0 15 0 0 0 0 0 0 0 3 0 0 0 0 0 0 0 0 0 0 0 0 0 0 0 0 0 0 0 10 0 0 0 1701 0 0 0 0 0 0 0 0 0 0 0 1 0 0 0 0 0 0 0 0 0 0 0 0 0 0 0 0 0 0 0 0 0 9 0 0 0 0 0 315645 0 0 0 674 0 616 0 0 0 0 0 0 0 0 0 0 0 0 0 0 0 0 0 0 0 0 0 0 0 0 0 0 0 0 0 0 0 0 0 1199 0 35 0 0 0 0 0 0 0 0 0 0 0 0 0 0 0 0 0 0 0 0 0 0 0 0 0 0 0 0 0 0 0 0 0 0 0 0 0 0 0 0 0 0 0 0 0 0 0 0 0 0 0 0 0 0 0 0 0 0 0 0 0 0 0 0 0 0 0 0 0 0 0 0 0 0 0 0 0 0 0 0 0 0 0 0 0 0 0 0 0 0 0 0 0 0 0 0 0 0 6 4 273 4 0 0 0 0 0 0 0 0 0 0 0 0 0 0 0 0 0 0 0 0 0 0 0 0 0 0 0 0 0 0 0 0 0 0 0 0 0 0 0 0 0 0 0 0 0 0 0 0 0 0 0 0 0 0 0 0 0 0 0 0 0 0 0 0 0 0 0 0 0 0 0 0 0 0 0 0 0 0 0 0 0 0 297820 3177122 0 1360 6 68601 0 0 166 4632158 654 827 0 7 0 0 0 52919 0 11 0 0 3647390 0 0 0 0 0 0 0 0 0 0 0 0 0 2753 1 0 1 0 0 1 0 1 0 1 0 1 0 1 0 1 0 1 64 0 130 54 0 0 0 0 0 0 0 0 0 102142 0 0 0 0 169 0 0 0 0 0 0 0 67 570947 0 0 0 0 0 0 0 3 0 0 0 3 1433760 0 5667 9 0 0 0 0 0 0 0 0 0 0 0 0 0 0 0 0 0 0 0 0 0 0 0 0 0 0 0 0 0 0 0 0 0 0 0 0 0 0 61095 0 61 32629 7567217 9580 3896596 0 0 25730\nctxt 635374344\nbtime 1648035147\nprocesses 342262\nprocs_running 3\nprocs_blocked 0\nsoftirq 90136325 99827 22505280 164228 2048437 7669281 0 19224200 20272117 0 18152955\n"}
2022-04-07 10:25:59.243 1336-7175/? D/ConnectivityService: filterNetworkStateForUid() uid: 10877, pid: 7660
2022-04-07 10:25:59.243 1336-7175/? D/ConnectivityService: isNetworkWithLinkPropertiesBlocked: uid=10877, vpn=DISCONNECTED,false
2022-04-07 10:25:59.243 1336-7175/? D/ConnectivityService: filterNetworkStateForUid() uid: 10877, pid: 7660, networkInfo: [type: WIFI[], state: CONNECTED/CONNECTED, reason: (unspecified), extra: (none), failover: false, available: true, roaming: false]
2022-04-07 10:25:59.243 1336-7175/? D/ConnectivityService: filterNetworkStateForUid() uid: 10877, pid: 7660
2022-04-07 10:25:59.243 1336-7175/? D/ConnectivityService: isNetworkWithLinkPropertiesBlocked: uid=10877, vpn=DISCONNECTED,false
2022-04-07 10:25:59.243 1336-7175/? D/ConnectivityService: filterNetworkStateForUid() uid: 10877, pid: 7660, networkInfo: [type: WIFI[], state: CONNECTED/CONNECTED, reason: (unspecified), extra: (none), failover: false, available: true, roaming: false]
2022-04-07 10:25:59.316 7660-8097/? I/UnityAds: com.unity3d.services.core.api.Sdk.logInfo() (line:1) :: Opening performance ad unit with orientation PORTRAIT, hardware acceleration enabled
2022-04-07 10:25:59.316 7660-8134/? I/System.out: (HTTPLog)-Static: isSBSettingEnabled false
2022-04-07 10:25:59.316 7660-8134/? I/System.out: (HTTPLog)-Static: isSBSettingEnabled false
2022-04-07 10:25:59.316 7660-8134/? D/NetworkManagementSocketTagger: tagSocket(283) with statsTag=0xffffffff, statsUid=-1
2022-04-07 10:25:59.318 1336-7175/? I/ActivityManager: START u0 {act=null typ=null flg=0x10010000 cmp=ComponentInfo{com.veraxen.blockblast/com.unity3d.services.ads.adunit.AdUnitActivity}} from uid 10877
2022-04-07 10:25:59.318 788-832/? E/ANDR-PERF-MPCTL: Invalid profile no. 0, total profiles 0 only
2022-04-07 10:25:59.320 1336-7175/? D/CustomFrequencyManagerService: acquireDVFSLockLocked : type : DVFS_MIN_LIMIT  frequency : 1804800  uid : 1000  pid : 1336  pkgName : AMS_ACT_START@CPU_MIN@26
2022-04-07 10:25:59.321 1336-7175/? D/ActivityManagerPerformance: AMP_acquire() ACT_START
2022-04-07 10:25:59.323 823-1513/? I/SurfaceFlinger: id=10550 createSurf (5120x5120),2 flag=4, AppWindowToken{aff1b86 token=Token{9378461 ActivityRecord{dfcebc8 u0 com.veraxen.blockblast/com.unity3d.services.ads.adunit.AdUnitActivity t5133}}}#0
2022-04-07 10:25:59.329 1336-1541/? D/WifiTrafficPoller: TrafficStats TxPkts=1709627 RxPkts=3625531 TxBytes=306802691 RxBytes=5725119082 , Foreground uid=10877 pkgName=com.veraxen.blockblast TxPackets=40402 RxPackets=51720 TxBytes=11797827 RxBytes=66852004
2022-04-07 10:25:59.329 1781-1781/? D/NetworkController: updateCarrierText : zte20
2022-04-07 10:25:59.329 1781-1781/? D/KeyguardUpdateMonitor: updateCarrierTextInfo
2022-04-07 10:25:59.330 1781-1781/? D/SecStatusBarWifiView: updateState: WifiIconState(resId=2131232730, visible=true, activityId=2131232757)
2022-04-07 10:25:59.330 1781-1781/? D/SecStatusBarWifiView: updateState: WifiIconState(resId=2131232730, visible=true, activityId=2131232757)
2022-04-07 10:25:59.332 1781-1781/? D/KeyguardClockPage: isNetworkRoamingState id=-2
2022-04-07 10:25:59.332 1781-1781/? D/KeyguardClockPage: isNetworkRoamingState false
2022-04-07 10:25:59.332 1781-1781/? D/KeyguardClockPage: onRefreshCarrierInfo(pre, now): false, false
2022-04-07 10:25:59.332 1781-1781/? D/CarrierText: updateCarrierText(): 0
2022-04-07 10:25:59.333 1781-1781/? D/CarrierText: Getting plmn/spn/subId sticky brdcst  plmn : No network connection, spn : , subId :-2
2022-04-07 10:25:59.333 1781-1781/? D/CarrierText: plmn Of NetworkController Impl : zte20
2022-04-07 10:25:59.333 1781-1781/? D/CarrierText: BLOCK_CARRIER_TEXT_WHEN_SIM_NOT_READY or KOR_USIM_TEXT
2022-04-07 10:25:59.333 1781-1781/? D/CarrierText: setText : 
2022-04-07 10:25:59.347 1336-3705/? I/ActivityManager: mTimer start at this point for Notification solution
2022-04-07 10:25:59.347 1336-3705/? I/ActivityManager: mTimer scheduling done
2022-04-07 10:25:59.348 1336-1917/? D/libperflog: [PERFMON] perflog_write_log sock = 441
2022-04-07 10:25:59.348 1336-1917/? D/libperflog: [PERFMON] current_write_len = 165
2022-04-07 10:25:59.348 1336-1917/? D/libperflog: [LIBPERFLOG] perflog_write_log sent logtype=1, pid=0, tid=1336, [ActivityLaunch] [S] com.veraxen.blockblast/com.unity3d.services.ads.adunit.AdUnitActivity 214888 1939524 1745692 0 27 0 40 104877628 2135715 -1 -1 -1 -1 -1 -1 -1 0 
2022-04-07 10:25:59.348 1336-1917/? D/libperflog: [LIBPERFLOG] perflog_write_evt sock = 441
2022-04-07 10:25:59.348 1336-1917/? D/libperflog: [LIBPERFLOG] perflog_write_evt_iis sent logtype=2, logid=4, param1=0, pid=0, tid=1336, com.veraxen.blockblast/com.unity3d.services.ads.adunit.AdUnitActivity
2022-04-07 10:25:59.348 1336-3705/? D/GamePkgDataHelper: notifyAppCreate(), pkgName: com.veraxen.blockblast, sendRet: true
2022-04-07 10:25:59.349 1336-1636/? D/GamePkgDataHelper: getGamePkgData(). com.veraxen.blockblast
2022-04-07 10:25:59.349 1336-1636/? D/GameManagerService: handleMessage(), MSG_APP_CREATE. set mPrevCreateGamePkg: com.veraxen.blockblast
2022-04-07 10:25:59.349 1336-3705/? D/InputDispatcher: Focused application set to: aff1b86
2022-04-07 10:25:59.350 1336-3705/? D/InputDispatcher: Focus left window (7660): d10b06  0
2022-04-07 10:25:59.350 1336-1381/? D/WindowManager: reportFocusChangedSerialized, focused=false, inTouchMode=true, win=Window{d10b06 u0 com.veraxen.blockblast/com.veraxen.blockblast.presentation.main_activity.MainActivity}
2022-04-07 10:25:59.350 1336-3705/? D/GameManagerService: noteResumeComponent(), resumeComponent: com.veraxen.blockblast
2022-04-07 10:25:59.351 1336-1636/? D/GameManagerService: handleForegroundChange(). pkgName: com.veraxen.blockblast, clsName: com.unity3d.services.ads.adunit.AdUnitActivity,FgActivityName:com.veraxen.blockblast/com.unity3d.services.ads.adunit.AdUnitActivity,userID:0
2022-04-07 10:25:59.351 1336-1636/? D/GameManagerService:   handleForegroundChange(). set mFgApp: com.veraxen.blockblast
2022-04-07 10:25:59.351 1336-1636/? D/GameManagerService:   handleForegroundChange(). same package. ignore
2022-04-07 10:25:59.351 1336-3705/? D/MARsPolicyManager: onPackageResumedFG pkgName = com.veraxen.blockblast, userId = 0
2022-04-07 10:25:59.351 2776-2801/? D/[AirCmd]_CommonUtils: getFocusedUserId : 0
2022-04-07 10:25:59.359 7660-7660/? W/ActivityThread: handleWindowVisibility: no activity for token android.os.BinderProxy@bf2efb5
2022-04-07 10:25:59.364 2776-2801/? D/[AirCmd]_MediaControlStateMonitor: getActivePackageName : noti count=59, session count=0
2022-04-07 10:25:59.364 2776-2801/? D/[AirCmd]_RemoteSpenMainController: hasGeneralAction : packageName is com.veraxen.blockblast, activityName is com.unity3d.services.ads.adunit.AdUnitActivity, hasActions is false
2022-04-07 10:25:59.364 2776-2801/? D/[AirCmd]_CameraAvailabilityMonitor: isCameraPreviewOn : mIsCameraPreviewOn is false
2022-04-07 10:25:59.365 1643-15985/? I/Telephony:SamsungPhoneInterfaceManagerCallHelper: isVideoCall: false
2022-04-07 10:25:59.366 2776-2801/? D/[AirCmd]_CameraAvailabilityMonitor: isCameraPreviewOn : mIsCameraPreviewOn is false
2022-04-07 10:25:59.366 7660-7660/? I/MultiWindowDecorSupport: updateCaptionType >> com.android.internal.policy.MultiWindowDecorSupport@f6cc697, isFloating: false, isApplication: true, hasWindowDecorCaption: false, hasWindowControllerCallback: true
2022-04-07 10:25:59.366 7660-7660/? D/MultiWindowDecorSupport: setCaptionType = 0, DecorView = DecorView@59cc084[]
2022-04-07 10:25:59.367 1643-15985/? I/Telephony:SamsungPhoneInterfaceManagerCallHelper: isVideoCall: false
2022-04-07 10:25:59.367 1336-7175/? D/ActivityManager: setRequestedOrientation(1) from com.veraxen.blockblast
2022-04-07 10:25:59.377 1336-1913/? D/InputTransport: Input channel constructed: fd=443
2022-04-07 10:25:59.377 1336-1913/? D/InputTransport: Input channel constructed: fd=473
2022-04-07 10:25:59.378 2776-2801/? D/[AirCmd]_MediaControlStateMonitor: getActivePackageName : noti count=59, session count=0
2022-04-07 10:25:59.379 2776-2801/? D/[AirCmd]_PenActionRule: getAction : get default action data from remote action because pen action data is null.
2022-04-07 10:25:59.379 2776-2801/? D/[AirCmd]_RemoteSpenMainController: onSwitch : isEmptyDoubleClickActionData is false
2022-04-07 10:25:59.379 2776-2801/? D/[AirCmd]_BleSpenButtonActionDetector: enableDoubleClickDetection: enabled=true, doubleClickWaitInterval=300
