2022-04-07 10:26:02.314 2296-2296/? E/pageboostd: Received HALT command code 2
2022-04-07 10:26:02.315 19855-19855/? D/DragLayer: DragLayer dispatchDraw, mIsNaviBarPositionChanged = false, mWillOrientationChange = false
2022-04-07 10:26:02.343 1781-1781/? D/NetworkController: updateCarrierText : zte20
2022-04-07 10:26:02.343 1781-1781/? D/KeyguardUpdateMonitor: updateCarrierTextInfo
2022-04-07 10:26:02.344 1781-1781/? D/SecStatusBarWifiView: updateState: WifiIconState(resId=2131232730, visible=true, activityId=2131232736)
2022-04-07 10:26:02.344 1781-1781/? D/SecStatusBarWifiView: updateState: WifiIconState(resId=2131232730, visible=true, activityId=2131232736)
2022-04-07 10:26:02.348 1781-1781/? D/KeyguardClockPage: isNetworkRoamingState id=-2
2022-04-07 10:26:02.348 1781-1781/? D/KeyguardClockPage: isNetworkRoamingState false
2022-04-07 10:26:02.348 1781-1781/? D/KeyguardClockPage: onRefreshCarrierInfo(pre, now): false, false
2022-04-07 10:26:02.348 1781-1781/? D/CarrierText: updateCarrierText(): 0
2022-04-07 10:26:02.349 1781-1781/? D/CarrierText: Getting plmn/spn/subId sticky brdcst  plmn : No network connection, spn : , subId :-2
2022-04-07 10:26:02.349 1781-1781/? D/CarrierText: plmn Of NetworkController Impl : zte20
2022-04-07 10:26:02.349 1781-1781/? D/CarrierText: BLOCK_CARRIER_TEXT_WHEN_SIM_NOT_READY or KOR_USIM_TEXT
2022-04-07 10:26:02.349 1781-1781/? D/CarrierText: setText : 
2022-04-07 10:26:02.458 1336-1648/? I/Pageboost: Launcher App Execution
2022-04-07 10:26:02.490 765-14017/? D/audio_hw_primary: out_standby: enter: stream (0xf60ed000) usecase(2: low-latency-playback)
2022-04-07 10:26:02.519 765-14017/? D/audio_hw_primary: disable_audio_route: reset and update mixer path: low-latency-playback speaker
2022-04-07 10:26:02.519 765-14017/? D/audio_route: Setting mixer control: SEC_TDM_RX_0 Audio Mixer MultiMedia5, value: 0
2022-04-07 10:26:02.522 765-14017/? D/msm8974_platform: platform_split_snd_device: snd_device(2) num devices(0) new_snd_devices(0)
2022-04-07 10:26:02.522 765-14017/? I/msm8974_platform: platform_get_custom_mtmx_params: no matching param with id 0 ip_ch 2 op_ch 2 uc_id 2 snd_dev 2
2022-04-07 10:26:02.522 765-14017/? D/hardware_info: hw_info_append_hw_type : device_name = speaker
2022-04-07 10:26:02.522 765-14017/? D/audio_hw_primary: out_standby: exit
2022-04-07 10:26:02.711 1336-1636/? D/GameManagerService: handleForegroundChange(). pkgName: com.sec.android.app.launcher, clsName: com.sec.android.app.launcher.activities.LauncherActivity,FgActivityName:com.sec.android.app.launcher/.activities.LauncherActivity,userID:0
2022-04-07 10:26:02.711 1336-1636/? D/GameManagerService:   handleForegroundChange(). set mFgApp: com.sec.android.app.launcher
2022-04-07 10:26:02.712 1336-1636/? D/GameManagerService: notifyResumePause(). pkg: com.sec.android.app.launcher, type: 4, isMinimized: false, isTunableApp: false
2022-04-07 10:26:02.712 1336-1636/? D/GameManagerService:   notifyResumePause(). mKillNotiCount: 0
2022-04-07 10:26:02.712 1336-1636/? D/GameManagerService:   notifyResumePause(). changed mKillNotiCount: 1
2022-04-07 10:26:02.712 1336-1636/? I/AudioService: onGamePause
2022-04-07 10:26:02.712 1336-1636/? D/GameManagerService:   notifyResumePause(). before send intent to GameTools. type:1, pkgName:KILL_YOURSELF, minimized:false
2022-04-07 10:26:02.714 1336-1636/? D/GameManagerService:   notifyResumePause(). after send intent to GameTools. componentName:ComponentInfo{com.samsung.android.game.gametools/com.samsung.android.game.gametools.floatingui.service.external.GameToolsIntentService}
2022-04-07 10:26:02.717 1336-1648/? I/Pageboost: Launcher Page Up
2022-04-07 10:26:02.717 1336-1648/? E/Pageboost: init for SI Policy is not done yet : global true sysint false
2022-04-07 10:26:02.717 7372-8309/? I/GameTools: GameToolsIntentService : TYPE : 1 PKGNAME : KILL_YOURSELF
2022-04-07 10:26:02.717 1336-1636/? D/GameManagerService:   notifyResumePause(). after send intent to GameIntentService
2022-04-07 10:26:02.717 4009-8310/? D/GOS:GameIntentService: onHandleIntent. begin
2022-04-07 10:26:02.718 4009-8310/? D/GOS:GameIntentService: onHandleIntent. GameIntentService. type 1
2022-04-07 10:26:02.718 4009-8310/? D/GOS:PackageDAO: getPackageRO(), begin
2022-04-07 10:26:02.720 7372-8309/? I/GameTools: AlarmIntentService : hasAlarm : ACTION_SMILE : true
2022-04-07 10:26:02.720 1336-1913/? D/GameManagerService: getForegroundApp
2022-04-07 10:26:02.720 7372-8309/? I/GameTools: GameToolsIntentService : PAUSE-reconfirm event ignored : com.sec.android.app.launcher
2022-04-07 10:26:02.722 1336-1648/? I/Pageboost: IO Prefetch for : com.fruitheroes.legend
2022-04-07 10:26:02.722 1336-1648/? I/Pageboost: IO Prefetch for : com.veraxen.jigsaw
2022-04-07 10:26:02.722 1336-1648/? I/Pageboost: IO Prefetch for : com.activision.callofduty.shooter
2022-04-07 10:26:02.723 2296-8313/? E/pageboostd: prefetch start : app comactivisioncallofdutyshooter
2022-04-07 10:26:02.723 1336-7188/? D/CustomFrequencyManagerService: FrequencyrequestList.getNextSchedTuneBoostRequest, index: 1
2022-04-07 10:26:02.733 2296-8313/? E/pageboostd: comactivisioncallofdutyshooter, amt 144027648 scnt 101 fcnt 6
2022-04-07 10:26:02.733 2296-8313/? E/pageboostd: prefetch end : app comactivisioncallofdutyshooter data_amount 144027648
2022-04-07 10:26:02.733 2296-8312/? E/pageboostd: prefetch start : app comveraxenjigsaw
2022-04-07 10:26:02.737 2296-8312/? E/pageboostd: comveraxenjigsaw, amt 122621952 scnt 27 fcnt 5
2022-04-07 10:26:02.737 2296-8312/? E/pageboostd: prefetch end : app comveraxenjigsaw data_amount 122621952
2022-04-07 10:26:02.737 2296-8311/? E/pageboostd: prefetch start : app comfruitheroeslegend
2022-04-07 10:26:02.741 2296-8311/? E/pageboostd: comfruitheroeslegend, amt 70369280 scnt 49 fcnt 1
2022-04-07 10:26:02.741 2296-8311/? E/pageboostd: prefetch end : app comfruitheroeslegend data_amount 70369280
2022-04-07 10:26:02.948 1336-1542/? D/WifiStateMachine: enter getWifiLinkLayerStats
2022-04-07 10:26:02.948 1336-1542/? I/WifiVendorHal: getWifiLinkLayerStats(l.3130) before calling iface.getLinkLayerStats
2022-04-07 10:26:02.957 1336-1542/? I/WifiVendorHal: getWifiLinkLayerStats(l.3130) after calling iface.getLinkLayerStats
2022-04-07 10:26:02.983 1336-1336/? D/CustomFrequencyManagerService: releaseDVFSLockLocked : Getting Lock type frm List : DVFS_MIN_LIMIT  frequency : 1056000  uid : 1000  pid : 1336  tag : GESTURE_DETECTED@CPU_MIN@45
2022-04-07 10:26:03.003 823-2728/? E/NativeSemDvfsGpuManager: release:: Start
2022-04-07 10:26:03.003 823-2728/? E/NativeSemDvfsGpuManager: release():: mIsAcquired = 1 , mName = GPU  , mTagName : SurfaceFlinger 
2022-04-07 10:26:03.008 779-3769/? I/sensors-hal: handle_sns_std_sensor_event:92, [SSC_LIGHT] ambient_light lux: 12, ts=1277615368272707
2022-04-07 10:26:03.009 823-2728/? E/NativeCustomFrequencyManager: [NativeCFMS] BpCustomFrequencyManager::releaseGPU() 
2022-04-07 10:26:03.009 823-2728/? E/NativeSemDvfsGpuManager: release:: End
2022-04-07 10:26:03.124 8267-8267/? E/CASS: Failed to connect(4)
2022-04-07 10:26:03.124 8267-8267/? E/CASS: Failed to connect ril daemon(2). Retry cnt(6)
2022-04-07 10:26:03.137 1336-1512/? D/InputReader: Input event(9): value=1 when=113379.175827
2022-04-07 10:26:03.138 1336-1512/? D/InputReader: Input event(9): value=1 when=113379.175827
2022-04-07 10:26:03.138 1336-1512/? I/InputReader: Touch event's action is 0x0 (deviceType=0) [pCnt=1, s=0.8839 ] when=113379.175827
2022-04-07 10:26:03.139 1336-1511/? I/InputDispatcher: Delivering touch to (1781): action: 0x4, displayId: 0, '8301d4c', toolType: 1
2022-04-07 10:26:03.139 1336-1511/? I/InputDispatcher: Delivering touch to (1781): action: 0x4, displayId: 0, '9a7114 ', toolType: 1
2022-04-07 10:26:03.139 1336-1511/? I/InputDispatcher: Delivering touch to (19855): action: 0x0, displayId: 0, '6444bd9', toolType: 1
2022-04-07 10:26:03.139 1336-1511/? I/InputDispatcher: Delivering touch to (1781): action: 0x0, displayId: 0, '1d048c ', toolType: 1
2022-04-07 10:26:03.141 19855-19855/? D/ViewRootImpl@ab78d1c[LauncherActivity]: ViewPostIme pointer 0
2022-04-07 10:26:03.141 19855-19855/? I/System.out: Rect(0, 0 - 1600, 171)
2022-04-07 10:26:03.142 19855-19855/? D/PagedView: reset touch state case 1
2022-04-07 10:26:03.142 19855-19855/? E/ProActiveLaunch: Sending Broadcast
2022-04-07 10:26:03.143 2788-2788/? D/SDHMS:g: writeSysfs:: path = /sys/devices/system/cpu/cpu0/cpufreq/schedutil/down_rate_limit_us, value = 0
2022-04-07 10:26:03.144 2788-2788/? D/SDHMS:g: writeSysfs:: path = /sys/devices/system/cpu/cpu4/cpufreq/schedutil/down_rate_limit_us, value = 0
2022-04-07 10:26:03.144 2788-2788/? D/SDHMS:g: writeSysfs:: path = /sys/devices/system/cpu/cpu7/cpufreq/schedutil/down_rate_limit_us, value = 0
2022-04-07 10:26:03.145 1336-1642/? E/ActivityManager: Checking for the Active launch isDataCleared :true, isAutoRunBlocked : false
2022-04-07 10:26:03.172 1336-1512/? D/InputReader: Input event(9): value=0 when=113379.210810
2022-04-07 10:26:03.173 1336-1512/? D/InputReader: Input event(9): value=0 when=113379.210810
2022-04-07 10:26:03.173 1336-1512/? I/InputReader: Touch event's action is 0x1 (deviceType=0) [pCnt=1, s=] when=113379.210810
2022-04-07 10:26:03.173 1336-1511/? I/InputDispatcher: Delivering touch to (19855): action: 0x1, displayId: 0, '6444bd9', toolType: 1
2022-04-07 10:26:03.173 1336-1511/? I/InputDispatcher: Delivering touch to (1781): action: 0x1, displayId: 0, '1d048c ', toolType: 1
2022-04-07 10:26:03.174 19855-19855/? D/ViewRootImpl@ab78d1c[LauncherActivity]: ViewPostIme pointer 1
2022-04-07 10:26:03.174 19855-19855/? D/PagedView: resetTouchState()
2022-04-07 10:26:03.174 19855-19855/? D/ActivityOptions: makeRemoteAnimation, duration=350, runner=com.android.systemui.shared.system.RemoteAnimationAdapterCompat$1@e95ff02, caller=com.android.systemui.shared.system.ActivityOptionsCompat.makeRemoteAnimation:56 com.android.launcher3.quickstep.LauncherAppTransitionManagerImpl.getActivityLaunchOptions:327 com.android.launcher3.quickstep.LauncherAppTransitionManagerImpl.getActivityLaunchOptions:222 
2022-04-07 10:26:03.175 1336-7188/? D/SamsungAlarmManager: Cancel Alarm calling from uid:10095 pid :19855 / op:PendingIntent{34a883d: PendingIntentRecord{aee1e4f com.sec.android.app.launcher broadcastIntent}}
2022-04-07 10:26:03.177 1336-7188/? I/SamsungAlarmManager: setLocked to kernel - T:2 / 20220407T102737, SetElapsed=1277710015, nowELAPSED=1277615542
2022-04-07 10:26:03.177 1336-7188/? I/SamsungAlarmManager: setLocked to kernel - T:3 / 20220407T102700, SetElapsed=1277672365, nowELAPSED=1277615542
2022-04-07 10:26:03.180 1336-3707/? D/SamsungAlarmManager: setExact Intent (T:0/F:5/AC:false) 20220407T103103 - CU:10095/CP:19855
2022-04-07 10:26:03.180 1336-3707/? I/SamsungAlarmManager: setLocked to kernel - T:2 / 20220407T102737, SetElapsed=1277710015, nowELAPSED=1277615545
2022-04-07 10:26:03.180 1336-3707/? I/SamsungAlarmManager: setLocked to kernel - T:3 / 20220407T102700, SetElapsed=1277672365, nowELAPSED=1277615545
2022-04-07 10:26:03.180 19855-19884/? I/SAPrinter: sendEvent :{cd=det3packageNamecom.veraxen.blockblast, t=ev, v=2.01.007, tz=240, en=1001, pn=201, ts=1649312763174}
2022-04-07 10:26:03.180 1336-7187/? I/ActivityManager: START u0 {act=android.intent.action.MAIN typ=null flg=0x10200000 cmp=ComponentInfo{com.veraxen.blockblast/com.veraxen.blockblast.presentation.main_activity.MainActivity}} from uid 10095
2022-04-07 10:26:03.183 1336-7187/? D/CustomFrequencyManagerService: acquireDVFSLockLocked : type : DVFS_MIN_LIMIT  frequency : 2841600  uid : 1000  pid : 1336  pkgName : AMS_APP_SWITCH@CPU_MIN@53
2022-04-07 10:26:03.184 1336-3707/? D/CustomFrequencyManagerService: acquireDVFSLockLocked : type : DVFS_MIN_LIMIT  frequency : 2841600  uid : 1000  pid : 1336  pkgName : APP_LAUNCH@CPU_MIN@8
2022-04-07 10:26:03.184 1336-7187/? D/ActivityManagerPerformance: AMP_acquire() APP_SWITCH
2022-04-07 10:26:03.186 1336-7187/? I/Pageboost: moveTaskToFront : com.veraxen.blockblast
2022-04-07 10:26:03.186 2296-2296/? E/pageboostd: Received HALT command code 2
2022-04-07 10:26:03.188 1336-7187/? D/ActivityManager: [PIP] Update supportsEnterPipOnTaskSwitch(moveTaskToFrontLocked
2022-04-07 10:26:03.191 1336-1336/? D/MdnieScenarioControlService: MultiWindowState : false , mode : 0
2022-04-07 10:26:03.191 1336-1336/? D/GameManagerService: MultiWindowEventListener.onFocusStackChanged(), state=0, top=ComponentInfo{com.veraxen.blockblast/com.veraxen.blockblast.presentation.main_activity.MainActivity}
2022-04-07 10:26:03.191 1336-1336/? D/CS_HdrController: updateMultiWindowState : 0
2022-04-07 10:26:03.192 19855-19855/? D/PageOverlayMover: updateActivityLifecycleState : 3
2022-04-07 10:26:03.192 1336-1336/? I/Pageboost: package com.veraxen.blockblast
2022-04-07 10:26:03.195 1336-1449/? I/DecorView: mWindow.mActivityCurrentConfig is null.
2022-04-07 10:26:03.196 1336-1449/? D/InputTransport: Input channel constructed: fd=486
2022-04-07 10:26:03.196 1336-1449/? D/InputTransport: Input channel constructed: fd=497
2022-04-07 10:26:03.197 823-886/? I/SurfaceFlinger: id=10562 createSurf (5120x5120),2 flag=4, 60f81f5 Splash Screen com.veraxen.blockblast#0
2022-04-07 10:26:03.198 1336-1449/? D/ViewRootImpl@ceed32c[blockblast]: setView = DecorView@6b12b8a[blockblast] TM=true MM=false
2022-04-07 10:26:03.198 1336-7187/? W/InputMethodManagerService: hideSoftInput : Ignoring, uid 10877: com.android.internal.view.IInputMethodClient$Stub$Proxy@b6fc5fb
2022-04-07 10:26:03.198 7660-7660/? D/ViewRootImpl@46760f0[AdUnitActivity]: dispatchDetachedFromWindow
2022-04-07 10:26:03.200 823-886/? I/SurfaceFlinger: id=10551 Removed 607059d com.veraxen.blockblast/com.unity3d.services.ads.adunit.AdUnitActivity#0 (0/74)
2022-04-07 10:26:03.201 1336-7187/? D/InputTransport: Input channel destroyed: fd=443
2022-04-07 10:26:03.201 7660-7660/? D/InputTransport: Input channel destroyed: fd=309
2022-04-07 10:26:03.202 7660-7660/? E/ViewRootImpl: sendUserActionEvent() returned.
2022-04-07 10:26:03.202 7660-7660/? W/025703.931/main: ADS3: [[AD BANNER CONTAINER WRAPPER] - updateState to appInactive, this = com.veraxen.ads3.managers.banner.processing.BannerContainerWrapper@5920187]
2022-04-07 10:26:03.202 7660-7660/? W/025703.994/main: ADS3: [[AD BANNER CONTAINER WRAPPER] - state, old = appInactive, new = appInactive, this = com.veraxen.ads3.managers.banner.processing.BannerContainerWrapper@5920187]
2022-04-07 10:26:03.202 7660-7660/? W/025704.034/main: ADS3: [[AD BANNER CONTAINER WRAPPER] - updateState to appInactive, this = com.veraxen.ads3.managers.banner.processing.BannerContainerWrapper@5920187]
2022-04-07 10:26:03.202 7660-7660/? W/025704.124/main: ADS3: [[AD BANNER CONTAINER WRAPPER] - state, old = appInactive, new = appInactive, this = com.veraxen.ads3.managers.banner.processing.BannerContainerWrapper@5920187]
2022-04-07 10:26:03.202 1336-1917/? D/libperflog: [PERFMON] perflog_write_log sock = 441
2022-04-07 10:26:03.202 1336-1917/? D/libperflog: [PERFMON] current_write_len = 118
2022-04-07 10:26:03.202 1336-1917/? D/libperflog: [LIBPERFLOG] perflog_write_log sent logtype=1, pid=0, tid=1336, [ActivityLaunch] [C] com.veraxen.blockblast 214924 1948468 1745968 0 27 0 40 104885720 2135756 -1 -1 -1 -1 -1 -1 -1 0 
2022-04-07 10:26:03.202 1336-1917/? D/libperflog: [LIBPERFLOG] perflog_write_evt sock = 441
2022-04-07 10:26:03.202 1336-1917/? D/libperflog: [LIBPERFLOG] perflog_write_evt_iis sent logtype=2, logid=4, param1=1, pid=0, tid=1336, com.veraxen.blockblast
2022-04-07 10:26:03.205 1336-1369/? D/CodecSolution: isMaxAspectPackageEx: com.veraxen.blockblast : false(0)
2022-04-07 10:26:03.205 1336-7187/? I/WindowManager: Cancelling animation restarting=false, leash=null, surface=Surface(name=AppWindowToken{aff1b86 token=Token{9378461 ActivityRecord{dfcebc8 u0 com.veraxen.blockblast/com.unity3d.services.ads.adunit.AdUnitActivity t5133}}})/@0x155cc59, parent=Surface(name=Task=5133)/@0x102d018
2022-04-07 10:26:03.207 823-886/? I/SurfaceFlinger: id=10562 Removed 60f81f5 Splash Screen com.veraxen.blockblast#0 (0/73)
2022-04-07 10:26:03.207 1336-7187/? D/InputTransport: Input channel destroyed: fd=486
2022-04-07 10:26:03.208 823-823/? I/Layer: id=10562 onRemoved 60f81f5 Splash Screen com.veraxen.blockblast#0 
2022-04-07 10:26:03.208 1336-7188/? D/InputDispatcher: Focused application set to: d440aed
2022-04-07 10:26:03.208 823-823/? I/Layer: id=10551 onRemoved 607059d com.veraxen.blockblast/com.unity3d.services.ads.adunit.AdUnitActivity#0 
2022-04-07 10:26:03.209 1336-7188/? D/InputDispatcher: Focus left window (19855): 6444bd9 0
2022-04-07 10:26:03.210 1336-1449/? W/WindowManager: Failed looking up window callers=com.android.server.wm.WindowManagerService.windowForClientLocked:6476 com.android.server.wm.WindowManagerService.relayoutWindow:2233 com.android.server.wm.Session.relayoutForTranslate:308 
2022-04-07 10:26:03.210 1336-1449/? D/ViewRootImpl@ceed32c[blockblast]: Relayout returned: old=[0,0][1600,2452] new=[0,0][1600,2452] result=0x0 surface={false 0} changed=false
2022-04-07 10:26:03.212 1336-7188/? D/GameManagerService: noteResumeComponent(), resumeComponent: com.veraxen.blockblast
2022-04-07 10:26:03.212 1336-7188/? D/GamePkgDataHelper: getSosPolicy(). com.veraxen.blockblast
2022-04-07 10:26:03.212 1336-1636/? D/GameManagerService: handleForegroundChange(). pkgName: com.veraxen.blockblast, clsName: com.veraxen.blockblast.presentation.main_activity.MainActivity,FgActivityName:com.veraxen.blockblast/.presentation.main_activity.MainActivity,userID:0
2022-04-07 10:26:03.212 1336-1636/? D/GameManagerService:   handleForegroundChange(). set mFgApp: com.veraxen.blockblast
2022-04-07 10:26:03.212 1336-1636/? D/GameManagerService: notifyResumePause(). pkg: com.veraxen.blockblast, type: 0, isMinimized: false, isTunableApp: false
2022-04-07 10:26:03.212 1336-3707/? D/GamePkgDataHelper: getGamePkgDataIncServer(). com.veraxen.blockblast
2022-04-07 10:26:03.213 2776-2801/? D/[AirCmd]_CommonUtils: getFocusedUserId : 0
2022-04-07 10:26:03.213 2788-2810/? D/SDHMS:aV: writeSysfs:: path = /sys/class/scsi_host/host0/../../../clkscale_enable, value = 0
2022-04-07 10:26:03.213 2788-2810/? D/SDHMS:aV: writeSysfs:: path = /proc/perf_reserve, value = 120
2022-04-07 10:26:03.214 823-886/? I/SurfaceFlinger: id=10550 Removed AppWindowToken{aff1b86 token=Token{9378461 ActivityRecord{dfcebc8 u0 com.veraxen.blockblast/com.unity3d.services.ads.adunit.AdUnitActivity t5133}}}#0 (1/72)
2022-04-07 10:26:03.214 1336-1449/? D/ViewRootImpl@ceed32c[blockblast]: dispatchDetachedFromWindow
2022-04-07 10:26:03.215 1336-1449/? W/WindowManager: Failed looking up window callers=com.android.server.wm.WindowManagerService.windowForClientLocked:6476 com.android.server.wm.WindowManagerService.removeWindow:1950 com.android.server.wm.Session.remove:274 
2022-04-07 10:26:03.215 1336-1449/? D/InputTransport: Input channel destroyed: fd=497
2022-04-07 10:26:03.218 1336-7188/? D/GameManagerService: identifyGamePackage. com.veraxen.blockblast, mCurrentUserId: 0, callerUserId: 0
2022-04-07 10:26:03.218 1336-7188/? D/GamePkgDataHelper: getGamePkgData(). com.veraxen.blockblast
2022-04-07 10:26:03.218 1336-7188/? D/MARsPolicyManager: onPackageResumedFG pkgName = com.veraxen.blockblast, userId = 0
2022-04-07 10:26:03.219 7660-8097/? I/UnityAds: com.unity3d.services.core.api.Sdk.logInfo() (line:1) :: Closing Unity Ads ad unit
2022-04-07 10:26:03.225 823-823/? I/Layer: id=10550 onRemoved AppWindowToken{aff1b86 token=Token{9378461 ActivityRecord{dfcebc8 u0 com.veraxen.blockblast/com.unity3d.services.ads.adunit.AdUnitActivity t5133}}}#0 
2022-04-07 10:26:03.225 2776-2801/? D/[AirCmd]_MediaControlStateMonitor: getActivePackageName : noti count=59, session count=0
2022-04-07 10:26:03.225 2776-2801/? D/[AirCmd]_RemoteSpenMainController: hasGeneralAction : packageName is com.veraxen.blockblast, activityName is com.veraxen.blockblast.presentation.main_activity.MainActivity, hasActions is false
2022-04-07 10:26:03.225 2776-2801/? D/[AirCmd]_CameraAvailabilityMonitor: isCameraPreviewOn : mIsCameraPreviewOn is false
2022-04-07 10:26:03.227 1781-1781/? D/WallpaperService: updateSurface forceRelayout=true forceReport=false redrawNeeded=false myWidth=2560 myHeight=2560 fixedSize=true x = 0 y = 0 mWidth=2560 mHeight=2560 mIsSleepMode=false
2022-04-07 10:26:03.231 1643-2656/? I/Telephony:SamsungPhoneInterfaceManagerCallHelper: isVideoCall: false
2022-04-07 10:26:03.232 7660-7660/? D/ViewRootImpl@501e73b[MainActivity]: Relayout returned: old=[0,0][1200,1920] new=[0,0][1200,1920] result=0x1 surface={false 0} changed=false
2022-04-07 10:26:03.233 7660-7660/? D/ViewRootImpl@501e73b[MainActivity]: stopped(false) old=true
2022-04-07 10:26:03.235 1781-1781/? D/WallpaperService: updateSurface redrawNeeded=false didSurface=false
2022-04-07 10:26:03.235 1781-1781/? D/ImageWallpaper: onOffsetsChanged: xOffset=0.5, yOffset=0.5, xOffsetStep=-1.0, yOffsetStep=-1.0, xPixels=0, yPixels=0
2022-04-07 10:26:03.235 1781-1781/? D/ImageWallpaper: newRotation : 0,mLastRotation : 0 ,mBackgroundWidth = 2560, mBackgroundWidth = 2560
2022-04-07 10:26:03.235 1781-1781/? D/ImageWallpaper: drawFrame:[frame.width()]2560[frame.height()]2560, deviceWidth = 1600, deviceHeight = 2560
2022-04-07 10:26:03.235 1781-1781/? D/ImageWallpaper: surfaceDimensionsChanged=false mDisplayWidth=1600 mDisplayHeight=2560
2022-04-07 10:26:03.235 1781-1781/? D/ImageWallpaper: redrawNeeded = false, mNeedsDrawAfterLoadingWallpaper = false
2022-04-07 10:26:03.235 1781-1781/? D/ImageWallpaper: mSurfaceRedrawNeeded = false, mForceDraw = false, redrawNeeded = false, mOffsetsChanged = false, mFolderStateChanged = false
2022-04-07 10:26:03.235 1781-1781/? D/ImageWallpaper: Suppressed drawFrame since redraw is not needed and offsets have not changed.
2022-04-07 10:26:03.236 1336-1381/? D/WindowManager: reportFocusChangedSerialized, focused=false, inTouchMode=true, win=Window{6444bd9 u0 com.sec.android.app.launcher/com.sec.android.app.launcher.activities.LauncherActivity}
2022-04-07 10:26:03.236 1336-1369/? D/HardcoderService: FG change to com.veraxen.blockblast (10877, 7660)
2022-04-07 10:26:03.237 953-1483/? D/sechcserver: Foreground app changed!
2022-04-07 10:26:03.237 1336-1636/? D/GameManagerService:   notifyResumePause(). changed mKillNotiCount: 0
2022-04-07 10:26:03.237 1336-1636/? I/AudioService: onGameResume
2022-04-07 10:26:03.237 1336-1636/? D/GameManagerService:   notifyResumePause(). before send intent to GameTools. type:0, pkgName:com.veraxen.blockblast, minimized:false
2022-04-07 10:26:03.238 1336-3705/? D/GamePkgDataHelper: getSosPolicy(). com.veraxen.blockblast
2022-04-07 10:26:03.239 1336-1636/? D/GameManagerService:   notifyResumePause(). after send intent to GameTools. componentName:ComponentInfo{com.samsung.android.game.gametools/com.samsung.android.game.gametools.floatingui.service.external.GameToolsIntentService}
2022-04-07 10:26:03.239 1336-1381/? D/PowerManagerService: [api] setScreenDimDurationOverrideFromWindowManagerInternal: timeoutMillis: -1
2022-04-07 10:26:03.240 19855-19855/? D/ViewRootImpl@ab78d1c[LauncherActivity]: Relayout returned: old=[0,0][1600,2560] new=[0,0][1600,2560] result=0x1 surface={true 515274620928} changed=false
2022-04-07 10:26:03.240 19855-19855/? D/ViewRootImpl@ab78d1c[LauncherActivity]: MSG_WINDOW_FOCUS_CHANGED 0 1
2022-04-07 10:26:03.240 19855-19855/? D/InputMethodManager: prepareNavigationBarInfo() DecorView@73b9f44[LauncherActivity]
2022-04-07 10:26:03.240 19855-19855/? D/InputMethodManager: getNavigationBarColor() 0
2022-04-07 10:26:03.241 1336-1636/? D/GameManagerService:   notifyResumePause(). after send intent to GameIntentService
2022-04-07 10:26:03.242 1336-3705/? D/ConnectivityService: Vpn: getActiveNetworkForUidInternal: 10877, false, false, DISCONNECTED
2022-04-07 10:26:03.242 1336-3705/? D/ConnectivityService: isNetworkWithLinkPropertiesBlocked: uid=10877, vpn=DISCONNECTED,false
2022-04-07 10:26:03.243 1336-5840/? D/ConnectivityService: Vpn: getActiveNetworkForUidInternal: 10877, false, false, DISCONNECTED
2022-04-07 10:26:03.243 1336-5840/? D/ConnectivityService: isNetworkWithLinkPropertiesBlocked: uid=10877, vpn=DISCONNECTED,false
2022-04-07 10:26:03.243 2788-2810/? D/SDHMS:aV: writeSysfs:: path = /sys/class/scsi_host/host0/../../../clkscale_enable, value = 0
2022-04-07 10:26:03.243 7660-7660/? D/ViewRootImpl@501e73b[MainActivity]: stopped(false) old=false
2022-04-07 10:26:03.244 2788-2810/? D/SDHMS:aV: writeSysfs:: path = /proc/perf_reserve, value = 120
2022-04-07 10:26:03.244 2788-2810/? D/SDHMS:g: writeSysfs:: path = /sys/devices/system/cpu/cpu0/cpufreq/schedutil/down_rate_limit_us, value = 0
2022-04-07 10:26:03.244 2788-2810/? D/SDHMS:g: writeSysfs:: path = /sys/devices/system/cpu/cpu4/cpufreq/schedutil/down_rate_limit_us, value = 0
2022-04-07 10:26:03.244 2788-2810/? D/SDHMS:g: writeSysfs:: path = /sys/devices/system/cpu/cpu7/cpufreq/schedutil/down_rate_limit_us, value = 0
2022-04-07 10:26:03.244 7372-8315/? I/GameTools: GameToolsIntentService : TYPE : 0 PKGNAME : com.veraxen.blockblast
2022-04-07 10:26:03.247 953-1483/? D/sechcserver: Cur FG uid: 10877, type: 0
2022-04-07 10:26:03.247 953-1483/? D/sechcserver: Release all resource
2022-04-07 10:26:03.247 953-1483/? E/NativeSemDvfsCpuManager: release:: Start
2022-04-07 10:26:03.247 953-1483/? E/SemOpenPerfStorageManager: release:: Start
2022-04-07 10:26:03.247 953-1483/? E/SemOpenPerfStorageManager: release:: DVFS lock is already released. Previous lock will be acquire first.
2022-04-07 10:26:03.245 2776-2801/? D/[AirCmd]_CameraAvailabilityMonitor: isCameraPreviewOn : mIsCameraPreviewOn is false
2022-04-07 10:26:03.248 1336-5840/? D/GameManagerService: identifyGamePackage. com.veraxen.blockblast, mCurrentUserId: 0, callerUserId: 0
2022-04-07 10:26:03.248 1336-5840/? D/GamePkgDataHelper: getGamePkgData(). com.veraxen.blockblast
2022-04-07 10:26:03.249 1336-2170/? D/ConnectivityService: filterNetworkStateForUid() uid: 10877, pid: 7660
2022-04-07 10:26:03.249 1336-2170/? D/ConnectivityService: isNetworkWithLinkPropertiesBlocked: uid=10877, vpn=DISCONNECTED,false
2022-04-07 10:26:03.249 1336-2170/? D/ConnectivityService: filterNetworkStateForUid() uid: 10877, pid: 7660, networkInfo: [type: WIFI[], state: CONNECTED/CONNECTED, reason: (unspecified), extra: (none), failover: false, available: true, roaming: false]
2022-04-07 10:26:03.251 1643-2656/? I/Telephony:SamsungPhoneInterfaceManagerCallHelper: isVideoCall: false
2022-04-07 10:26:03.251 7372-8315/? I/GameTools: GameToolsIntentService : RESUMED+ , com.veraxen.blockblast
2022-04-07 10:26:03.251 7372-8315/? I/GameTools: [GID] : [RPN]:com.veraxen.blockblast
2022-04-07 10:26:03.252 823-886/? I/SurfaceFlinger: id=10563 createSurf (1200x1920),1 flag=4, com.veraxen.blockblast/com.veraxen.blockblast.presentation.main_activity.MainActivity[7660]#0
2022-04-07 10:26:03.252 1336-2170/? D/SamsungAlarmManager: Cancel Alarm calling from uid:10038 pid :7372 / op:PendingIntent{9eac6d7: PendingIntentRecord{3e7a088 com.samsung.android.game.gametools startService}}
2022-04-07 10:26:03.252 7660-7916/? I/System.out: (HTTPLog)-Static: isSBSettingEnabled false
2022-04-07 10:26:03.252 4009-8316/? D/GOS:GameIntentService: onHandleIntent. begin
2022-04-07 10:26:03.252 4009-8316/? D/GOS:GameIntentService: onHandleIntent. GameIntentService. type 0
2022-04-07 10:26:03.252 7660-7916/? I/System.out: (HTTPLog)-Static: isSBSettingEnabled false
2022-04-07 10:26:03.252 4009-8316/? D/GOS:PackageDAO: getPkgData(), begin
2022-04-07 10:26:03.252 1336-7188/? D/WindowManager: makeSurface duration=2 name=com.veraxen.blockblast/com.veraxen.blockblast.presentation.main_activity.MainActivity[7660]
2022-04-07 10:26:03.252 1336-7188/? D/StatusBarManagerService: notifyRequestedSystemKey recent=false home=false
2022-04-07 10:26:03.253 1336-2170/? I/SamsungAlarmManager: setLocked to kernel - T:2 / 20220407T102737, SetElapsed=1277710015, nowELAPSED=1277615618
2022-04-07 10:26:03.253 1336-1369/? D/WindowManager: setSystemUiVisibility: vis= 0x970c, fullscreenVis= 0x0, dockedVis= 0x0, win=Window{d10b06 u0 com.veraxen.blockblast/com.veraxen.blockblast.presentation.main_activity.MainActivity}
2022-04-07 10:26:03.253 1336-2170/? I/SamsungAlarmManager: setLocked to kernel - T:3 / 20220407T102700, SetElapsed=1277672365, nowELAPSED=1277615618
2022-04-07 10:26:03.253 1336-7188/? D/InputDispatcher: Focus entered window (7660): d10b06  0
2022-04-07 10:26:03.253 1781-1781/? D/LightBarController: onNavigationVisibilityChanged : vis = 970c, nbModeChanged = false navigationBarMode = 4
2022-04-07 10:26:03.253 1336-1381/? D/WindowManager: reportFocusChangedSerialized, focused=true, inTouchMode=true, win=Window{d10b06 u0 com.veraxen.blockblast/com.veraxen.blockblast.presentation.main_activity.MainActivity}
2022-04-07 10:26:03.253 1336-7187/? D/SamsungPhoneWindowManager: adjustSystemUiVisibilityLw: vis=0x970c
2022-04-07 10:26:03.253 1336-7187/? D/InputManager-JNI: setSystemUiVisibility dexmode: false changed: true displayid: 0 visibility: 0x970c DD: 0x970c OD: 0x0
2022-04-07 10:26:03.254 7660-7660/? D/ViewRootImpl@501e73b[MainActivity]: Relayout returned: old=[0,0][1200,1920] new=[0,0][1200,1920] result=0x7 surface={true 514707996672} changed=true
2022-04-07 10:26:03.254 7660-7740/? D/OpenGLRenderer: eglCreateWindowSurface = 0x77fdf37380, 0x77d6fcc010
2022-04-07 10:26:03.255 7660-7660/? D/ViewRootImpl@501e73b[MainActivity]: MSG_WINDOW_FOCUS_CHANGED 1 1
2022-04-07 10:26:03.255 7660-7660/? D/InputMethodManager: prepareNavigationBarInfo() DecorView@adee015[MainActivity]
2022-04-07 10:26:03.255 7660-7660/? D/InputMethodManager: getNavigationBarColor() 0
2022-04-07 10:26:03.255 4009-8316/? D/GOS:PkgData: PkgData(), pkgName: com.veraxen.blockblast
2022-04-07 10:26:03.255 4009-8316/? D/GOS:PkgData: setCustomFeatureFlag, pkgName: com.veraxen.blockblast, old featureFlag: 342277969730895875, new featureFlag: 342277969730895875
2022-04-07 10:26:03.256 4009-8316/? D/GOS:GameAppReactor: onGameResume. [com.veraxen.blockblast], isCreate: false
2022-04-07 10:26:03.256 4009-8316/? D/GOS:StatusCollector: startCollecting for com.veraxen.blockblast
2022-04-07 10:26:03.256 4009-8316/? D/GOS:GlobalDAO: isCollectingAgreedByUser(), samsung_errorlog_agree: 1
2022-04-07 10:26:03.256 7660-7660/? D/InputMethodManager: prepareNavigationBarInfo() DecorView@adee015[MainActivity]
2022-04-07 10:26:03.256 7660-7660/? D/InputMethodManager: getNavigationBarColor() 0
2022-04-07 10:26:03.256 7660-7660/? D/InputMethodManager: startInputInner - Id : 0
2022-04-07 10:26:03.256 7660-7660/? I/InputMethodManager: startInputInner - mService.startInputOrWindowGainedFocus
2022-04-07 10:26:03.256 1336-1936/? D/InputMethodManagerService: startInputOrWindowGainedFocus : windowGainedFocus 
2022-04-07 10:26:03.256 1336-1936/? D/InputMethodManagerService: windowGainedFocus: destinationUserId (getCallingUid) = 0
2022-04-07 10:26:03.256 1336-1936/? D/InputMethodManagerService: windowGainedFocus: currentUserId=0
2022-04-07 10:26:03.256 1336-1936/? D/InputMethodManagerService: windowGainedFocus: mCurrentFocusedUserId=0
2022-04-07 10:26:03.256 1336-1936/? D/InputMethodManagerService: windowGainedFocus : lock - currentUserId = 0 destinationUserId = 0
2022-04-07 10:26:03.257 1336-1936/? D/InputMethodManagerService: windowGainedFocus : mCurrentFocusedUserId - 0 and mSecureKeypadEnabled - false, userSwitched - false
2022-04-07 10:26:03.257 1336-1936/? D/InputMethodManagerService: isImeSwitcherDisabledPackage : false
2022-04-07 10:26:03.257 1336-1936/? D/InputMethodManagerService: DESKTOP MODE! : 2
2022-04-07 10:26:03.257 1336-1936/? D/InputMethodManagerService: NOT IN KNOX DESKTOP MODE!
2022-04-07 10:26:03.257 1336-1936/? D/InputMethodManagerService: updateSystemUiLocked 0
2022-04-07 10:26:03.257 1336-1936/? D/InputMethodManagerService: updateSystemUiLocked(), setImeWindowStatusToType, vis : 0 backDisposition : 0
2022-04-07 10:26:03.257 1336-1936/? D/InputMethodManagerService: checkDisplayOfStartInputAndUpdateKeyboard display Id 0last 0
2022-04-07 10:26:03.257 1336-1936/? D/InputMethodManagerService: setCurrentInputInfo - inputContext : null eidtorInfo : android.view.inputmethod.EditorInfo@2d65bc4 missingMethods : 0
2022-04-07 10:26:03.257 1336-1936/? D/InputTransport: Input channel constructed: fd=443
2022-04-07 10:26:03.257 1781-1781/? D/NavigationBar: setImeWindowStatus() imeShown = false, backDisposition = 0, showImeSwitcher = false
2022-04-07 10:26:03.257 1336-1936/? D/InputTransport: Input channel destroyed: fd=443
2022-04-07 10:26:03.258 19855-19855/? D/InputTransport: Input channel destroyed: fd=87
2022-04-07 10:26:03.258 7660-7660/? D/InputTransport: Input channel constructed: fd=180
2022-04-07 10:26:03.259 7372-8315/? I/GameTools: AlarmIntentService : unregisterAlarm : ACTION_SMILE
2022-04-07 10:26:03.259 7372-7423/? I/GameTools: GameScreenModeManager : not SUPPORT_GAME_SCREEN_MODE
2022-04-07 10:26:03.259 7372-7423/? I/GameTools: DolbyAtmosManager : isDefaultOnDolbyInGame: true
2022-04-07 10:26:03.259 7372-7423/? I/GameTools: DolbyAtmosManager : onResume
2022-04-07 10:26:03.261 3499-3525/? D/SAContentProvider: Requested Path : -1 , Actual Path : 0
2022-04-07 10:26:03.261 3499-3525/? D/SAContentProvider: Query for: DOLBY_ATMOS_GAME_PROFILE
2022-04-07 10:26:03.261 3499-3525/? D/SAContentProvider: Query result : 0
2022-04-07 10:26:03.261 19940-19940/? I/InputMethodWrapper:  call dispatchStartInputWithToken
2022-04-07 10:26:03.261 19940-19940/? I/InputMethodService: dispatchStartInputWithToken
2022-04-07 10:26:03.262 7660-7660/? D/ViewRootImpl@501e73b[MainActivity]: Relayout returned: old=[0,0][1200,1920] new=[0,0][1200,1920] result=0x3 surface={true 514707996672} changed=false
2022-04-07 10:26:03.263 4009-8316/? D/GOS:StatusCollector: batteryPercentResume: 4
2022-04-07 10:26:03.263 4009-8316/? D/GOS:StatusCollector: cableConnectedResume: 2
2022-04-07 10:26:03.263 4009-8316/? D/GOS:StatusCollector: screenBrightnessResume: 100
2022-04-07 10:26:03.263 4009-8316/? D/GOS:StatusCollector: screenBrightnessModeResume: 1
2022-04-07 10:26:03.263 4009-8316/? D/GOS:PkgData: getEnabledFeatureFlagsWithGlobal(), global feature flag : 342277969730895875
2022-04-07 10:26:03.263 4009-8316/? D/GOS:PkgData: getEnabledFeatureFlagsWithGlobal(), final, feature flag : 343412665726533635
2022-04-07 10:26:03.263 4009-8316/? D/GOS:GameAppReactor: actualFeatureFlag: 343412665726533635
2022-04-07 10:26:03.263 4009-8316/? D/GOS:DfsFeature: getMergedEachModeDfs()-merged: [60.0, 60.0, 60.0, 30.0], com.veraxen.blockblast
2022-04-07 10:26:03.263 4009-8316/? D/GOS:GameAppReactor: onGameResume(), newFps: 60
2022-04-07 10:26:03.263 4009-8316/? D/GOS:TemperatureReactor: onResume , ControlSettings{brightness=false, volume=false, fps=false, tmode=false, pstCheckInt=30000}
2022-04-07 10:26:03.264 4009-8316/? D/GOS:GlobalDAO: isCollectingAgreedByUser(), samsung_errorlog_agree: 1
2022-04-07 10:26:03.264 4009-8316/? D/GOS:MicroGameBenchFeature: onResume. com.veraxen.blockblast, allowed: true
2022-04-07 10:26:03.264 7372-7423/? I/GameTools: DolbyAtmosManager : Queried Dolby Atmos Uri... DolbyGameOn = 0
2022-04-07 10:26:03.264 4009-8316/? D/GOS:IpmFeature: onResume. com.veraxen.blockblast
2022-04-07 10:26:03.264 4009-8317/? D/GOS:GBPerformanceCollector: Starting recording...
2022-04-07 10:26:03.264 4009-8316/? D/GOS:IpmFeature: onResume. globalIpmPolicy : {"feature_flag_policy":"1","ipm_target_pst_default":"510","ipm_target_pst_high":"520","ipm_target_lrp_default":"410","ipm_target_lrp_high":"420","ipm_start_wout_trining":"1","ipm_allow_during_charging":"1","ipm_revert_SIOP_if_high":"1","ipm_revert_SIOP_if_over":"5","ipm_revert_SIOP_if_less":"-3","ipm_input_temp_type":"1","enableCpuMinFreqControl":"0","use_whitelist":false,"launch_modes":{"game_launcher":[false,true,true]}}
2022-04-07 10:26:03.264 4009-8317/? I/GOS:GBPerformanceCollector: Started
2022-04-07 10:26:03.265 4009-8316/? D/GOS:GlobalDAO: isPositiveFeatureFlag(). index: 40, mServerFeatureFlagPolicy.length(): 64, mServerFeatureFlagPolicy: NNNNNNNNNNNNNNNNNNNNNNNNNNNNNNNNNNNNNNNNNNN1NNNNNN1NNNNNNNNNN0NN
2022-04-07 10:26:03.265 4009-8316/? D/GOS:IpmFeature: onResume. global launcherMode 1
2022-04-07 10:26:03.266 7372-7423/? I/GameTools: DolbyAtmosManager : changeGameDolbyAtmos : false
2022-04-07 10:26:03.266 7372-7423/? I/GameTools: DolbyAtmosManager : notifyToSoundAlive... enable: false isResume: true cv: FROM_GAME_APP=1 DOLBY_ATMOS_GAME_PROFILE=0
2022-04-07 10:26:03.266 7372-8315/? I/GameTools: GameToolsIntentService : GameToolsService already started.
2022-04-07 10:26:03.266 7372-8315/? I/GameTools: GameToolsIntentService : GameTools Version : 2.5.70.4
2022-04-07 10:26:03.266 7372-8315/? I/GameTools: DreamToolsEventMgr : addEvent 1010
2022-04-07 10:26:03.266 7372-8315/? I/GameTools: GameToolsIntentService : RESUMED- , com.veraxen.blockblast
2022-04-07 10:26:03.267 7372-7422/? I/GameTools: DreamToolsEventMgr : process EVENT_PRIMARY_LOADING_APPLICATION_INFO
2022-04-07 10:26:03.267 1336-5840/? D/GameManagerService: getForegroundApp
2022-04-07 10:26:03.269 1336-5840/? D/WindowManager: finishDrawingWindow: Window{d10b06 u0 com.veraxen.blockblast/com.veraxen.blockblast.presentation.main_activity.MainActivity} mDrawState=DRAW_PENDING
2022-04-07 10:26:03.269 709-730/? D/EnterpriseController: netId is 0
2022-04-07 10:26:03.270 1336-1449/? I/WindowManager: commitFinishDrawingLocked: mDrawState=READY_TO_SHOW Surface(name=com.veraxen.blockblast/com.veraxen.blockblast.presentation.main_activity.MainActivity[7660])/@0xb03a1e2
2022-04-07 10:26:03.270 709-730/? E/Netd: getNetworkForDns: getNetId from enterpriseCtrl is netid 0
2022-04-07 10:26:03.270 709-730/? D/DnsProxyListener: DNSDBG::dns addrinfo af 2
2022-04-07 10:26:03.270 2776-2801/? D/[AirCmd]_MediaControlStateMonitor: getActivePackageName : noti count=59, session count=0
2022-04-07 10:26:03.270 2776-2801/? D/[AirCmd]_PenActionRule: getAction : get default action data from remote action because pen action data is null.
2022-04-07 10:26:03.270 2776-2801/? D/[AirCmd]_RemoteSpenMainController: onSwitch : isEmptyDoubleClickActionData is false
2022-04-07 10:26:03.270 2776-2801/? D/[AirCmd]_BleSpenButtonActionDetector: enableDoubleClickDetection: enabled=true, doubleClickWaitInterval=300
2022-04-07 10:26:03.270 2776-2801/? D/[AirCmd]_RemoteSpenMainController: onSwitch : package is com.veraxen.blockblast   and activity is com.veraxen.blockblast.presentation.main_activity.MainActivity and isBleConnected is false and hasActions is false
2022-04-07 10:26:03.270 2776-2801/? D/[AirCmd]_NotSpenActionScreenGuidePopupTrigger: updateState
2022-04-07 10:26:03.270 2776-2776/? D/AC:AirCommandHomeController: onBleFloatingIconStateChanged isEnabled : false, delay : 250
2022-04-07 10:26:03.270 1336-1449/? D/RemoteAnimationController: createAnimationAdapter(): token=AppWindowToken{230f94e token=Token{c029c49 ActivityRecord{db75250 u0 com.sec.android.app.launcher/.activities.LauncherActivity t2}}}
2022-04-07 10:26:03.270 1336-1449/? I/WindowManager: Cancelling animation restarting=true, leash=null, surface=Surface(name=AppWindowToken{230f94e token=Token{c029c49 ActivityRecord{db75250 u0 com.sec.android.app.launcher/.activities.LauncherActivity t2}}})/@0x240617a, parent=Surface(name=Task=2)/@0x178dd2b
2022-04-07 10:26:03.270 1336-1449/? I/WindowManager: Reparenting to leash, surface=Surface(name=AppWindowToken{230f94e token=Token{c029c49 ActivityRecord{db75250 u0 com.sec.android.app.launcher/.activities.LauncherActivity t2}}})/@0x240617a
2022-04-07 10:26:03.271 2776-2801/? D/[AirCmd]_NotRecognizedGestureGuidePopupTrigger: updateState
2022-04-07 10:26:03.271 7372-7422/? I/GameTools: DreamToolsEventMgr : getIds passed : no retry
2022-04-07 10:26:03.271 7372-7422/? I/GameTools: DreamToolsEventMgr : onGameResume AppInfo loading completed. {com.veraxen.blockblast:BlockBlast:7660:10877:0}
2022-04-07 10:26:03.271 3499-3525/? D/SAContentProvider: Requested Path : -1 , Actual Path : 0
2022-04-07 10:26:03.271 3499-3525/? W/SemDesktopModeManager: Desktop Mode feature not available or SemDesktopModeManager not instantiated. Please check Configuration.semDesktopModeEnabled instead.
2022-04-07 10:26:03.271 3499-3525/? D/SAContentProvider: Is game active : 1
2022-04-07 10:26:03.271 3499-3525/? D/SAContentProvider: Set value of Dolby Atmos for Game Profile : 0
2022-04-07 10:26:03.271 3499-3525/? D/SAContentProvider: Game-App on >> Apply game effect for switch-preference : false
2022-04-07 10:26:03.271 3499-3525/? D/SAEffectManager: applyDolbyGameEffect, state : false
2022-04-07 10:26:03.271 3499-3525/? D/SAEffectManager: applyDolbyGameEffect, gameEnable : 1
2022-04-07 10:26:03.271 3499-3525/? D/SAEffectManager: applyDolbyGameEffect, gameEnable : 1
2022-04-07 10:26:03.271 3499-3525/? D/SAEffectManager: applyDolbyGameEffect, turning dolby off
2022-04-07 10:26:03.271 3499-3525/? D/SAEffectManager: togglevalue : false
2022-04-07 10:26:03.271 3499-3525/? D/SAEffectManager: gameAppEnable : true
2022-04-07 10:26:03.271 3499-3525/? D/SAEffectManager: newValueDolby : 5
2022-04-07 10:26:03.271 3499-3525/? D/SAEffectManager: set Dolby as : 5
2022-04-07 10:26:03.272 823-1334/? I/SurfaceFlinger: id=10564 createSurf (5120x5120),2 flag=4, Surface(name=AppWindowToken{230f94e token=Token{c029c49 ActivityRecord{db75250 u0 com.sec.android.app.launcher/.activities.LauncherActivity t2}}})/@0x240617a - animation-leash#0
2022-04-07 10:26:03.272 4009-8318/? D/NetworkManagementSocketTagger: tagSocket(86) with statsTag=0xffffffff, statsUid=-1
2022-04-07 10:26:03.272 949-18280/? D/AudioTrack: setVolume(0.500000, 0.500000) pid : 7660
2022-04-07 10:26:03.272 820-18989/? D/DlbEffectContext: getParam() received parameter EFFECT_PARAM_ENABLE
2022-04-07 10:26:03.272 2776-2801/? D/[AirCmd]_CallbackRepeater: stopRepeat : isWorking=false
2022-04-07 10:26:03.272 949-18280/? D/AudioTrack: setVolume(0.500000, 0.500000) pid : 7660
2022-04-07 10:26:03.272 1336-1913/? D/AudioPlayerStateMonitor: Found a new active media playback. ID:6687 -- type:android.media.MediaPlayer -- u/pid:10877/7660 -- state:started -- attr:AudioAttributes: usage=USAGE_UNKNOWN content=CONTENT_TYPE_UNKNOWN flags=0x0 tags= bundle=null
2022-04-07 10:26:03.272 949-18280/? D/NuPlayerDriver: start(0xeb843240), state is 6, eos is 0
2022-04-07 10:26:03.273 1336-1563/? D/AudioService: notify dvfs state : 2, screen : true
2022-04-07 10:26:03.273 1336-1336/? D/MediaSessionStack: updateMediaButtonSessionIfNeeded, callers=com.android.server.media.MediaSessionService.lambda$onStart$0:212 com.android.server.media.-$$Lambda$MediaSessionService$za_9dlUSlnaiZw6eCdPVEZq0XLw.onAudioPlayerActiveStateChanged:2 
2022-04-07 10:26:03.273 7660-7660/? W/025774.632/main: ADS3: [SKIPPED]
2022-04-07 10:26:03.273 949-8125/? I/NuPlayerRenderer: onResume
2022-04-07 10:26:03.273 949-8125/? D/AudioTrack: setVolume(0.500000, 0.500000) pid : 7660
2022-04-07 10:26:03.273 19940-19940/? I/SKBD_Performance: [IIManager] [PF_CL][onFinishInput] 11412291
2022-04-07 10:26:03.273 1781-1781/? D/SecVolumeStore: dispatch Action : [ACTION_PLAY_BACK_CONFIG_CHANGED]
2022-04-07 10:26:03.273 7660-7660/? W/025774.994/main: ADS3: [AdNetworkAdapterConfig(adNetworkId=12, appId=4515397, adUnitId=BB_AOS_T_REW_7, extra=null)]
2022-04-07 10:26:03.273 820-12893/? I/AudioFlinger: setMixerOutConfig expectKey 202
2022-04-07 10:26:03.273 1781-1781/? D/SecVolumeStore:   * State : [STATE_NONE]
2022-04-07 10:26:03.273 1781-1781/? D/AppVolumeController: onPlaybackConfigChanged add 10877
2022-04-07 10:26:03.273 19940-19940/? D/InputMethodService: checkDisplayOfStartInputAndUpdateKeyboard display Id 0last 0
2022-04-07 10:26:03.273 1781-1781/? D/SecVolumeStore:   * New State : [STATE_NONE]
2022-04-07 10:26:03.273 1781-1781/? D/SecVolumeStore: dispatch Action : [ACTION_PLAY_BACK_CONFIG_CHANGED]
2022-04-07 10:26:03.273 1781-1781/? D/SecVolumeStore:   * State : [STATE_NONE]
2022-04-07 10:26:03.273 1781-1781/? D/AppVolumeController: onPlaybackConfigChanged add 10877
2022-04-07 10:26:03.273 7660-7660/? D/025775.102/main: ADS3: [dalvik.system.VMStack.getThreadStackTrace(...)]
2022-04-07 10:26:03.273 1781-1781/? D/SecVolumeStore:   * New State : [STATE_NONE]
2022-04-07 10:26:03.273 1781-1781/? D/SecVolumeStore: dispatch Action : [ACTION_PLAY_BACK_CONFIG_CHANGED]
2022-04-07 10:26:03.273 1781-1781/? D/SecVolumeStore:   * State : [STATE_NONE]
2022-04-07 10:26:03.273 1781-1781/? D/AppVolumeController: onPlaybackConfigChanged add 10877
2022-04-07 10:26:03.273 1781-1781/? D/SecVolumeStore:   * New State : [STATE_NONE]
2022-04-07 10:26:03.273 820-12893/? I/AudioFlinger: setMixerOutConfig select, mixer out f 5, s 48000, thread out f 4, s 48000
2022-04-07 10:26:03.273 820-12893/? I/AudioEffectStage: getStageIndex media_output_sub1_float48
2022-04-07 10:26:03.273 1781-1781/? D/SecVolumeStore: dispatch Action : [ACTION_PLAY_BACK_CONFIG_CHANGED]
2022-04-07 10:26:03.273 820-12893/? I/AudioFlinger: addStageIndex new -2914, st 3, format 5, sample 48000, flags 0
2022-04-07 10:26:03.273 1781-1781/? D/SecVolumeStore:   * State : [STATE_NONE]
2022-04-07 10:26:03.273 1781-1781/? D/AppVolumeController: onPlaybackConfigChanged add 10877
2022-04-07 10:26:03.273 1781-1781/? D/SecVolumeStore:   * New State : [STATE_NONE]
2022-04-07 10:26:03.273 7660-7660/? D/025775.237/main: ANR_STATS: [rewardedVideoClosed, adNetworkId: 12, reward: coins, adUnit: BB_AOS_T_REW_7]
2022-04-07 10:26:03.273 820-18989/? D/DlbEffectContext: getParam() received parameter EFFECT_PARAM_ENABLE
2022-04-07 10:26:03.273 820-18989/? D/DlbEffectContext: getParam() received parameter EFFECT_PARAM_ENABLE
2022-04-07 10:26:03.273 1781-1781/? D/SecVolumeStore: dispatch Action : [ACTION_PLAY_BACK_CONFIG_CHANGED]
2022-04-07 10:26:03.274 820-18989/? D/DlbEffectContext: getParam() received parameter EFFECT_PARAM_ENABLE
2022-04-07 10:26:03.274 1781-1781/? D/SecVolumeStore:   * State : [STATE_NONE]
2022-04-07 10:26:03.274 820-18989/? D/DlbEffectContext: getParam() received parameter EFFECT_PARAM_ENABLE
2022-04-07 10:26:03.274 1781-1781/? D/AppVolumeController: onPlaybackConfigChanged add 10877
2022-04-07 10:26:03.274 1781-1781/? D/SecVolumeStore:   * New State : [STATE_NONE]
2022-04-07 10:26:03.274 7660-7660/? W/025775.557/main: ADS3: [AdNetworkAdapterConfig(adNetworkId=12, appId=4515397, adUnitId=BB_AOS_T_REW_7, extra=null)]
2022-04-07 10:26:03.274 7660-7660/? W/025775.651/main: ADS3: [dalvik.system.VMStack.getThreadStackTrace(...)]
2022-04-07 10:26:03.274 7660-7660/? W/025775.689/main: ADS3: [dalvik.system.VMStack.getThreadStackTrace(...)]
2022-04-07 10:26:03.274 7660-7660/? W/025775.739/main: ADS3: [dalvik.system.VMStack.getThreadStackTrace(...)]
2022-04-07 10:26:03.274 7660-7660/? W/025775.773/main: ADS3: [dalvik.system.VMStack.getThreadStackTrace(...)]
2022-04-07 10:26:03.274 7660-7660/? W/025775.798/main: ADS3: [[AD MODULE REWARDED VIDEO] - start cycle]
2022-04-07 10:26:03.274 7660-7660/? W/025775.860/main: ADS3: [af7@194d374 | RewardedVideoLoader.reloadTimer | scheduledTimer: 60000]
2022-04-07 10:26:03.274 7660-7660/? W/025775.911/main: ADS3: [dalvik.system.VMStack.getThreadStackTrace(...)]
2022-04-07 10:26:03.274 7660-7660/? D/025775.946/main: ADS3: [adNetworkId: 12]
2022-04-07 10:26:03.274 1781-1781/? D/SecVolumeStore: dispatch Action : [ACTION_PLAY_BACK_CONFIG_CHANGED]
2022-04-07 10:26:03.274 1781-1781/? D/SecVolumeStore:   * State : [STATE_NONE]
2022-04-07 10:26:03.274 1781-1781/? D/AppVolumeController: onPlaybackConfigChanged add 10877
2022-04-07 10:26:03.274 1781-1781/? D/SecVolumeStore:   * New State : [STATE_NONE]
2022-04-07 10:26:03.274 1781-1781/? D/SecVolumeStore: dispatch Action : [ACTION_PLAY_BACK_CONFIG_CHANGED]
2022-04-07 10:26:03.274 1781-1781/? D/SecVolumeStore:   * State : [STATE_NONE]
2022-04-07 10:26:03.274 1781-1781/? D/AppVolumeController: onPlaybackConfigChanged add 10877
2022-04-07 10:26:03.274 1781-1781/? D/SecVolumeStore:   * New State : [STATE_NONE]
2022-04-07 10:26:03.274 7660-7660/? W/025776.362/main: ADS3: [g1e{Active}@483909d | RewardedVideoLoader.reloadTimer | start waiting: 60000]
2022-04-07 10:26:03.274 7660-7660/? W/025776.475/main: ADS3: [dalvik.system.VMStack.getThreadStackTrace(...)]
2022-04-07 10:26:03.275 7660-7660/? W/025776.547/main: ADS3: [dalvik.system.VMStack.getThreadStackTrace(...)]
2022-04-07 10:26:03.275 1336-1449/? D/WindowManager: makeSurface duration=4 leash=Surface(name=Surface(name=AppWindowToken{230f94e token=Token{c029c49 ActivityRecord{db75250 u0 com.sec.android.app.launcher/.activities.LauncherActivity t2}}})/@0x240617a - animation-leash)/@0x2aaf973
2022-04-07 10:26:03.275 7660-7660/? W/025776.600/main: ADS3: [state transition: idle -> loading]
2022-04-07 10:26:03.275 4009-8316/? D/GOS:IpmFeature: onResume. ipmForAllGameEnabled: 
2022-04-07 10:26:03.275 4009-8316/? D/GOS:IpmFeature: start(), revertSiopIfHigh: true
2022-04-07 10:26:03.275 4009-8316/? D/GOS:IpmFeature: start(), revertSiopIfOver: 5
2022-04-07 10:26:03.275 7660-7660/? W/025776.649/main: ADS3: [dalvik.system.VMStack.getThreadStackTrace(...)]
2022-04-07 10:26:03.275 4009-8316/? D/GOS:IpmRevertSiopWithTemp: Changed offset limit to 57
2022-04-07 10:26:03.275 4009-8316/? D/GOS:IpmFeature: start(), revertSIOPifLess: -3
2022-04-07 10:26:03.275 4009-8316/? D/GOS:IpmRevertSiopWithTemp: Changed offset unlimit to 49
2022-04-07 10:26:03.275 1336-1449/? D/SurfaceControl: reparent is called, sc=Surface(name=AppWindowToken{230f94e token=Token{c029c49 ActivityRecord{db75250 u0 com.sec.android.app.launcher/.activities.LauncherActivity t2}}})/@0x240617a, newParentHandle=android.os.BinderProxy@cbf7030, transaction=android.view.SurfaceControl$Transaction@1e31b46
2022-04-07 10:26:03.275 4009-8316/? D/GOS:IpmFeature: start(), enableCpuMinFreqControl: false
2022-04-07 10:26:03.275 4009-8316/? D/GOS:IpmCore: setCpuGap
2022-04-07 10:26:03.275 1336-1449/? D/RemoteAnimationController: startAnimation
2022-04-07 10:26:03.275 3499-3499/? D/BixbyApplication: registerAudioPlaybackCallback : onPlaybackConfigChanged : callback....
