2022-04-07 10:26:01.268 19855-19881/? D/Notification.Badge: notificationKey : 0|com.google.android.gm|1788510941|gig:1850731460:CLASSIC_INBOX_ALL_MAIL|10120, count : 1, mTotalCount : 16
2022-04-07 10:26:01.268 19855-19881/? D/Notification.Badge: [filtered] check channel for special filtering [channel : NotificationChannel{mId='^nc_1_mail_ivan.petrov@veraxen.com', mName=Mail, mDescription=, mImportance=3, mBypassDnd=false, mLockscreenVisibility=-1000, mSound=content://settings/system/notification_sound, mLights=true, mLightColor=0, mVibration=null, mUserLockedFields=0, mFgServiceShown=false, mVibrationEnabled=false, mShowBadge=true, mDeleted=false, mGroup='^ncg_1_account_ivan.petrov@veraxen.com', mAudioAttributes=AudioAttributes: usage=USAGE_NOTIFICATION content=CONTENT_TYPE_SONIFICATION flags=0x0 tags= bundle=null, mBlockableSystem=false}]
2022-04-07 10:26:01.268 19855-19881/? D/Notification.Badge: notificationKey : 0|com.google.android.gm|-941171201|gig:1850731460:CLASSIC_INBOX_ALL_MAIL|10120, count : 0, this.count : 1
2022-04-07 10:26:01.268 19855-19881/? D/Notification.Badge: notificationKey : 0|com.google.android.gm|-941171201|gig:1850731460:CLASSIC_INBOX_ALL_MAIL|10120, count : 1, mTotalCount : 17
2022-04-07 10:26:01.269 19855-19881/? D/Notification.Badge: [filtered] check channel for special filtering [channel : NotificationChannel{mId='^nc_1_mail_ivan.petrov@veraxen.com', mName=Mail, mDescription=, mImportance=3, mBypassDnd=false, mLockscreenVisibility=-1000, mSound=content://settings/system/notification_sound, mLights=true, mLightColor=0, mVibration=null, mUserLockedFields=0, mFgServiceShown=false, mVibrationEnabled=false, mShowBadge=true, mDeleted=false, mGroup='^ncg_1_account_ivan.petrov@veraxen.com', mAudioAttributes=AudioAttributes: usage=USAGE_NOTIFICATION content=CONTENT_TYPE_SONIFICATION flags=0x0 tags= bundle=null, mBlockableSystem=false}]
2022-04-07 10:26:01.269 19855-19881/? D/Notification.Badge: notificationKey : 0|com.google.android.gm|-664331460|gig:1850731460:CLASSIC_INBOX_ALL_MAIL|10120, count : 0, this.count : 1
2022-04-07 10:26:01.269 19855-19881/? D/Notification.Badge: notificationKey : 0|com.google.android.gm|-664331460|gig:1850731460:CLASSIC_INBOX_ALL_MAIL|10120, count : 1, mTotalCount : 18
2022-04-07 10:26:01.269 19855-19881/? D/Notification.Badge: [filtered] check channel for special filtering [channel : NotificationChannel{mId='^nc_1_mail_ivan.petrov@veraxen.com', mName=Mail, mDescription=, mImportance=3, mBypassDnd=false, mLockscreenVisibility=-1000, mSound=content://settings/system/notification_sound, mLights=true, mLightColor=0, mVibration=null, mUserLockedFields=0, mFgServiceShown=false, mVibrationEnabled=false, mShowBadge=true, mDeleted=false, mGroup='^ncg_1_account_ivan.petrov@veraxen.com', mAudioAttributes=AudioAttributes: usage=USAGE_NOTIFICATION content=CONTENT_TYPE_SONIFICATION flags=0x0 tags= bundle=null, mBlockableSystem=false}]
2022-04-07 10:26:01.269 19855-19881/? D/Notification.Badge: notificationKey : 0|com.google.android.gm|-1209518700|gig:1850731460:CLASSIC_INBOX_ALL_MAIL|10120, count : 0, this.count : 1
2022-04-07 10:26:01.269 19855-19881/? D/Notification.Badge: notificationKey : 0|com.google.android.gm|-1209518700|gig:1850731460:CLASSIC_INBOX_ALL_MAIL|10120, count : 1, mTotalCount : 19
2022-04-07 10:26:01.269 19855-19881/? D/Notification.Badge: [filtered] check channel for special filtering [channel : NotificationChannel{mId='^nc_1_mail_ivan.petrov@veraxen.com', mName=Mail, mDescription=, mImportance=3, mBypassDnd=false, mLockscreenVisibility=-1000, mSound=content://settings/system/notification_sound, mLights=true, mLightColor=0, mVibration=null, mUserLockedFields=0, mFgServiceShown=false, mVibrationEnabled=false, mShowBadge=true, mDeleted=false, mGroup='^ncg_1_account_ivan.petrov@veraxen.com', mAudioAttributes=AudioAttributes: usage=USAGE_NOTIFICATION content=CONTENT_TYPE_SONIFICATION flags=0x0 tags= bundle=null, mBlockableSystem=false}]
2022-04-07 10:26:01.269 19855-19881/? D/Notification.Badge: notificationKey : 0|com.google.android.gm|-537672807|gig:1850731460:CLASSIC_INBOX_ALL_MAIL|10120, count : 0, this.count : 1
2022-04-07 10:26:01.269 19855-19881/? D/Notification.Badge: notificationKey : 0|com.google.android.gm|-537672807|gig:1850731460:CLASSIC_INBOX_ALL_MAIL|10120, count : 1, mTotalCount : 20
2022-04-07 10:26:01.269 7660-7660/? D/ViewRootImpl@46760f0[AdUnitActivity]: MSG_WINDOW_FOCUS_CHANGED 0 1
2022-04-07 10:26:01.269 19855-19881/? D/Notification.Badge: [filtered] check channel for special filtering [channel : NotificationChannel{mId='^nc_1_mail_ivan.petrov@veraxen.com', mName=Mail, mDescription=, mImportance=3, mBypassDnd=false, mLockscreenVisibility=-1000, mSound=content://settings/system/notification_sound, mLights=true, mLightColor=0, mVibration=null, mUserLockedFields=0, mFgServiceShown=false, mVibrationEnabled=false, mShowBadge=true, mDeleted=false, mGroup='^ncg_1_account_ivan.petrov@veraxen.com', mAudioAttributes=AudioAttributes: usage=USAGE_NOTIFICATION content=CONTENT_TYPE_SONIFICATION flags=0x0 tags= bundle=null, mBlockableSystem=false}]
2022-04-07 10:26:01.269 19855-19881/? D/Notification.Badge: notificationKey : 0|com.google.android.gm|549417372|gig:1850731460:CLASSIC_INBOX_ALL_MAIL|10120, count : 0, this.count : 1
2022-04-07 10:26:01.269 19855-19881/? D/Notification.Badge: notificationKey : 0|com.google.android.gm|549417372|gig:1850731460:CLASSIC_INBOX_ALL_MAIL|10120, count : 1, mTotalCount : 21
2022-04-07 10:26:01.269 19855-19881/? D/Notification.Badge: [filtered] check channel for special filtering [channel : NotificationChannel{mId='^nc_1_mail_ivan.petrov@veraxen.com', mName=Mail, mDescription=, mImportance=3, mBypassDnd=false, mLockscreenVisibility=-1000, mSound=content://settings/system/notification_sound, mLights=true, mLightColor=0, mVibration=null, mUserLockedFields=0, mFgServiceShown=false, mVibrationEnabled=false, mShowBadge=true, mDeleted=false, mGroup='^ncg_1_account_ivan.petrov@veraxen.com', mAudioAttributes=AudioAttributes: usage=USAGE_NOTIFICATION content=CONTENT_TYPE_SONIFICATION flags=0x0 tags= bundle=null, mBlockableSystem=false}]
2022-04-07 10:26:01.269 19855-19881/? D/Notification.Badge: notificationKey : 0|com.google.android.gm|-556739384|gig:1850731460:CLASSIC_INBOX_ALL_MAIL|10120, count : 0, this.count : 1
2022-04-07 10:26:01.269 7660-7660/? D/InputMethodManager: prepareNavigationBarInfo() DecorView@59cc084[AdUnitActivity]
2022-04-07 10:26:01.269 19855-19881/? D/Notification.Badge: notificationKey : 0|com.google.android.gm|-556739384|gig:1850731460:CLASSIC_INBOX_ALL_MAIL|10120, count : 1, mTotalCount : 22
2022-04-07 10:26:01.269 7660-7660/? D/InputMethodManager: getNavigationBarColor() -855310
2022-04-07 10:26:01.269 19855-19881/? D/Notification.Badge: [filtered] check channel for special filtering [channel : NotificationChannel{mId='^nc_1_mail_ivan.petrov@veraxen.com', mName=Mail, mDescription=, mImportance=3, mBypassDnd=false, mLockscreenVisibility=-1000, mSound=content://settings/system/notification_sound, mLights=true, mLightColor=0, mVibration=null, mUserLockedFields=0, mFgServiceShown=false, mVibrationEnabled=false, mShowBadge=true, mDeleted=false, mGroup='^ncg_1_account_ivan.petrov@veraxen.com', mAudioAttributes=AudioAttributes: usage=USAGE_NOTIFICATION content=CONTENT_TYPE_SONIFICATION flags=0x0 tags= bundle=null, mBlockableSystem=false}]
2022-04-07 10:26:01.269 19855-19881/? D/Notification.Badge: notificationKey : 0|com.google.android.gm|1696858571|gig:1850731460:CLASSIC_INBOX_ALL_MAIL|10120, count : 0, this.count : 1
2022-04-07 10:26:01.269 19855-19881/? D/Notification.Badge: notificationKey : 0|com.google.android.gm|1696858571|gig:1850731460:CLASSIC_INBOX_ALL_MAIL|10120, count : 1, mTotalCount : 23
2022-04-07 10:26:01.269 19855-19881/? D/Notification.Badge: [filtered] check channel for special filtering [channel : NotificationChannel{mId='^nc_1_mail_ivan.petrov@veraxen.com', mName=Mail, mDescription=, mImportance=3, mBypassDnd=false, mLockscreenVisibility=-1000, mSound=content://settings/system/notification_sound, mLights=true, mLightColor=0, mVibration=null, mUserLockedFields=0, mFgServiceShown=false, mVibrationEnabled=false, mShowBadge=true, mDeleted=false, mGroup='^ncg_1_account_ivan.petrov@veraxen.com', mAudioAttributes=AudioAttributes: usage=USAGE_NOTIFICATION content=CONTENT_TYPE_SONIFICATION flags=0x0 tags= bundle=null, mBlockableSystem=false}]
2022-04-07 10:26:01.269 19855-19881/? D/Notification.Badge: notificationKey : 0|com.google.android.gm|-1657319999|gig:1850731460:CLASSIC_INBOX_ALL_MAIL|10120, count : 0, this.count : 1
2022-04-07 10:26:01.269 19855-19881/? D/Notification.Badge: notificationKey : 0|com.google.android.gm|-1657319999|gig:1850731460:CLASSIC_INBOX_ALL_MAIL|10120, count : 1, mTotalCount : 24
2022-04-07 10:26:01.269 19855-19881/? D/Notification.Badge: [filtered] check channel for special filtering [channel : NotificationChannel{mId='^nc_1_mail_ivan.petrov@veraxen.com', mName=Mail, mDescription=, mImportance=3, mBypassDnd=false, mLockscreenVisibility=-1000, mSound=content://settings/system/notification_sound, mLights=true, mLightColor=0, mVibration=null, mUserLockedFields=0, mFgServiceShown=false, mVibrationEnabled=false, mShowBadge=true, mDeleted=false, mGroup='^ncg_1_account_ivan.petrov@veraxen.com', mAudioAttributes=AudioAttributes: usage=USAGE_NOTIFICATION content=CONTENT_TYPE_SONIFICATION flags=0x0 tags= bundle=null, mBlockableSystem=false}]
2022-04-07 10:26:01.269 19855-19881/? D/Notification.Badge: notificationKey : 0|com.google.android.gm|-569695662|gig:1850731460:CLASSIC_INBOX_ALL_MAIL|10120, count : 0, this.count : 1
2022-04-07 10:26:01.269 19855-19881/? D/Notification.Badge: notificationKey : 0|com.google.android.gm|-569695662|gig:1850731460:CLASSIC_INBOX_ALL_MAIL|10120, count : 1, mTotalCount : 25
2022-04-07 10:26:01.269 19855-19881/? D/Notification.Badge: [filtered] check channel for special filtering [channel : NotificationChannel{mId='^nc_1_mail_ivan.petrov@veraxen.com', mName=Mail, mDescription=, mImportance=3, mBypassDnd=false, mLockscreenVisibility=-1000, mSound=content://settings/system/notification_sound, mLights=true, mLightColor=0, mVibration=null, mUserLockedFields=0, mFgServiceShown=false, mVibrationEnabled=false, mShowBadge=true, mDeleted=false, mGroup='^ncg_1_account_ivan.petrov@veraxen.com', mAudioAttributes=AudioAttributes: usage=USAGE_NOTIFICATION content=CONTENT_TYPE_SONIFICATION flags=0x0 tags= bundle=null, mBlockableSystem=false}]
2022-04-07 10:26:01.269 19855-19881/? D/Notification.Badge: notificationKey : 0|com.google.android.gm|77796448|gig:1850731460:CLASSIC_INBOX_ALL_MAIL|10120, count : 0, this.count : 1
2022-04-07 10:26:01.269 19855-19881/? D/Notification.Badge: notificationKey : 0|com.google.android.gm|77796448|gig:1850731460:CLASSIC_INBOX_ALL_MAIL|10120, count : 1, mTotalCount : 26
2022-04-07 10:26:01.269 19855-19881/? D/Notification.Badge: [filtered] check channel for special filtering [channel : NotificationChannel{mId='^nc_1_mail_ivan.petrov@veraxen.com', mName=Mail, mDescription=, mImportance=3, mBypassDnd=false, mLockscreenVisibility=-1000, mSound=content://settings/system/notification_sound, mLights=true, mLightColor=0, mVibration=null, mUserLockedFields=0, mFgServiceShown=false, mVibrationEnabled=false, mShowBadge=true, mDeleted=false, mGroup='^ncg_1_account_ivan.petrov@veraxen.com', mAudioAttributes=AudioAttributes: usage=USAGE_NOTIFICATION content=CONTENT_TYPE_SONIFICATION flags=0x0 tags= bundle=null, mBlockableSystem=false}]
2022-04-07 10:26:01.269 19855-19881/? D/Notification.Badge: notificationKey : 0|com.google.android.gm|-244700637|gig:1850731460:CLASSIC_INBOX_ALL_MAIL|10120, count : 0, this.count : 1
2022-04-07 10:26:01.269 19855-19881/? D/Notification.Badge: notificationKey : 0|com.google.android.gm|-244700637|gig:1850731460:CLASSIC_INBOX_ALL_MAIL|10120, count : 1, mTotalCount : 27
2022-04-07 10:26:01.269 19855-19881/? D/Notification.Badge: [filtered] check channel for special filtering [channel : NotificationChannel{mId='^nc_1_mail_ivan.petrov@veraxen.com', mName=Mail, mDescription=, mImportance=3, mBypassDnd=false, mLockscreenVisibility=-1000, mSound=content://settings/system/notification_sound, mLights=true, mLightColor=0, mVibration=null, mUserLockedFields=0, mFgServiceShown=false, mVibrationEnabled=false, mShowBadge=true, mDeleted=false, mGroup='^ncg_1_account_ivan.petrov@veraxen.com', mAudioAttributes=AudioAttributes: usage=USAGE_NOTIFICATION content=CONTENT_TYPE_SONIFICATION flags=0x0 tags= bundle=null, mBlockableSystem=false}]
2022-04-07 10:26:01.269 19855-19881/? D/Notification.Badge: notificationKey : 0|com.google.android.gm|911187912|gig:1850731460:CLASSIC_INBOX_ALL_MAIL|10120, count : 0, this.count : 1
2022-04-07 10:26:01.270 7660-7660/? D/ViewRootImpl@46760f0[AdUnitActivity]: stopped(true) old=false
2022-04-07 10:26:01.270 1336-7187/? D/GameManagerService: setTargetFrameRate(), mCurrentUserId: 0, callerUserId: 0
2022-04-07 10:26:01.270 823-884/? I/SurfaceFlinger: DFS = 60 
2022-04-07 10:26:01.271 4009-8284/? D/GOS:EventSubscriptionDAO: getSubscriberListOfEvent(GAME_PAUSED)
2022-04-07 10:26:01.272 2776-2801/? D/[AirCmd]_MediaControlStateMonitor: getActivePackageName : noti count=59, session count=0
2022-04-07 10:26:01.272 2776-2801/? D/[AirCmd]_PenActionRule: getAction : get default action data from remote action because pen action data is null.
2022-04-07 10:26:01.272 2776-2801/? D/[AirCmd]_RemoteSpenMainController: onSwitch : isEmptyDoubleClickActionData is false
2022-04-07 10:26:01.272 2776-2801/? D/[AirCmd]_BleSpenButtonActionDetector: enableDoubleClickDetection: enabled=true, doubleClickWaitInterval=300
2022-04-07 10:26:01.272 2776-2801/? D/[AirCmd]_RemoteSpenMainController: onSwitch : package is com.sec.android.app.launcher   and activity is com.android.launcher3.infra.activity.Launcher and isBleConnected is false and hasActions is false
2022-04-07 10:26:01.272 2776-2801/? D/[AirCmd]_NotSpenActionScreenGuidePopupTrigger: updateState
2022-04-07 10:26:01.272 2776-2776/? D/AC:AirCommandHomeController: onBleFloatingIconStateChanged isEnabled : false, delay : 250
2022-04-07 10:26:01.273 2776-2801/? D/[AirCmd]_NotRecognizedGestureGuidePopupTrigger: updateState
2022-04-07 10:26:01.273 2776-2801/? D/[AirCmd]_CallbackRepeater: stopRepeat : isWorking=false
2022-04-07 10:26:01.275 4009-8284/? D/GOS:EventPublisher: publishEvent()-(type=GAME_PAUSED, pkgName=com.veraxen.blockblast) to (subscriberInfo={})
2022-04-07 10:26:01.279 1336-3707/? D/PackageManager: getComponentMetadataForIconTray : com.veraxen.blockblast.presentation.main_activity.MainActivity does not exist in mServices
2022-04-07 10:26:01.279 1336-3707/? D/PackageManager: getComponentMetadataForIconTray : com.veraxen.blockblast.presentation.main_activity.MainActivity does not exist in mProviders
2022-04-07 10:26:01.279 1336-3707/? D/PackageManager: getComponentMetadataForIconTray : com.veraxen.blockblast.presentation.main_activity.MainActivity does not exist in mReceivers
2022-04-07 10:26:01.280 4009-8290/? I/GOS:GBPerformanceCollector: externalSummaryWritten(), Silent mode Summary file written
2022-04-07 10:26:01.280 4009-8290/? D/GOS:TypeConverter: compressBytesGzip(), Original: 0 KB
2022-04-07 10:26:01.280 4009-8290/? D/GOS:TypeConverter: compressBytesGzip(), Compressed: 0 KB
2022-04-07 10:26:01.291 4009-8290/? I/GOS:GBPerformanceCollector: externalSummaryWritten(), added for com.veraxen.blockblast
2022-04-07 10:26:01.292 823-884/? I/SurfaceFlinger: id=10556 createSurf (1600x2560),1 flag=4, com.sec.android.app.launcher/com.sec.android.app.launcher.activities.LauncherActivity[19855]#0
2022-04-07 10:26:01.292 1336-1913/? D/ConnectivityService: filterNetworkStateForUid() uid: 10877, pid: 7660
2022-04-07 10:26:01.292 1336-1913/? D/ConnectivityService: isNetworkWithLinkPropertiesBlocked: uid=10877, vpn=DISCONNECTED,false
2022-04-07 10:26:01.292 1336-1913/? D/ConnectivityService: filterNetworkStateForUid() uid: 10877, pid: 7660, networkInfo: [type: WIFI[], state: CONNECTED/CONNECTED, reason: (unspecified), extra: (none), failover: false, available: true, roaming: false]
2022-04-07 10:26:01.292 1336-7187/? D/WindowManager: makeSurface duration=17 name=com.sec.android.app.launcher/com.sec.android.app.launcher.activities.LauncherActivity[19855]
2022-04-07 10:26:01.293 1336-7187/? D/StatusBarManagerService: notifyRequestedSystemKey recent=false home=false
2022-04-07 10:26:01.293 1336-1369/? D/WindowManager: setSystemUiVisibility: vis= 0x2718, fullscreenVis= 0x0, dockedVis= 0x0, win=Window{6444bd9 u0 com.sec.android.app.launcher/com.sec.android.app.launcher.activities.LauncherActivity}
2022-04-07 10:26:01.293 1336-7187/? D/InputDispatcher: Focus entered window (19855): 6444bd9 0
2022-04-07 10:26:01.294 1781-1781/? D/BarTransitions.PhoneStatusBarView: MODE_LIGHTS_OUT_TRANSPARENT -> MODE_TRANSPARENT animate=false
2022-04-07 10:26:01.294 19855-19855/? D/ViewRootImpl@ab78d1c[LauncherActivity]: Relayout returned: old=[0,0][1600,2560] new=[0,0][1600,2560] result=0x7 surface={true 515274620928} changed=true
2022-04-07 10:26:01.294 19855-19855/? D/DragLayer: DragLayer onApplyWindowInsets
2022-04-07 10:26:01.294 1781-1781/? D/BarTransitions.SecNavigationBarView: MODE_LIGHTS_OUT -> MODE_OPAQUE animate=false
2022-04-07 10:26:01.294 1781-1781/? D/Navbar.ImmersiveControllerAdapter: onSystemUiVisibilityChanged - 10008,0
2022-04-07 10:26:01.294 1781-1781/? I/Navbar.ImmersiveController: handleEvent - VISIBLE, BAR_MODE_CHANGED
2022-04-07 10:26:01.294 1781-1781/? D/LightBarController: onNavigationVisibilityChanged : vis = 2718, nbModeChanged = true navigationBarMode = 0
2022-04-07 10:26:01.295 1336-1381/? D/WindowManager: reportFocusChangedSerialized, focused=true, inTouchMode=true, win=Window{6444bd9 u0 com.sec.android.app.launcher/com.sec.android.app.launcher.activities.LauncherActivity}
2022-04-07 10:26:01.295 1336-3707/? D/SamsungPhoneWindowManager: adjustSystemUiVisibilityLw: vis=0x2718
2022-04-07 10:26:01.295 1336-3707/? D/InputManager-JNI: setSystemUiVisibility dexmode: false changed: true displayid: 0 visibility: 0x2718 DD: 0x2718 OD: 0x0
2022-04-07 10:26:01.295 1336-1381/? D/PowerManagerService: [api] setScreenDimDurationOverrideFromWindowManagerInternal: timeoutMillis: 200000
2022-04-07 10:26:01.300 7660-7660/? E/InputMethodManager: prepareNavigationBarInfo() rootView is null
2022-04-07 10:26:01.300 7660-7660/? D/InputMethodManager: startInputInner - Id : 0
2022-04-07 10:26:01.300 7660-7660/? I/InputMethodManager: startInputInner - mService.startInputOrWindowGainedFocus
2022-04-07 10:26:01.300 1336-3707/? D/InputMethodManagerService: startInputOrWindowGainedFocus : startInput 
2022-04-07 10:26:01.300 1336-3707/? W/InputMethodManagerService: Starting input on non-focused client com.android.internal.view.IInputMethodClient$Stub$Proxy@6148807 (uid=10877 pid=7660)
2022-04-07 10:26:01.300 1336-3707/? W/InputMethodManagerService:  Starting startInputUncheckedLocked 
2022-04-07 10:26:01.300 19855-20059/? D/OpenGLRenderer: eglCreateWindowSurface = 0x7818fa7700, 0x77f8c2c010
2022-04-07 10:26:01.300 1336-3707/? D/InputMethodManagerService: checkDisplayOfStartInputAndUpdateKeyboard display Id 0last 0
2022-04-07 10:26:01.300 1336-3707/? D/InputMethodManagerService: setCurrentInputInfo - inputContext : null eidtorInfo : android.view.inputmethod.EditorInfo@e8a175d missingMethods : 0
2022-04-07 10:26:01.301 1336-3707/? D/InputTransport: Input channel constructed: fd=473
2022-04-07 10:26:01.301 1336-3707/? D/InputTransport: Input channel destroyed: fd=473
2022-04-07 10:26:01.301 19855-19855/? I/LauncherWidgetHostView: reinflateWidgetsIfNecessary, Not required: 2
2022-04-07 10:26:01.301 19855-19855/? I/LauncherWidgetHostView: reinflateWidgetsIfNecessary, Not required: 3
2022-04-07 10:26:01.301 19855-19855/? I/LauncherWidgetHostView: reinflateWidgetsIfNecessary, Not required: 4
2022-04-07 10:26:01.301 19855-19855/? I/LauncherWidgetHostView: reinflateWidgetsIfNecessary, Not required: 5
2022-04-07 10:26:01.301 19855-19855/? D/Launcher.Utilities: updateSpayHandler true currentDefaultPage : true
2022-04-07 10:26:01.301 19940-19940/? I/InputMethodWrapper:  call dispatchStartInputWithToken
2022-04-07 10:26:01.301 19940-19940/? I/InputMethodService: dispatchStartInputWithToken
2022-04-07 10:26:01.301 19855-19855/? I/LauncherWidgetHostView: reinflateWidgetsIfNecessary, Not required: 2
2022-04-07 10:26:01.301 19855-19855/? I/LauncherWidgetHostView: reinflateWidgetsIfNecessary, Not required: 3
2022-04-07 10:26:01.301 19855-19855/? I/LauncherWidgetHostView: reinflateWidgetsIfNecessary, Not required: 4
2022-04-07 10:26:01.301 19855-19855/? I/LauncherWidgetHostView: reinflateWidgetsIfNecessary, Not required: 5
2022-04-07 10:26:01.302 19855-19855/? D/Launcher.Utilities: updateSpayHandler true currentDefaultPage : true
2022-04-07 10:26:01.302 19855-19855/? D/ViewRootImpl@ab78d1c[LauncherActivity]: MSG_WINDOW_FOCUS_CHANGED 1 1
2022-04-07 10:26:01.302 19855-19855/? D/InputMethodManager: prepareNavigationBarInfo() DecorView@73b9f44[LauncherActivity]
2022-04-07 10:26:01.302 19855-19855/? D/InputMethodManager: getNavigationBarColor() 0
2022-04-07 10:26:01.302 19855-19855/? D/InputMethodManager: prepareNavigationBarInfo() DecorView@73b9f44[LauncherActivity]
2022-04-07 10:26:01.303 19855-19855/? D/InputMethodManager: getNavigationBarColor() 0
2022-04-07 10:26:01.303 19855-19855/? D/InputMethodManager: startInputInner - Id : 0
2022-04-07 10:26:01.303 19855-19855/? I/InputMethodManager: startInputInner - mService.startInputOrWindowGainedFocus
2022-04-07 10:26:01.303 7660-7660/? D/InputTransport: Input channel constructed: fd=290
2022-04-07 10:26:01.303 7660-7660/? D/InputTransport: Input channel destroyed: fd=349
2022-04-07 10:26:01.303 1336-1913/? D/InputMethodManagerService: startInputOrWindowGainedFocus : windowGainedFocus 
2022-04-07 10:26:01.303 1336-1913/? D/InputMethodManagerService: windowGainedFocus: destinationUserId (getCallingUid) = 0
2022-04-07 10:26:01.303 1336-1913/? D/InputMethodManagerService: windowGainedFocus: currentUserId=0
2022-04-07 10:26:01.303 1336-1913/? D/InputMethodManagerService: windowGainedFocus: mCurrentFocusedUserId=0
2022-04-07 10:26:01.303 1336-1913/? D/InputMethodManagerService: windowGainedFocus : lock - currentUserId = 0 destinationUserId = 0
2022-04-07 10:26:01.303 1336-1913/? D/InputMethodManagerService: windowGainedFocus : mCurrentFocusedUserId - 0 and mSecureKeypadEnabled - false, userSwitched - false
2022-04-07 10:26:01.303 1336-1913/? D/InputMethodManagerService: isImeSwitcherDisabledPackage : false
2022-04-07 10:26:01.303 1336-1913/? D/InputMethodManagerService: DESKTOP MODE! : 2
2022-04-07 10:26:01.303 1336-1913/? D/InputMethodManagerService: NOT IN KNOX DESKTOP MODE!
2022-04-07 10:26:01.303 1336-1913/? D/InputMethodManagerService: updateSystemUiLocked 0
2022-04-07 10:26:01.303 1336-1913/? D/InputMethodManagerService: updateSystemUiLocked(), setImeWindowStatusToType, vis : 0 backDisposition : 0
2022-04-07 10:26:01.304 1336-1913/? D/InputMethodManagerService: checkDisplayOfStartInputAndUpdateKeyboard display Id 0last 0
2022-04-07 10:26:01.304 1336-1913/? D/InputMethodManagerService: setCurrentInputInfo - inputContext : null eidtorInfo : android.view.inputmethod.EditorInfo@2d878d2 missingMethods : 0
2022-04-07 10:26:01.304 1336-1913/? D/InputTransport: Input channel constructed: fd=473
2022-04-07 10:26:01.304 1336-1913/? D/InputTransport: Input channel destroyed: fd=473
2022-04-07 10:26:01.304 19855-19855/? D/InputTransport: Input channel constructed: fd=87
2022-04-07 10:26:01.309 7660-7740/? D/OpenGLRenderer: eglDestroySurface = 0x7800d62280, 0x77d6fcc000
2022-04-07 10:26:01.314 7660-7660/? D/ViewRootImpl@46760f0[AdUnitActivity]: Relayout returned: old=[0,0][1200,1839] new=[0,0][1200,1839] result=0x5 surface={false 0} changed=true
2022-04-07 10:26:01.316 19855-19855/? D/DragLayer: DragLayer dispatchDraw, mIsNaviBarPositionChanged = false, mWillOrientationChange = false
2022-04-07 10:26:01.323 1781-1781/? D/NavigationBar: setImeWindowStatus() imeShown = false, backDisposition = 0, showImeSwitcher = false
2022-04-07 10:26:01.324 1336-3707/? D/WindowManager: finishDrawingWindow: Window{6444bd9 u0 com.sec.android.app.launcher/com.sec.android.app.launcher.activities.LauncherActivity} mDrawState=DRAW_PENDING
2022-04-07 10:26:01.325 1781-1799/? D/WallpaperService: dispatchAppVisibility onVisibilityChanged(): true
2022-04-07 10:26:01.325 1781-1781/? D/ImageWallpaper: onOffsetsChanged: xOffset=0.5, yOffset=0.5, xOffsetStep=-1.0, yOffsetStep=-1.0, xPixels=0, yPixels=0
2022-04-07 10:26:01.325 1781-1781/? D/ImageWallpaper: newRotation : 0,mLastRotation : 0 ,mBackgroundWidth = 2560, mBackgroundWidth = 2560
2022-04-07 10:26:01.325 1781-1781/? D/ImageWallpaper: drawFrame:[frame.width()]2560[frame.height()]2560, deviceWidth = 1600, deviceHeight = 2560
2022-04-07 10:26:01.325 1781-1781/? D/ImageWallpaper: surfaceDimensionsChanged=false mDisplayWidth=1600 mDisplayHeight=2560
2022-04-07 10:26:01.325 1781-1781/? D/ImageWallpaper: redrawNeeded = false, mNeedsDrawAfterLoadingWallpaper = false
2022-04-07 10:26:01.325 1781-1781/? D/ImageWallpaper: mSurfaceRedrawNeeded = false, mForceDraw = false, redrawNeeded = false, mOffsetsChanged = false, mFolderStateChanged = false
2022-04-07 10:26:01.325 1781-1781/? D/ImageWallpaper: Suppressed drawFrame since redraw is not needed and offsets have not changed.
2022-04-07 10:26:01.325 1781-1781/? D/WallpaperService: updateSurface forceRelayout=false forceReport=false redrawNeeded=false myWidth=2560 myHeight=2560 fixedSize=true x = 0 y = 0 mWidth=2560 mHeight=2560 mIsSleepMode=false
2022-04-07 10:26:01.326 1781-1781/? D/ImageWallpaper: onVisibilityChanged: mVisible, visible=false, true
2022-04-07 10:26:01.326 1781-1781/? D/ImageWallpaper: Visibility changed to visible=true
2022-04-07 10:26:01.326 1781-1781/? D/ImageWallpaper: newRotation : 0,mLastRotation : 0 ,mBackgroundWidth = 2560, mBackgroundWidth = 2560
2022-04-07 10:26:01.326 1781-1781/? D/ImageWallpaper: drawFrame:[frame.width()]2560[frame.height()]2560, deviceWidth = 1600, deviceHeight = 2560
2022-04-07 10:26:01.326 1781-1781/? D/ImageWallpaper: surfaceDimensionsChanged=false mDisplayWidth=1600 mDisplayHeight=2560
2022-04-07 10:26:01.326 1781-1781/? D/ImageWallpaper: redrawNeeded = false, mNeedsDrawAfterLoadingWallpaper = false
2022-04-07 10:26:01.326 1781-1781/? D/ImageWallpaper: mSurfaceRedrawNeeded = false, mForceDraw = false, redrawNeeded = false, mOffsetsChanged = false, mFolderStateChanged = false
2022-04-07 10:26:01.326 1781-1781/? D/ImageWallpaper: Suppressed drawFrame since redraw is not needed and offsets have not changed.
2022-04-07 10:26:01.326 1781-1781/? D/WallpaperService: reportVisibility onVisibilityChanged visible: true
2022-04-07 10:26:01.326 1336-1449/? I/WindowManager: commitFinishDrawingLocked: mDrawState=READY_TO_SHOW Surface(name=com.sec.android.app.launcher/com.sec.android.app.launcher.activities.LauncherActivity[19855])/@0x37f8a0
2022-04-07 10:26:01.327 7660-7660/? W/023828.401/main: ADS3: [[AD BANNER CONTAINER WRAPPER] - updateState to appInactive, this = com.veraxen.ads3.managers.banner.processing.BannerContainerWrapper@5920187]
2022-04-07 10:26:01.327 1336-1449/? D/RemoteAnimationController: createAnimationAdapter(): token=AppWindowToken{aff1b86 token=Token{9378461 ActivityRecord{dfcebc8 u0 com.veraxen.blockblast/com.unity3d.services.ads.adunit.AdUnitActivity t5133}}}
2022-04-07 10:26:01.327 1336-1449/? I/WindowManager: Cancelling animation restarting=true, leash=null, surface=Surface(name=AppWindowToken{aff1b86 token=Token{9378461 ActivityRecord{dfcebc8 u0 com.veraxen.blockblast/com.unity3d.services.ads.adunit.AdUnitActivity t5133}}})/@0x155cc59, parent=Surface(name=Task=5133)/@0x102d018
2022-04-07 10:26:01.327 1336-1449/? I/WindowManager: Reparenting to leash, surface=Surface(name=AppWindowToken{aff1b86 token=Token{9378461 ActivityRecord{dfcebc8 u0 com.veraxen.blockblast/com.unity3d.services.ads.adunit.AdUnitActivity t5133}}})/@0x155cc59
2022-04-07 10:26:01.328 823-2119/? I/SurfaceFlinger: id=10557 createSurf (5120x5120),2 flag=4, Surface(name=AppWindowToken{aff1b86 token=Token{9378461 ActivityRecord{dfcebc8 u0 com.veraxen.blockblast/com.unity3d.services.ads.adunit.AdUnitActivity t5133}}})/@0x155cc59 - animation-leash#0
2022-04-07 10:26:01.328 1336-1449/? D/WindowManager: makeSurface duration=2 leash=Surface(name=Surface(name=AppWindowToken{aff1b86 token=Token{9378461 ActivityRecord{dfcebc8 u0 com.veraxen.blockblast/com.unity3d.services.ads.adunit.AdUnitActivity t5133}}})/@0x155cc59 - animation-leash)/@0xba1501e
2022-04-07 10:26:01.328 1336-1449/? D/SurfaceControl: reparent is called, sc=Surface(name=AppWindowToken{aff1b86 token=Token{9378461 ActivityRecord{dfcebc8 u0 com.veraxen.blockblast/com.unity3d.services.ads.adunit.AdUnitActivity t5133}}})/@0x155cc59, newParentHandle=android.os.BinderProxy@f4c70ff, transaction=android.view.SurfaceControl$Transaction@233fecc
2022-04-07 10:26:01.329 1336-1449/? D/RemoteAnimationController: startAnimation
2022-04-07 10:26:01.329 1336-1449/? D/RemoteAnimationController: createAnimationAdapter(): token=AppWindowToken{230f94e token=Token{c029c49 ActivityRecord{db75250 u0 com.sec.android.app.launcher/.activities.LauncherActivity t2}}}
2022-04-07 10:26:01.329 1336-1449/? I/WindowManager: Cancelling animation restarting=true, leash=null, surface=Surface(name=AppWindowToken{230f94e token=Token{c029c49 ActivityRecord{db75250 u0 com.sec.android.app.launcher/.activities.LauncherActivity t2}}})/@0x240617a, parent=Surface(name=Task=2)/@0x178dd2b
2022-04-07 10:26:01.329 1336-1449/? I/WindowManager: Reparenting to leash, surface=Surface(name=AppWindowToken{230f94e token=Token{c029c49 ActivityRecord{db75250 u0 com.sec.android.app.launcher/.activities.LauncherActivity t2}}})/@0x240617a
2022-04-07 10:26:01.330 823-2119/? I/SurfaceFlinger: id=10558 createSurf (5120x5120),2 flag=4, Surface(name=AppWindowToken{230f94e token=Token{c029c49 ActivityRecord{db75250 u0 com.sec.android.app.launcher/.activities.LauncherActivity t2}}})/@0x240617a - animation-leash#0
2022-04-07 10:26:01.331 1336-1449/? D/WindowManager: makeSurface duration=1 leash=Surface(name=Surface(name=AppWindowToken{230f94e token=Token{c029c49 ActivityRecord{db75250 u0 com.sec.android.app.launcher/.activities.LauncherActivity t2}}})/@0x240617a - animation-leash)/@0x58dd515
2022-04-07 10:26:01.331 1336-1449/? D/SurfaceControl: reparent is called, sc=Surface(name=AppWindowToken{230f94e token=Token{c029c49 ActivityRecord{db75250 u0 com.sec.android.app.launcher/.activities.LauncherActivity t2}}})/@0x240617a, newParentHandle=android.os.BinderProxy@78e502a, transaction=android.view.SurfaceControl$Transaction@1e31b46
2022-04-07 10:26:01.331 1336-1449/? D/RemoteAnimationController: startAnimation
2022-04-07 10:26:01.331 1336-1449/? D/RemoteAnimationController: createAnimationAdapter(): token=null
2022-04-07 10:26:01.331 1336-1449/? I/WindowManager: Cancelling animation restarting=true, leash=null, surface=Surface(name=1d048c com.android.systemui.ImageWallpaper)/@0x7e7c238, parent=Surface(name=WallpaperWindowToken{f5a88d6 token=android.os.Binder@d7214f1})/@0xa2af211
2022-04-07 10:26:01.331 1336-1449/? I/WindowManager: Reparenting to leash, surface=Surface(name=1d048c com.android.systemui.ImageWallpaper)/@0x7e7c238
2022-04-07 10:26:01.332 7660-7660/? W/023834.102/main: ADS3: [[AD BANNER CONTAINER WRAPPER] - state, old = overlapped, new = appInactive, this = com.veraxen.ads3.managers.banner.processing.BannerContainerWrapper@5920187]
2022-04-07 10:26:01.332 823-2119/? I/SurfaceFlinger: id=10559 createSurf (5120x5120),2 flag=4, Surface(name=1d048c com.android.systemui.ImageWallpaper)/@0x7e7c238 - animation-leash#0
2022-04-07 10:26:01.332 7660-7660/? W/023834.301/main: ADS3: [[AD BANNER CONTAINER WRAPPER] - updateStateDependants, this = com.veraxen.ads3.managers.banner.processing.BannerContainerWrapper@5920187]
2022-04-07 10:26:01.333 7660-7660/? W/023834.578/main: ADS3: [[AD BANNER CONTAINER WRAPPER] - withBannerContainer bannerContainer = yo7@5a5f2a9, this = com.veraxen.ads3.managers.banner.processing.BannerContainerWrapper@5920187]
2022-04-07 10:26:01.333 1336-1449/? D/WindowManager: makeSurface duration=1 leash=Surface(name=Surface(name=1d048c com.android.systemui.ImageWallpaper)/@0x7e7c238 - animation-leash)/@0xe811e1b
2022-04-07 10:26:01.333 1336-1449/? D/SurfaceControl: reparent is called, sc=Surface(name=1d048c com.android.systemui.ImageWallpaper)/@0x7e7c238, newParentHandle=android.os.BinderProxy@8083bb8, transaction=android.view.SurfaceControl$Transaction@372c9e4
2022-04-07 10:26:01.333 1336-1449/? D/RemoteAnimationController: startAnimation
2022-04-07 10:26:01.333 1336-1449/? D/RemoteAnimationController: goodToGo()
2022-04-07 10:26:01.333 1336-1449/? D/RemoteAnimationController: createAnimations()
2022-04-07 10:26:01.333 1336-1449/? D/RemoteAnimationController: 	Add token=null
2022-04-07 10:26:01.333 1336-1449/? D/RemoteAnimationController: 	Add token=AppWindowToken{230f94e token=Token{c029c49 ActivityRecord{db75250 u0 com.sec.android.app.launcher/.activities.LauncherActivity t2}}}
2022-04-07 10:26:01.333 1336-1449/? D/RemoteAnimationController: 	Add token=AppWindowToken{aff1b86 token=Token{9378461 ActivityRecord{dfcebc8 u0 com.veraxen.blockblast/com.unity3d.services.ads.adunit.AdUnitActivity t5133}}}
2022-04-07 10:26:01.334 7660-7660/? W/023835.742/main: ADS3: [[AD MODULE BANNER WATERFALL] - [1 - ca-app-pub-2943239115492569~5539235745 - ca-app-pub-2943239115492569/2428829000 - 0.05] - show ad]
2022-04-07 10:26:01.338 7660-7660/? W/023836.301/main: ADS3: [[BannerViewTracker] state=idle]
2022-04-07 10:26:01.338 823-823/? I/SurfaceFlinger: Display 0 HWC layers:
        type    |    handle    | flag |  format   |   source crop (l,t,r,b)    |         frame       | name 
    ------------+--------------+------+-----------+----------------------------+---------------------+------
         Device | 0x7225e39a60 | 0002 | RGBA_8888 |   0.0  480.0 2560.0 2080.0 |    0    0 2560 1600 | com.android.systemui.ImageWallpaper[1781]#0
     SolidColor |              | 0002 |  Unknown  |   0.0    0.0   -1.0   -1.0 |    0  111 2451 1489 | Background for -SurfaceView - com.ve[...]nit.AdUnitActivity@a7338ee@0[7660]#0
         Device | 0x722582da80 | 0000 | RGBA_8888 |   0.0    0.0 1839.0 1200.0 |    0    0 2452 1600 | com.veraxen.blockblast/com.unity3d.services.ads.adunit.AdUnitActivity[7660]#0
         Device | 0x722582d310 | 0000 | RGBA_8888 |   0.0    0.0  108.0  108.0 |  675    0  783  108 | [23908]#0
         Device | 0x7225e397c0 | 0000 | RGBA_8888 |   0.0    0.0  108.0 1600.0 | 2452    0 2560 1600 | NavigationBar[1781]#0
         Device | 0x7225e39830 | 0000 | RGBA_8888 |   0.0    0.0 245
2022-04-07 10:26:01.338 823-823/? I/SurfaceFlinger: 2.0   45.0 |    0    0 2452   45 | MultiWindowGestureDetector[1781]#0
         Device | 0x722582daf0 | 0000 | RGBA_8888 |   0.0   59.0  182.0  182.0 | 1635    0 1817  123 | AirCommand(sub)[2776]#0
         Device | 0x722582d070 | 0000 | RGBA_8888 |   0.0    0.0   23.0 1600.0 |    0    0   23 1600 | ScreenDecorOverlay[1781]#0
         Device | 0x7225e39360 | 0000 | RGBA_8888 |   0.0    0.0   23.0 1600.0 | 2537    0 2560 1600 | ScreenDecorOverlayBottom[1781]#0
2022-04-07 10:26:01.338 7660-7660/? D/023840.031/main: ADS3: [force-hide shouldHideBannerView = true]
2022-04-07 10:26:01.338 7660-7660/? W/023840.160/main: ADS3: [[AD BANNER CONTAINER WRAPPER] - withBannerContainer bannerContainer = yo7@5a5f2a9, this = com.veraxen.ads3.managers.banner.processing.BannerContainerWrapper@5920187]
2022-04-07 10:26:01.339 7660-7660/? W/023840.285/main: ADS3: [[AD BANNER CONTAINER] - shouldHideBannerView oldValue = true, newValue = true, this = yo7@5a5f2a9]
2022-04-07 10:26:01.339 7660-7660/? D/023840.828/main: ADS3: [overlapped => appInactive]
2022-04-07 10:26:01.339 7660-7660/? W/023841.034/main: ADS3: [[load] allowed=false, onTime=true state=done]
2022-04-07 10:26:01.339 7660-7660/? W/023841.107/main: ADS3: [[switch] allowed=false, onTime=false state=idle]
2022-04-07 10:26:01.339 7660-7660/? W/023841.183/main: ADS3: [[BannerLoader::switchTimer] state=running]
2022-04-07 10:26:01.339 7660-7660/? W/023841.338/main: ADS3: [[AD BANNER CONTAINER WRAPPER] - updateState to appInactive, this = com.veraxen.ads3.managers.banner.processing.BannerContainerWrapper@5920187]
2022-04-07 10:26:01.339 7660-7660/? W/023841.429/main: ADS3: [[AD BANNER CONTAINER WRAPPER] - state, old = appInactive, new = appInactive, this = com.veraxen.ads3.managers.banner.processing.BannerContainerWrapper@5920187]
2022-04-07 10:26:01.340 1781-1781/? D/NetworkController: updateCarrierText : zte20
2022-04-07 10:26:01.340 1781-1781/? D/KeyguardUpdateMonitor: updateCarrierTextInfo
2022-04-07 10:26:01.341 1781-1781/? D/SecStatusBarWifiView: updateState: WifiIconState(resId=2131232730, visible=true, activityId=2131232755)
2022-04-07 10:26:01.341 1781-1781/? D/SecStatusBarWifiView: updateState: WifiIconState(resId=2131232730, visible=true, activityId=2131232755)
2022-04-07 10:26:01.342 7660-7660/? D/InputTransport: Input channel destroyed: fd=290
2022-04-07 10:26:01.342 1781-1781/? D/KeyguardClockPage: isNetworkRoamingState id=-2
2022-04-07 10:26:01.342 1781-1781/? D/KeyguardClockPage: isNetworkRoamingState false
2022-04-07 10:26:01.342 7660-7660/? W/IInputConnectionWrapper: requestCursorAnchorInfo on inactive InputConnection
2022-04-07 10:26:01.342 1781-1781/? D/KeyguardClockPage: onRefreshCarrierInfo(pre, now): false, false
2022-04-07 10:26:01.342 1781-1781/? D/CarrierText: updateCarrierText(): 0
2022-04-07 10:26:01.342 19940-19940/? I/SKBD_Performance: [IIManager] [PF_CL][onFinishInput] 41014322
2022-04-07 10:26:01.342 19940-19940/? D/InputMethodService: checkDisplayOfStartInputAndUpdateKeyboard display Id 0last 0
2022-04-07 10:26:01.343 19940-19940/? I/SKBD: SamsungKeypad [IMI] onStartInput - caller pid : 7660, caller uid : 10877
2022-04-07 10:26:01.343 19940-19940/? I/SKBD: SamsungKeypad ConnectionUtils.getNetworkStateValue() =  2
2022-04-07 10:26:01.343 19940-19940/? I/SKBD: SamsungKeypad  CACHEDIC onStartInput  isCachedICEnabled:  false
2022-04-07 10:26:01.343 19940-19940/? I/SKBD: bri getDefaultInputRange : UNKNOWN
2022-04-07 10:26:01.343 19940-19940/? I/SKBD: bri [EditorInputType]setPrivateImeOptionsToTable privateImeOptions ( null )
2022-04-07 10:26:01.343 19940-19940/? I/SKBD: bri privateImeOptions is null
2022-04-07 10:26:01.344 19940-19940/? I/SKBD: SamsungKeypad requestCursorUpdates returned  false
2022-04-07 10:26:01.344 19940-19940/? I/SKBD_Performance: [IIManager] [PF_OP][onStartInput] 1497136
2022-04-07 10:26:01.344 19940-19940/? I/InputMethodWrapper:  call dispatchStartInputWithToken
2022-04-07 10:26:01.344 19940-19940/? I/InputMethodService: dispatchStartInputWithToken
2022-04-07 10:26:01.349 1336-1449/? I/WindowManager: Cancelling animation restarting=true, leash=null, surface=Surface(name=9a7114 StatusBar)/@0x7341cb6, parent=Surface(name=WindowToken{ea79f67 android.os.BinderProxy@75c1726})/@0xcb3ddb7
2022-04-07 10:26:01.349 1336-1449/? I/WindowManager: Reparenting to leash, surface=Surface(name=9a7114 StatusBar)/@0x7341cb6
2022-04-07 10:26:01.350 823-1334/? I/SurfaceFlinger: id=10561 createSurf (5120x5120),2 flag=4, Surface(name=9a7114 StatusBar)/@0x7341cb6 - animation-leash#0
2022-04-07 10:26:01.350 1336-1449/? D/WindowManager: makeSurface duration=1 leash=Surface(name=Surface(name=9a7114 StatusBar)/@0x7341cb6 - animation-leash)/@0x98980f7
2022-04-07 10:26:01.350 1336-1449/? D/SurfaceControl: reparent is called, sc=Surface(name=9a7114 StatusBar)/@0x7341cb6, newParentHandle=android.os.BinderProxy@ae15b64, transaction=android.view.SurfaceControl$Transaction@5501fca
2022-04-07 10:26:01.351 1336-1369/? D/WindowManager: setSystemUiVisibility: vis= 0xa718, fullscreenVis= 0x2000, dockedVis= 0x0, win=Window{6444bd9 u0 com.sec.android.app.launcher/com.sec.android.app.launcher.activities.LauncherActivity}
2022-04-07 10:26:01.351 19940-19940/? I/SKBD_Performance: [IIManager] [PF_CL][onFinishInput] 6693333
2022-04-07 10:26:01.351 19940-19940/? D/InputMethodService: checkDisplayOfStartInputAndUpdateKeyboard display Id 0last 0
2022-04-07 10:26:01.352 19940-19940/? I/SKBD: SamsungKeypad [IMI] onStartInput - caller pid : 19855, caller uid : 10095
2022-04-07 10:26:01.352 19940-19940/? I/SKBD: SamsungKeypad ConnectionUtils.getNetworkStateValue() =  2
2022-04-07 10:26:01.352 823-1334/? D/Layer: [9a7114 StatusBar#0]::reparent oldParent:[WindowToken{ea79f67 android.os.BinderProxy@75c1726}#0], newParent:[Surface(name=9a7114 StatusBar)/@0x7341cb6 - animation-leash#0]
2022-04-07 10:26:01.352 823-1334/? D/Layer: [AppWindowToken{230f94e token=Token{c029c49 ActivityRecord{db75250 u0 com.sec.android.app.launcher/.activities.LauncherActivity t2}}}#0]::reparent oldParent:[Task=2#0], newParent:[Surface(name=AppWindowToken{230f94e token=Token{c029c49 ActivityRecord{db75250 u0 com.sec.android.app.launcher/.activities.LauncherActivity t2}}})/@0x240617a - animation-leash#0]
2022-04-07 10:26:01.352 823-1334/? D/Layer: [AppWindowToken{aff1b86 token=Token{9378461 ActivityRecord{dfcebc8 u0 com.veraxen.blockblast/com.unity3d.services.ads.adunit.AdUnitActivity t5133}}}#0]::reparent oldParent:[Task=5133#0], newParent:[Surface(name=AppWindowToken{aff1b86 token=Token{9378461 ActivityRecord{dfcebc8 u0 com.veraxen.blockblast/com.unity3d.services.ads.adunit.AdUnitActivity t5133}}})/@0x155cc59 - animation-leash#0]
2022-04-07 10:26:01.352 823-1334/? D/Layer: [1d048c com.android.systemui.ImageWallpaper#0]::reparent oldParent:[WallpaperWindowToken{f5a88d6 token=android.os.Binder@d7214f1}#0], newParent:[Surface(name=1d048c com.android.systemui.ImageWallpaper)/@0x7e7c238 - animation-leash#0]
2022-04-07 10:26:01.352 1336-1449/? D/RemoteAnimationController: onAnimationStart(): RemoteAnimationController=com.android.server.wm.RemoteAnimationController@f2491cd
2022-04-07 10:26:01.352 1336-1449/? D/RemoteAnimationController: startAnimation(): Notify animation start:
2022-04-07 10:26:01.352 1336-1449/? I/RemoteAnimationController: Starting remote animation
2022-04-07 10:26:01.352 1336-1449/? I/RemoteAnimationController: token=null
    Target:
      mode=2 taskId=-1 isTranslucent=true clipRect=[0,0][0,0] contentInsets=[0,0][960,0] prefixOrderIndex=4 position=[0,0] sourceContainerBounds=[0,0][1600,2560]
      windowConfiguration={ mBounds=Rect(0, 0 - 1600, 2560) mAppBounds=Rect(0, 0 - 1600, 2452) mWindowingMode=fullscreen mActivityType=undefined}
      leash=Surface(name=Surface(name=1d048c com.android.systemui.ImageWallpaper)/@0x7e7c238 - animation-leash)/@0xe811e1b
    token=AppWindowToken{230f94e token=Token{c029c49 ActivityRecord{db75250 u0 com.sec.android.app.launcher/.activities.LauncherActivity t2}}}
    Target:
      mode=0 taskId=2 isTranslucent=false clipRect=[0,0][1600,2452] contentInsets=[0,0][0,108] prefixOrderIndex=14 position=[0,0] sourceContainerBounds=[0,0][1600,2560]
      windowConfiguration={ mBounds=Rect(0, 0 - 1600, 2560) mAppBounds=Rect(0, 0 - 1600, 2452) mWindowingMode=fullscreen mActivityType=home}
      leash=Surface(name=Surface(name=AppWindowToken{230f94e token=Token{c029c49 ActivityRecord{db75250 u0 com.sec.android.app.launcher/.activities.LauncherActivity t2}}})/@0x240617a - animation-leash)/@0x58dd515
    token=AppWindowToken{aff1b86 token=Token{9378461 ActivityRecord{dfcebc8 u0 com.veraxen.blockblast/com.unity3d.services.ads.adunit.AdUnitActivity t5133}}}
    Target:
      mode=1 taskId=5133 isTranslucent=false clipRect=[0,0][1200,1839] contentInsets=[0,0][0,0] prefixOrderIndex=10 position=[0,0] sourceContainerBounds=[0,0][1600,2560]
      windowConfiguration={ mBounds=Rect(0, 0 - 1600, 2560) mAppBounds=Rect(0, 0 - 1600, 2452) mWindowingMode=fullscreen mActivityType=standard}
      leash=Surface(name=Surface(name=AppWindowToken{aff1b86 token=Token{9378461 ActivityRecord{dfcebc8 u0 com.veraxen.blockblast/com.unity3d.services.ads.adunit.AdUnitActivity t5133}}})/@0x155cc59 - animation-leash)/@0xba1501e
2022-04-07 10:26:01.353 1781-2195/? D/ViewRootImpl@11522d3[ScreenDecorOverlay]: MSG_RESIZED: frame=[0,0][1600,23] ci=[0,54][0,0] vi=[0,54][0,0] or=1
2022-04-07 10:26:01.353 19855-19855/? I/LauncherTransition: onCreateAnimation - APP OUT
2022-04-07 10:26:01.353 19855-19855/? D/LauncherTransition: drag layer alpha set to 0
2022-04-07 10:26:01.353 19855-19855/? D/DragLayer: setAlpha : 0.0 visibility : 0
2022-04-07 10:26:01.354 4009-7695/? D/IPM: Stopped
2022-04-07 10:26:01.354 19855-19855/? I/LauncherTransition: resetBounds
2022-04-07 10:26:01.354 19855-19855/? I/LauncherTransition: onAnimationStart - APP OUT
2022-04-07 10:26:01.355 1336-1892/? D/MdnieScenarioControlService:  packageName : com.sec.android.app.launcher    className : com.sec.android.app.launcher.activities.LauncherActivity
2022-04-07 10:26:01.355 1336-1369/? D/CodecSolution: isMaxAspectPackageEx: com.sec.android.app.launcher : false(0)
2022-04-07 10:26:01.356 1781-1781/? D/CarrierText: Getting plmn/spn/subId sticky brdcst  plmn : No network connection, spn : , subId :-2
2022-04-07 10:26:01.356 1781-1781/? D/CarrierText: plmn Of NetworkController Impl : zte20
2022-04-07 10:26:01.356 1781-1781/? D/CarrierText: BLOCK_CARRIER_TEXT_WHEN_SIM_NOT_READY or KOR_USIM_TEXT
2022-04-07 10:26:01.356 1781-1781/? D/CarrierText: setText : 
2022-04-07 10:26:01.358 7660-7913/? I/System.out: (HTTPLog)-Static: isSBSettingEnabled false
2022-04-07 10:26:01.358 7660-7913/? I/System.out: (HTTPLog)-Static: isSBSettingEnabled false
2022-04-07 10:26:01.360 7660-7660/? D/ViewRootImpl@501e73b[MainActivity]: Relayout returned: old=[0,0][1200,1920] new=[0,0][1200,1920] result=0x1 surface={false 0} changed=false
2022-04-07 10:26:01.360 1781-1781/? D/WallpaperService: updateSurface forceRelayout=true forceReport=false redrawNeeded=false myWidth=2560 myHeight=2560 fixedSize=true x = 0 y = 0 mWidth=2560 mHeight=2560 mIsSleepMode=false
2022-04-07 10:26:01.365 1781-1781/? D/WallpaperService: updateSurface redrawNeeded=false didSurface=false
2022-04-07 10:26:01.365 1781-1781/? D/ImageWallpaper: onOffsetsChanged: xOffset=0.5, yOffset=0.5, xOffsetStep=-1.0, yOffsetStep=-1.0, xPixels=0, yPixels=0
2022-04-07 10:26:01.365 1781-1781/? D/ImageWallpaper: newRotation : 0,mLastRotation : 0 ,mBackgroundWidth = 2560, mBackgroundWidth = 2560
2022-04-07 10:26:01.365 1781-1781/? D/ImageWallpaper: drawFrame:[frame.width()]2560[frame.height()]2560, deviceWidth = 1600, deviceHeight = 2560
2022-04-07 10:26:01.365 1781-1781/? D/ImageWallpaper: surfaceDimensionsChanged=false mDisplayWidth=1600 mDisplayHeight=2560
2022-04-07 10:26:01.365 1781-1781/? D/ImageWallpaper: redrawNeeded = false, mNeedsDrawAfterLoadingWallpaper = false
2022-04-07 10:26:01.365 1781-1781/? D/ImageWallpaper: mSurfaceRedrawNeeded = false, mForceDraw = false, redrawNeeded = false, mOffsetsChanged = false, mFolderStateChanged = false
2022-04-07 10:26:01.365 1781-1781/? D/ImageWallpaper: Suppressed drawFrame since redraw is not needed and offsets have not changed.
2022-04-07 10:26:01.366 1781-1781/? D/BarTransitions.SecNavigationBarView: MODE_OPAQUE -> MODE_TRANSPARENT animate=false
2022-04-07 10:26:01.366 1781-1781/? D/Navbar.ImmersiveControllerAdapter: onSystemUiVisibilityChanged - 42776,4
2022-04-07 10:26:01.366 1781-1781/? I/Navbar.ImmersiveController: handleEvent - VISIBLE, BAR_MODE_CHANGED
2022-04-07 10:26:01.366 1781-1781/? D/LightBarController: onNavigationVisibilityChanged : vis = a718, nbModeChanged = true navigationBarMode = 4
2022-04-07 10:26:01.366 1781-1781/? D/ViewRootImpl@2632a97[MultiWindowGestureDetector]: MSG_RESIZED: frame=[1555,0][1600,2452] ci=[0,54][0,0] vi=[0,54][0,0] or=1
2022-04-07 10:26:01.366 1336-1913/? D/SamsungPhoneWindowManager: adjustSystemUiVisibilityLw: vis=0xa718
2022-04-07 10:26:01.366 1336-1913/? D/InputManager-JNI: setSystemUiVisibility dexmode: false changed: true displayid: 0 visibility: 0xa718 DD: 0xa718 OD: 0x0
2022-04-07 10:26:01.366 19855-19855/? D/DragLayer: setAlpha : 0.060006708 visibility : 0
2022-04-07 10:26:01.367 19855-19855/? D/DragLayer: DragLayer dispatchDraw, mIsNaviBarPositionChanged = false, mWillOrientationChange = false
2022-04-07 10:26:01.371 7660-7660/? D/ViewRootImpl@46760f0[AdUnitActivity]: Relayout returned: old=[0,0][1200,1839] new=[0,0][1200,1839] result=0x1 surface={false 0} changed=false
2022-04-07 10:26:01.372 823-823/? I/SurfaceFlinger: Display 0 HWC layers:
        type    |    handle    | flag |  format   |   source crop (l,t,r,b)    |         frame       | name 
    ------------+--------------+------+-----------+----------------------------+---------------------+------
         Device | 0x7225e39a60 | 0002 | RGBA_8888 | 295.0  665.0 2265.0 1895.0 |    0    0 2560 1600 | com.android.systemui.ImageWallpaper[1781]#0
         Device | 0x722582dd20 | 0000 | RGBA_8888 |   0.0    0.0 2560.0 1600.0 |    0    0 2560 1600 | com.sec.android.app.launcher/com.sec[...]activities.LauncherActivity[19855]#0
     SolidColor |              | 0002 |  Unknown  |   0.0    0.0   -1.0   -1.0 |    0  111 2451 1489 | Background for -SurfaceView - com.ve[...]nit.AdUnitActivity@a7338ee@0[7660]#0
         Device | 0x722582da80 | 0000 | RGBA_8888 |   0.0    0.0 1839.0 1200.0 |    0    0 2452 1600 | com.veraxen.blockblast/com.unity3d.services.ads.adunit.AdUnitActivity[7660]#0
         Device | 0x722582d310 | 0000 | RGBA_8888 |   0.0    0.0  108.0  108.0 |  675    0  783  108 | [23908]#0
         Dev
2022-04-07 10:26:01.372 823-823/? I/SurfaceFlinger: ice | 0x7225e38b10 | 0000 | RGBA_8888 |   0.0    0.0  108.0 1600.0 | 2452    0 2560 1600 | NavigationBar[1781]#0
         Device | 0x7225e39830 | 0000 | RGBA_8888 |   0.0    0.0 2452.0   45.0 |    0    0 2452   45 | MultiWindowGestureDetector[1781]#0
         Device | 0x722582daf0 | 0000 | RGBA_8888 |   0.0   59.0  182.0  182.0 | 1635    0 1817  123 | AirCommand(sub)[2776]#0
