2022-04-07 10:25:59.827 1781-1781/? D/PowerUI: priorPlugType = 2 mPlugType = 2 priorBatteryStatus = 2 mBatteryStatus = 2
2022-04-07 10:25:59.827 1781-1781/? D/PowerUI.Notification: showChargingNotice oldChargingType : 5 currentChargingType : 5 oldChargingTime : 0 mChargingTime : 0
2022-04-07 10:25:59.827 1781-1781/? D/PowerUI.Notification: There is no change about charging status, so return!
2022-04-07 10:25:59.827 1781-1781/? D/PowerUI: Battery swelling mode - priorBatterySwellingMode = 0 mBatterySwellingMode = 0
2022-04-07 10:25:59.827 1781-1781/? D/PowerUI: showing power sharing dialogfalse
2022-04-07 10:25:59.840 1781-1781/? D/QSContainerImpl: onMeasure  isLandscape? false  getDisplayHeight()= 2560
2022-04-07 10:25:59.927 1336-1542/? D/WifiStateMachine: enter getWifiLinkLayerStats
2022-04-07 10:25:59.928 1336-1542/? I/WifiVendorHal: getWifiLinkLayerStats(l.3130) before calling iface.getLinkLayerStats
2022-04-07 10:25:59.936 1336-1542/? I/WifiVendorHal: getWifiLinkLayerStats(l.3130) after calling iface.getLinkLayerStats
2022-04-07 10:25:59.957 19940-19940/? I/SKBD: bbz writeDBdataToFileOnFinishInput()
2022-04-07 10:25:59.999 1336-1487/? D/SamsungAlarmManager: Expired : 8
2022-04-07 10:26:00.010 19855-19855/? I/LiveIconManager: onReceive: com.samsung.action.EVERY_MINUTE_CLOCK_UPDATE
2022-04-07 10:26:00.014 1336-1487/? I/SamsungAlarmManager: setLocked to kernel - T:2 / 20220407T102822, SetElapsed=1277754536, nowELAPSED=1277612380
2022-04-07 10:26:00.017 1336-5949/? D/SamsungAlarmManager: setInexact Intent (T:1/F:0/AC:false) 20220407T102700 - CU:10095/CP:19855
2022-04-07 10:26:00.017 1336-5949/? I/SamsungAlarmManager: setLocked to kernel - T:2 / 20220407T102822, SetElapsed=1277754536, nowELAPSED=1277612383
2022-04-07 10:26:00.017 1336-5949/? I/SamsungAlarmManager: setLocked to kernel - T:3 / 20220407T102659, SetElapsed=1277672365, nowELAPSED=1277612383
2022-04-07 10:26:00.017 1336-1336/? D/SamsungAlarmManager: setExact Intent (T:3/F:1/AC:false) 20220407T102659 - CU:1000/CP:1336
2022-04-07 10:26:00.018 1336-1336/? I/SamsungAlarmManager: setLocked to kernel - T:2 / 20220407T102822, SetElapsed=1277754536, nowELAPSED=1277612383
2022-04-07 10:26:00.018 1336-1336/? I/SamsungAlarmManager: setLocked to kernel - T:3 / 20220407T102700, SetElapsed=1277672365, nowELAPSED=1277612383
2022-04-07 10:26:00.024 1781-1781/? D/KeyguardUpdateMonitor: handleTimeUpdate
2022-04-07 10:26:00.030 1781-1781/? D/QSClockBellTower: He is ready to ring the bell. (((timeText:10:26, skipUpdateForDemo:false, dateText:Thu, April 7)))
2022-04-07 10:26:00.031 1781-1781/? D/QSClock: status_bar_clock notifyTimeChanged(currentTime:10:26) mClockVisibleByPolicy:true, mClockVisibleByUser:true, visible?true, parent:android.widget.LinearLayout{fd63fb8 V.E...... ......ID 0,0-93,54 #7f0a030a app:id/left_clock_container}
2022-04-07 10:26:00.031 1781-1781/? D/QSClockBellTower: Everyone heard the bell. run(currentTime:1649312760030,   getTime():Thu Apr 07 10:26:00 GMT+04:00 2022,   getTimeZone():libcore.util.ZoneInfo[id="Asia/Tbilisi",mRawOffset=14400000,mEarliestRawOffset=10800000,mUseDst=false,mDstSavings=0,transitions=52])
2022-04-07 10:26:00.040 1781-1781/? D/QSContainerImpl: onMeasure  isLandscape? false  getDisplayHeight()= 2560
2022-04-07 10:26:00.085 8233-8233/? E/CASS: Failed to connect(4)
2022-04-07 10:26:00.086 8233-8233/? E/CASS: Failed to connect ril daemon(2). Retry cnt(18)
2022-04-07 10:26:00.086 8233-8233/? E/CASS: Fatal error : Can't connect RILD!. Exit
2022-04-07 10:26:00.090 3499-3499/? D/BixbyApplication: registerAudioPlaybackCallback : isRunningGameWhiteList : false
2022-04-07 10:26:00.090 3499-3499/? D/SADVFSHelper: Either heavy-duty effect is Off or Music playback is not active
2022-04-07 10:26:00.115 8267-8267/? I/CASS: Start CASS Service for Qualcomm modem. v1.2.6
2022-04-07 10:26:00.116 8267-8267/? E/CASS: Failed to connect(4)
2022-04-07 10:26:00.116 8267-8267/? E/CASS: Failed to connect ril daemon(2). Retry cnt(0)
2022-04-07 10:26:00.341 1781-1781/? D/NetworkController: updateCarrierText : zte20
2022-04-07 10:26:00.342 1781-1781/? D/KeyguardUpdateMonitor: updateCarrierTextInfo
2022-04-07 10:26:00.343 1781-1781/? D/SecStatusBarWifiView: updateState: WifiIconState(resId=2131232730, visible=true, activityId=2131232736)
2022-04-07 10:26:00.344 1781-1781/? D/SecStatusBarWifiView: updateState: WifiIconState(resId=2131232730, visible=true, activityId=2131232736)
2022-04-07 10:26:00.348 1781-1781/? D/KeyguardClockPage: isNetworkRoamingState id=-2
2022-04-07 10:26:00.348 1781-1781/? D/KeyguardClockPage: isNetworkRoamingState false
2022-04-07 10:26:00.348 1781-1781/? D/KeyguardClockPage: onRefreshCarrierInfo(pre, now): false, false
2022-04-07 10:26:00.348 1781-1781/? D/CarrierText: updateCarrierText(): 0
2022-04-07 10:26:00.355 1781-1781/? D/CarrierText: Getting plmn/spn/subId sticky brdcst  plmn : No network connection, spn : , subId :-2
2022-04-07 10:26:00.355 1781-1781/? D/CarrierText: plmn Of NetworkController Impl : zte20
2022-04-07 10:26:00.355 1781-1781/? D/CarrierText: BLOCK_CARRIER_TEXT_WHEN_SIM_NOT_READY or KOR_USIM_TEXT
2022-04-07 10:26:00.355 1781-1781/? D/CarrierText: setText : 
2022-04-07 10:26:00.437 1336-3707/? D/GameManagerService: respondWithJson. command: get_sysfs_data
    jsonParam : {"0":"\/proc\/7660\/stat"}
    response : {"0":"7660 (axen.blockblast) R 710 710 0 0 -1 4211008 259268 856 50 0 1411 425 1 0 10 -10 221 0 127758965 22812205056 106013 18446744073709551615 386650742784 386650822316 549272885632 0 0 0 4612 1 1073775868 0 0 0 17 4 0 0 0 0 0 386650933648 386650939521 387405410304 549272889257 549272889356 549272889356 549272891358 0\n"}
2022-04-07 10:26:00.442 1336-3707/? D/GameManagerService: respondWithJson. command: get_sysfs_data
    jsonParam : {"0":"\/proc\/stat"}
    response : {"0":"cpu  6605418 1189392 4858570 75363497 99207 695128 263191 0 0 0\ncpu0 1377492 230989 1165798 7656512 17383 409646 149769 0 0 0\ncpu1 1472230 244338 1103264 8053347 15796 92649 32081 0 0 0\ncpu2 1481012 248779 1094452 8043818 15632 89649 32643 0 0 0\ncpu3 755258 52890 794917 9194386 7275 60984 33607 0 0 0\ncpu4 407528 99411 185503 10569886 11970 11515 4320 0 0 0\ncpu5 477640 100560 210690 10467464 12268 12748 4649 0 0 0\ncpu6 489030 103362 220449 10439796 13411 12811 4743 0 0 0\ncpu7 145225 109060 83492 10938285 5470 5123 1376 0 0 0\nintr 470077918 0 0 0 0 55175089 0 5157089 0 8479743 0 0 0 0 178 195 0 138 0 2 73 1014 0 2 0 2 154 0 0 96 344 0 0 1067017 866263 0 129761 0 0 0 0 0 2 0 0 0 0 0 0 0 8628777 197724 65908 16079909 263157 61 1 27366 0 0 0 0 0 0 0 6 6 11 11 0 5 0 0 0 0 0 0 0 0 0 0 0 0 17 0 0 0 0 0 0 0 0 0 0 0 0 982737 0 5 0 0 0 0 0 0 0 0 0 16 125 24 1046568 2535713 165367 0 0 0 0 0 491468 513565 0 0 0 0 0 0 0 0 0 15 0 0 0 0 0 0 0 3 0 0 0 0 0 0 0 0 0 0 0 0 0 0 0 0 0 0 0 10 0 0 0 1701 0 0 0 0 0 0 0 0 0 0 0 1 0 0 0 0 0 0 0 0 0 0 0 0 0 0 0 0 0 0 0 0 0 9 0 0 0 0 0 315645 0 0 0 674 0 616 0 0 0 0 0 0 0 0 0 0 0 0 0 0 0 0 0 0 0 0 0 0 0 0 0 0 0 0 0 0 0 0 0 1199 0 35 0 0 0 0 0 0 0 0 0 0 0 0 0 0 0 0 0 0 0 0 0 0 0 0 0 0 0 0 0 0 0 0 0 0 0 0 0 0 0 0 0 0 0 0 0 0 0 0 0 0 0 0 0 0 0 0 0 0 0 0 0 0 0 0 0 0 0 0 0 0 0 0 0 0 0 0 0 0 0 0 0 0 0 0 0 0 0 0 0 0 0 0 0 0 0 0 0 0 6 4 273 4 0 0 0 0 0 0 0 0 0 0 0 0 0 0 0 0 0 0 0 0 0 0 0 0 0 0 0 0 0 0 0 0 0 0 0 0 0 0 0 0 0 0 0 0 0 0 0 0 0 0 0 0 0 0 0 0 0 0 0 0 0 0 0 0 0 0 0 0 0 0 0 0 0 0 0 0 0 0 0 0 0 0 297820 3177341 0 1360 6 68601 0 0 166 4632353 654 827 0 7 0 0 0 52919 0 11 0 0 3647635 0 0 0 0 0 0 0 0 0 0 0 0 0 2753 1 0 1 0 0 1 0 1 0 1 0 1 0 1 0 1 0 1 64 0 130 54 0 0 0 0 0 0 0 0 0 102143 0 0 0 0 169 0 0 0 0 0 0 0 67 570967 0 0 0 0 0 0 0 3 0 0 0 3 1434109 0 5667 9 0 0 0 0 0 0 0 0 0 0 0 0 0 0 0 0 0 0 0 0 0 0 0 0 0 0 0 0 0 0 0 0 0 0 0 0 0 0 61095 0 61 32629 7567943 9580 3896627 0 0 25730\nctxt 635397496\nbtime 1648035147\nprocesses 342275\nprocs_running 4\nprocs_blocked 0\nsoftirq 90138365 99827 22505784 164229 2048488 7669374 0 19224590 20272620 0 18153453\n"}
2022-04-07 10:26:00.608 779-3769/? I/sensors-hal: handle_sns_std_sensor_event:92, [SSC_LIGHT] ambient_light lux: 12, ts=1277612968271926
2022-04-07 10:26:01.098 1336-1512/? D/InputReader: Input event(9): value=1 when=113377.136843
2022-04-07 10:26:01.098 1336-1512/? D/InputReader: Input event(9): value=1 when=113377.136843
2022-04-07 10:26:01.099 1336-1512/? I/InputReader: Touch event's action is 0x0 (deviceType=0) [pCnt=1, s=0.8837 ] when=113377.136843
2022-04-07 10:26:01.099 1336-1511/? I/InputDispatcher: Delivering touch to (1781): action: 0x0, displayId: 0, '8301d4c', toolType: 1
2022-04-07 10:26:01.100 1781-1781/? D/ViewRootImpl@8635e3f[NavigationBar]: ViewPostIme pointer 0
2022-04-07 10:26:01.101 19855-19874/? D/TouchInteractionService: onPreMotionEvent : 2
2022-04-07 10:26:01.103 1336-5949/? D/InputDispatcher: Inject key (1781): action=0, eventTime=113377139000000
2022-04-07 10:26:01.103 1336-5949/? D/InputManager-JNI: !@interceptKeyBeforeQueueing(0), action=0, interactive=true
2022-04-07 10:26:01.105 2788-2788/? D/SDHMS:g: writeSysfs:: path = /sys/devices/system/cpu/cpu0/cpufreq/schedutil/down_rate_limit_us, value = 0
2022-04-07 10:26:01.105 2788-2788/? D/SDHMS:g: writeSysfs:: path = /sys/devices/system/cpu/cpu4/cpufreq/schedutil/down_rate_limit_us, value = 0
2022-04-07 10:26:01.105 1336-5949/? D/SamsungPhoneWindowManager: sec interceptKeyTq home s_result=1
2022-04-07 10:26:01.105 1336-5949/? D/WindowManager: interceptKeyTq s_result=1
2022-04-07 10:26:01.106 2788-2788/? D/SDHMS:g: writeSysfs:: path = /sys/devices/system/cpu/cpu7/cpufreq/schedutil/down_rate_limit_us, value = 0
2022-04-07 10:26:01.106 1336-5949/? D/SamsungPhoneWindowManager: f.b. a=false hd=true eme=false ksno = false id=-1
2022-04-07 10:26:01.106 1336-5949/? D/SamsungPhoneWindowManager: haptic disabled by policy
2022-04-07 10:26:01.106 1336-5949/? D/InputManager-JNI: !@handleInterceptActions(0), action=0, wmActions=1
2022-04-07 10:26:01.108 2788-2788/? D/SDHMS:g: writeSysfs:: path = /sys/devices/system/cpu/cpu0/cpufreq/schedutil/down_rate_limit_us, value = 0
2022-04-07 10:26:01.109 2788-2788/? D/SDHMS:g: writeSysfs:: path = /sys/devices/system/cpu/cpu4/cpufreq/schedutil/down_rate_limit_us, value = 0
2022-04-07 10:26:01.109 2788-2788/? D/SDHMS:g: writeSysfs:: path = /sys/devices/system/cpu/cpu7/cpufreq/schedutil/down_rate_limit_us, value = 0
2022-04-07 10:26:01.111 1336-1511/? I/Telecom:SamsungTelecomServiceImpl: isRinging - callingPackage : android
2022-04-07 10:26:01.111 1336-1511/? D/API test: getContainerInfo: value is 
2022-04-07 10:26:01.112 1336-5949/? D/AudioPlayerStateMonitor: Found a new active media playback. ID:6719 -- type:android.media.MediaPlayer -- u/pid:10877/7660 -- state:started -- attr:AudioAttributes: usage=USAGE_MEDIA content=CONTENT_TYPE_MOVIE flags=0x0 tags= bundle=null
2022-04-07 10:26:01.112 1336-1511/? D/RestrictionPolicy: isHomeKeyEnabled :true
2022-04-07 10:26:01.112 1336-1336/? D/MediaSessionStack: updateMediaButtonSessionIfNeeded, callers=com.android.server.media.MediaSessionService.lambda$onStart$0:212 com.android.server.media.-$$Lambda$MediaSessionService$za_9dlUSlnaiZw6eCdPVEZq0XLw.onAudioPlayerActiveStateChanged:2 
2022-04-07 10:26:01.113 949-18280/? D/NuPlayerDriver: start(0xe9cd0a00), state is 4, eos is 0
2022-04-07 10:26:01.113 1336-1511/? D/API test: getContainerInfo: value is 
2022-04-07 10:26:01.114 949-8261/? I/GenericSource: start
2022-04-07 10:26:01.114 949-8261/? W/Utils: track of type 'audio/vorbis' does not publish channel mask, channel count 2
2022-04-07 10:26:01.115 949-8261/? I/MediaClock: setPlaybackRate rate : 1.000000
2022-04-07 10:26:01.118 8267-8267/? E/CASS: Failed to connect(4)
2022-04-07 10:26:01.118 8267-8267/? E/CASS: Failed to connect ril daemon(2). Retry cnt(2)
2022-04-07 10:26:01.118 1781-1781/? D/SecVolumeStore: dispatch Action : [ACTION_PLAY_BACK_CONFIG_CHANGED]
2022-04-07 10:26:01.118 1781-1781/? D/SecVolumeStore:   * State : [STATE_NONE]
2022-04-07 10:26:01.118 1781-1781/? D/AppVolumeController: onPlaybackConfigChanged add 10877
2022-04-07 10:26:01.118 1781-1781/? D/SecVolumeStore:   * New State : [STATE_NONE]
2022-04-07 10:26:01.118 1781-1781/? D/SecVolumeStore: dispatch Action : [ACTION_PLAY_BACK_CONFIG_CHANGED]
2022-04-07 10:26:01.118 1781-1781/? D/SecVolumeStore:   * State : [STATE_NONE]
2022-04-07 10:26:01.118 1781-1781/? D/AppVolumeController: onPlaybackConfigChanged add 10877
2022-04-07 10:26:01.118 1781-1781/? D/SecVolumeStore:   * New State : [STATE_NONE]
2022-04-07 10:26:01.119 1781-1781/? D/SecVolumeStore: dispatch Action : [ACTION_PLAY_BACK_CONFIG_CHANGED]
2022-04-07 10:26:01.119 1781-1781/? D/SecVolumeStore:   * State : [STATE_NONE]
2022-04-07 10:26:01.119 1781-1781/? D/AppVolumeController: onPlaybackConfigChanged add 10877
2022-04-07 10:26:01.119 1781-1781/? D/SecVolumeStore:   * New State : [STATE_NONE]
2022-04-07 10:26:01.119 3499-3499/? D/BixbyApplication: registerAudioPlaybackCallback : onPlaybackConfigChanged : callback....
2022-04-07 10:26:01.119 1781-1781/? D/SecVolumeStore: dispatch Action : [ACTION_PLAY_BACK_CONFIG_CHANGED]
2022-04-07 10:26:01.119 1781-1781/? D/SecVolumeStore:   * State : [STATE_NONE]
2022-04-07 10:26:01.119 3499-3499/? D/BixbyApplication: registerAudioPlaybackCallback : onPlaybackConfigChanged : pid : 1781,  uid : 10020
2022-04-07 10:26:01.119 1781-1781/? D/AppVolumeController: onPlaybackConfigChanged add 10877
2022-04-07 10:26:01.119 1781-1781/? D/SecVolumeStore:   * New State : [STATE_NONE]
2022-04-07 10:26:01.119 1781-1781/? D/SecVolumeStore: dispatch Action : [ACTION_PLAY_BACK_CONFIG_CHANGED]
2022-04-07 10:26:01.119 1781-1781/? D/SecVolumeStore:   * State : [STATE_NONE]
2022-04-07 10:26:01.119 1781-1781/? D/AppVolumeController: onPlaybackConfigChanged add 10877
2022-04-07 10:26:01.119 1781-1781/? D/SecVolumeStore:   * New State : [STATE_NONE]
2022-04-07 10:26:01.119 1781-1781/? D/SecVolumeStore: dispatch Action : [ACTION_PLAY_BACK_CONFIG_CHANGED]
2022-04-07 10:26:01.119 1781-1781/? D/SecVolumeStore:   * State : [STATE_NONE]
2022-04-07 10:26:01.119 1781-1781/? D/AppVolumeController: onPlaybackConfigChanged add 10877
2022-04-07 10:26:01.119 1781-1781/? D/SecVolumeStore:   * New State : [STATE_NONE]
2022-04-07 10:26:01.119 1781-1781/? D/SecVolumeStore: dispatch Action : [ACTION_PLAY_BACK_CONFIG_CHANGED]
2022-04-07 10:26:01.119 1781-1781/? D/SecVolumeStore:   * State : [STATE_NONE]
2022-04-07 10:26:01.119 1781-1781/? D/AppVolumeController: onPlaybackConfigChanged add 10877
2022-04-07 10:26:01.119 1781-1781/? D/SecVolumeStore:   * New State : [STATE_NONE]
2022-04-07 10:26:01.119 3499-3499/? D/BixbyApplication: registerAudioPlaybackCallback : onPlaybackConfigChanged : pid : 1336,  uid : 1000
2022-04-07 10:26:01.120 949-8269/? I/NuPlayerRenderer: onConfigPlayback
2022-04-07 10:26:01.120 949-8269/? I/MediaClock: setPlaybackRate rate : 1.000000
2022-04-07 10:26:01.120 949-8269/? I/MediaClock: setSpeedAjust mSASpeed (0), mMinClockModificationTimeUs (80000)
2022-04-07 10:26:01.120 949-8261/? I/NuPlayerRenderer: setDuration (30019000)
2022-04-07 10:26:01.121 3499-3499/? D/BixbyApplication: registerAudioPlaybackCallback : onPlaybackConfigChanged : pid : 7372,  uid : 10038
2022-04-07 10:26:01.121 949-8261/? W/Utils: track of type 'audio/vorbis' does not publish channel mask, channel count 2
2022-04-07 10:26:01.121 3499-3499/? D/BixbyApplication: registerAudioPlaybackCallback : onPlaybackConfigChanged : packageName = com.samsung.android.game.gametools,  mIsRunningGameWhiteList = false
2022-04-07 10:26:01.121 3499-3499/? D/BixbyApplication: registerAudioPlaybackCallback : onPlaybackConfigChanged : pid : 7660,  uid : 10877
2022-04-07 10:26:01.122 3499-3499/? D/BixbyApplication: registerAudioPlaybackCallback : onPlaybackConfigChanged : packageName = com.veraxen.blockblast,  mIsRunningGameWhiteList = false
2022-04-07 10:26:01.122 3499-3499/? D/BixbyApplication: registerAudioPlaybackCallback : onPlaybackConfigChanged : pid : 1781,  uid : 10020
2022-04-07 10:26:01.122 3499-3499/? D/BixbyApplication: registerAudioPlaybackCallback : onPlaybackConfigChanged : pid : 19225,  uid : 10057
2022-04-07 10:26:01.122 949-8272/? I/ACodec:  [] Now uninitialized
2022-04-07 10:26:01.123 3499-3499/? D/BixbyApplication: registerAudioPlaybackCallback : onPlaybackConfigChanged : packageName = com.android.vending,  mIsRunningGameWhiteList = false
2022-04-07 10:26:01.123 3499-3499/? D/BixbyApplication: registerAudioPlaybackCallback : onPlaybackConfigChanged : pid : 7660,  uid : 10877
2022-04-07 10:26:01.123 949-8273/? I/ACodec: [] onAllocateComponent
2022-04-07 10:26:01.113 1336-1511/? D/RestrictionPolicy: isHomeKeyEnabled :true
2022-04-07 10:26:01.123 949-8270/? I/ACodec:  [] Now uninitialized
2022-04-07 10:26:01.123 949-8274/? I/ACodec: [] onAllocateComponent
2022-04-07 10:26:01.125 949-8273/? I/OMXClient: IOmx service obtained
2022-04-07 10:26:01.125 3499-3499/? D/BixbyApplication: registerAudioPlaybackCallback : onPlaybackConfigChanged : packageName = com.veraxen.blockblast,  mIsRunningGameWhiteList = false
2022-04-07 10:26:01.125 3499-3499/? D/BixbyApplication: registerAudioPlaybackCallback : onPlaybackConfigChanged : pid : 1336,  uid : 1000
2022-04-07 10:26:01.125 966-18293/? I/OMXMaster: makeComponentInstance(OMX.google.vorbis.decoder) in omx@1.0-service process
2022-04-07 10:26:01.125 1336-5949/? D/PowerManagerService: [api] acquire WakeLock flags=0x2000000a tag=WindowManager uid=1000 pid=1336 ws=WorkSource{10877} pkg=android
2022-04-07 10:26:01.125 3499-3499/? D/BixbyApplication: registerAudioPlaybackCallback : onPlaybackConfigChanged : pid : 19940,  uid : 10174
2022-04-07 10:26:01.126 949-8273/? I/ACodec: [OMX.google.vorbis.decoder] Now Loaded
2022-04-07 10:26:01.126 3499-3499/? D/BixbyApplication: registerAudioPlaybackCallback : onPlaybackConfigChanged : packageName = com.sec.android.inputmethod,  mIsRunningGameWhiteList = false
2022-04-07 10:26:01.126 3499-3499/? D/BixbyApplication: registerAudioPlaybackCallback : onPlaybackConfigChanged : pid : 1781,  uid : 10020
2022-04-07 10:26:01.126 949-8274/? I/OMXClient: IOmx service obtained
2022-04-07 10:26:01.126 3499-3499/? D/BixbyApplication: registerAudioPlaybackCallback : onPlaybackConfigChanged : pid : 7660,  uid : 10877
2022-04-07 10:26:01.126 949-8273/? I/ACodec: app-pid(7660)
2022-04-07 10:26:01.126 949-8273/? I/ACodec: [HW_HDR] app-pid : 7660
2022-04-07 10:26:01.126 966-18293/? W/OMXNodeInstance: setConfig(0xf41281a0:google.vorbis.decoder, ConfigPriority(0x6f800002)) (0x80001001)
2022-04-07 10:26:01.126 949-8273/? I/ACodec: codec does not support config priority (err -2147483648)
2022-04-07 10:26:01.127 966-18293/? I/OMXMaster: makeComponentInstance(OMX.qcom.video.decoder.vp9) in omx@1.0-service process
2022-04-07 10:26:01.127 7660-7660/? D/ViewRootImpl@46760f0[AdUnitActivity]: Relayout returned: old=[0,0][1200,1839] new=[0,0][1200,1839] result=0x1 surface={true 514707996672} changed=false
2022-04-07 10:26:01.127 3499-3499/? D/BixbyApplication: registerAudioPlaybackCallback : onPlaybackConfigChanged : packageName = com.veraxen.blockblast,  mIsRunningGameWhiteList = false
2022-04-07 10:26:01.127 966-18293/? D/PlatformConfig: getInstance: Enter
2022-04-07 10:26:01.127 966-18293/? D/PlatformConfig: getInt32 Config name: vidc_dec_log_in value: 0
2022-04-07 10:26:01.127 966-18293/? D/PlatformConfig: getInstance: Enter
2022-04-07 10:26:01.127 966-18293/? D/PlatformConfig: getInt32 Config name: vidc_dec_log_out value: 0
2022-04-07 10:26:01.127 966-18293/? D/PlatformConfig: getInstance: Enter
2022-04-07 10:26:01.127 966-18293/? D/PlatformConfig: getInt32 Config name: vidc_dec_sec_prefetch_size_internal value: 209715200
2022-04-07 10:26:01.127 966-5009/? W/OMXNodeInstance: getConfig(0xf41281a0:google.vorbis.decoder, ConfigAndroidVendorExtension(0x6f100004)) (0x80001001)
2022-04-07 10:26:01.127 966-18293/? D/PlatformConfig: getInstance: Enter
2022-04-07 10:26:01.127 966-18293/? D/PlatformConfig: getInt32 Config name: vidc_dec_sec_prefetch_size_output value: 13434880
2022-04-07 10:26:01.127 966-18293/? D/PlatformConfig: getInstance: Enter
2022-04-07 10:26:01.127 966-18293/? D/PlatformConfig: getInt32 Config name: vidc_dec_arb_mode_override value: 7
2022-04-07 10:26:01.127 966-18293/? D/PlatformConfig: getInstance: Enter
2022-04-07 10:26:01.127 966-18293/? D/PlatformConfig: getInt32 Config name: vidc_perf_control_enable value: 1
2022-04-07 10:26:01.127 3499-3499/? D/BixbyApplication: registerAudioPlaybackCallback : onPlaybackConfigChanged : pid : 1336,  uid : 1000
2022-04-07 10:26:01.128 949-8273/? I/MediaCodec: MediaCodec will operate in async mode
2022-04-07 10:26:01.128 949-8273/? I/ACodec: [OMX.google.vorbis.decoder] Now Loaded->Idle
2022-04-07 10:26:01.129 1336-3707/? D/CodecSolution: reportMediaStatisticsEvent: action=1@1986621044;category=4@1986621044;label=1735620194@1986621044
2022-04-07 10:26:01.129 1336-3707/? D/MediaStatisticsEvent: MediaStatisticsEvent: action=1@1986621044;category=4@1986621044;label=1735620194@1986621044
2022-04-07 10:26:01.129 1336-3707/? D/MediaStatisticsEvent: Category.valueOf: 4
2022-04-07 10:26:01.129 1336-3707/? D/MediaStatisticsEvent: Action.valueOf: 1
2022-04-07 10:26:01.129 1336-3707/? D/MediaStatisticsEvent: Label.valueOf: 0x67737662
2022-04-07 10:26:01.129 1336-3707/? D/MediaStatisticsEvent: category: ADEC
2022-04-07 10:26:01.129 1336-3707/? D/MediaStatisticsEvent: action: INSTANTIATE
2022-04-07 10:26:01.129 1336-3707/? D/MediaStatisticsEvent: label: GOOGLE_SW_VORBIS
2022-04-07 10:26:01.129 3499-3499/? D/BixbyApplication: registerAudioPlaybackCallback : onPlaybackConfigChanged : pid : 7660,  uid : 10877
2022-04-07 10:26:01.129 3499-3499/? D/BixbyApplication: registerAudioPlaybackCallback : onPlaybackConfigChanged : packageName = com.veraxen.blockblast,  mIsRunningGameWhiteList = false
2022-04-07 10:26:01.129 3499-3499/? D/BixbyApplication: registerAudioPlaybackCallback : onPlaybackConfigChanged : pid : 7660,  uid : 10877
2022-04-07 10:26:01.129 3499-3499/? D/BixbyApplication: registerAudioPlaybackCallback : onPlaybackConfigChanged : packageName = com.veraxen.blockblast,  mIsRunningGameWhiteList = false
2022-04-07 10:26:01.130 1336-1640/? D/CodecSolution: handleMessage : 900
2022-04-07 10:26:01.130 1336-1640/? D/CodecSolution: event : ADEC
2022-04-07 10:26:01.130 1336-1640/? D/Logging: dma : true, feature: ADEC, extra: GOOGLE_SW_VORBIS, value: -1
2022-04-07 10:26:01.130 1336-1640/? D/Logging: insert diagmon log
2022-04-07 10:26:01.130 1336-1640/? D/Logging: permission granted
2022-04-07 10:26:01.130 1336-1640/? W/ContextImpl: Calling a method in the system process without a qualified user: android.app.ContextImpl.sendBroadcast:1067 com.samsung.android.codecsolution.Logging.insertDiagmonLog:79 com.samsung.android.codecsolution.Logging.insertLog:53 com.samsung.android.codecsolution.Logging.insertLog:45 com.samsung.android.codecsolution.CodecSolutionManagerService$1.handleMessage:259 
2022-04-07 10:26:01.131 767-767/? W/AshmemAllocator: ashmem_create_region(32768) returning hidl_memory(0x7dd682c100, 32768)
2022-04-07 10:26:01.132 29492-29492/? W/ContextImpl: Calling a method in the system process without a qualified user: android.app.ContextImpl.startService:1610 android.content.ContextWrapper.startService:677 android.content.ContextWrapper.startService:677 com.sec.android.diagmonagent.sa.receiver.CFLogReceiver.llIIIIlllllIIllIIllI:24 com.sec.android.diagmonagent.sa.receiver.CFLogReceiver.onReceive:15 
2022-04-07 10:26:01.137 767-767/? I/chatty: uid=1000(system) allocator@1.0-s identical 2 lines
2022-04-07 10:26:01.137 767-767/? W/AshmemAllocator: ashmem_create_region(32768) returning hidl_memory(0x7dd682c100, 32768)
2022-04-07 10:26:01.137 966-18293/? I/OMX-VDEC-1080P: component_init: OMX.qcom.video.decoder.vp9 : fd=33
2022-04-07 10:26:01.138 966-18293/? E/OMX-VDEC-1080P: Unsupported output color format for c2d (2141391876)
2022-04-07 10:26:01.138 966-18293/? E/OMX-VDEC-1080P: Setting color format failed
2022-04-07 10:26:01.140 767-767/? W/AshmemAllocator: ashmem_create_region(32768) returning hidl_memory(0x7dd682c100, 32768)
2022-04-07 10:26:01.140 767-767/? I/chatty: uid=1000(system) allocator@1.0-s identical 2 lines
2022-04-07 10:26:01.141 767-767/? W/AshmemAllocator: ashmem_create_region(32768) returning hidl_memory(0x7dd682c100, 32768)
2022-04-07 10:26:01.141 949-8273/? I/ACodec: [OMX.google.vorbis.decoder] Now Idle->Executing
2022-04-07 10:26:01.141 949-8273/? I/ACodec: [OMX.google.vorbis.decoder] Now Executing
2022-04-07 10:26:01.142 949-8273/? I/ACodec: [OMX.google.vorbis.decoder] calling emptyBuffer 1 w/ codec specific data, size : 30
2022-04-07 10:26:01.142 949-8273/? I/ACodec: [OMX.google.vorbis.decoder] calling emptyBuffer 2 w/ codec specific data, size : 3832
2022-04-07 10:26:01.143 949-8273/? I/ACodec: [OMX.google.vorbis.decoder] Now handling output port settings change
2022-04-07 10:26:01.144 966-18293/? D/PlatformConfig: getInstance: Enter
2022-04-07 10:26:01.144 966-18293/? D/PlatformConfig: getInt32: Returning default
2022-04-07 10:26:01.144 966-18293/? D/PlatformConfig: getInstance: Enter
2022-04-07 10:26:01.144 966-18293/? D/PlatformConfig: getInt32: Returning default
2022-04-07 10:26:01.144 966-18293/? I/OMX-VDEC-1080P: omx_vdec::component_init() success : fd=33
2022-04-07 10:26:01.144 949-8274/? I/ACodec: [OMX.qcom.video.decoder.vp9] Now Loaded
2022-04-07 10:26:01.145 949-8270/? D/SurfaceUtils: disconnecting from surface 0xe8cf5808, reason onConfigure
2022-04-07 10:26:01.145 949-8271/? D/SurfaceUtils: connecting to surface 0xe8cf5808, reason connectToSurface
2022-04-07 10:26:01.145 949-8271/? I/MediaCodec: [OMX.qcom.video.decoder.vp9] setting surface generation to 971807
2022-04-07 10:26:01.145 949-8271/? D/SurfaceUtils: disconnecting from surface 0xe8cf5808, reason connectToSurface(reconnect)
2022-04-07 10:26:01.146 949-8271/? D/SurfaceUtils: connecting to surface 0xe8cf5808, reason connectToSurface(reconnect)
2022-04-07 10:26:01.146 949-8271/? I/ResourceManagerService: ResourceManagerService checkCodecCapacity pid 7660 clientId 3855688384 useExtended 0 
2022-04-07 10:26:01.146 951-951/? I/RemoteDisplayService: There is no RemoteDisplay
2022-04-07 10:26:01.146 949-8274/? I/ACodec: app-pid(7660)
2022-04-07 10:26:01.147 949-8274/? I/ACodec: [HW_HDR] app-pid : 7660
2022-04-07 10:26:01.147 966-5009/? E/OMX-VDEC-1080P: set_parameter: Error: 0x80001019, setting param 0x7f00005d
2022-04-07 10:26:01.147 966-5009/? W/OMXNodeInstance: setParameter(0xf338a984:qcom.decoder.vp9, OMX.google.android.index.allocateNativeHandle(0x7f00005d): Output:1 en=0) (0x80001019)
2022-04-07 10:26:01.147 966-5009/? E/OMX-VDEC-1080P: Extension: OMX.google.android.index.storeANWBufferInMetadata not implemented
2022-04-07 10:26:01.147 949-8274/? I/ACodec: [OMX.qcom.video.decoder.vp9] OMX_QCOM_FramePacking_OnlyOneCompleteFrame is setting
2022-04-07 10:26:01.147 966-15349/? E/OMX-VDEC-1080P: Extension: OMX.google.android.index.storeANWBufferInMetadata not implemented
2022-04-07 10:26:01.147 966-15349/? E/OMX-VDEC-1080P: Extension: OMX.google.android.index.configureVideoTunnelMode not implemented
2022-04-07 10:26:01.147 966-15349/? E/OMX-VDEC-1080P: Extension: OMX.google.android.index.useAndroidNativeBuffer is supported
2022-04-07 10:26:01.147 767-767/? W/AshmemAllocator: ashmem_create_region(32768) returning hidl_memory(0x7dd682c100, 32768)
2022-04-07 10:26:01.147 949-8274/? I/ACodec: Success to set FramePackingMode
2022-04-07 10:26:01.147 767-767/? W/AshmemAllocator: ashmem_create_region(32768) returning hidl_memory(0x7dd682c100, 32768)
2022-04-07 10:26:01.147 966-5009/? E/OMX-VDEC-1080P: Disabling C2D src_fmt = 2141391878 and dest_fmt = 2141391878
2022-04-07 10:26:01.148 966-9482/? E/OMX-VDEC-1080P: Disabling C2D src_fmt = 2141391878 and dest_fmt = 2141391878
2022-04-07 10:26:01.148 767-767/? W/AshmemAllocator: ashmem_create_region(32768) returning hidl_memory(0x7dd682c100, 32768)
2022-04-07 10:26:01.148 966-9482/? E/OMX-VDEC-1080P: Disabling C2D src_fmt = 2141391878 and dest_fmt = 2141391878
2022-04-07 10:26:01.148 767-767/? W/AshmemAllocator: ashmem_create_region(32768) returning hidl_memory(0x7dd682c100, 32768)
2022-04-07 10:26:01.148 966-1256/? E/OMX-VDEC-1080P: Disabling C2D src_fmt = 2141391878 and dest_fmt = 2141391878
2022-04-07 10:26:01.148 966-1256/? E/OMX-VDEC-1080P: get_parameter: unknown param 6f600007
2022-04-07 10:26:01.148 966-1256/? W/OMXNodeInstance: getParameter(0xf338a984:qcom.decoder.vp9, ParamVideoAndroidVp8Encoder(0x6f600007)) (0x8000101a)
2022-04-07 10:26:01.149 949-8273/? I/ACodec: [OMX.google.vorbis.decoder] Now Executing
2022-04-07 10:26:01.149 966-5009/? E/OMX-VDEC-1080P: Disabling C2D src_fmt = 2141391878 and dest_fmt = 2141391878
2022-04-07 10:26:01.150 966-5009/? W/OMXNodeInstance: getConfig(0xf338a984:qcom.decoder.vp9, ??(0x7f000062)) (0x80001019)
2022-04-07 10:26:01.151 949-8271/? I/MediaCodec: MediaCodec will operate in async mode
2022-04-07 10:26:01.151 1336-1512/? D/InputReader: Input event(9): value=0 when=113377.189736
2022-04-07 10:26:01.151 1336-1512/? D/InputReader: Input event(9): value=0 when=113377.189736
2022-04-07 10:26:01.151 1336-1512/? I/InputReader: Touch event's action is 0x1 (deviceType=0) [pCnt=1, s=] when=113377.189736
2022-04-07 10:26:01.151 1336-1511/? I/InputDispatcher: Delivering touch to (1781): action: 0x1, displayId: 0, '8301d4c', toolType: 1
2022-04-07 10:26:01.152 1781-1781/? D/ViewRootImpl@8635e3f[NavigationBar]: ViewPostIme pointer 1
2022-04-07 10:26:01.152 1336-3707/? D/InputDispatcher: Inject key (1781): action=1, eventTime=113377190000000
2022-04-07 10:26:01.152 1336-3707/? D/InputManager-JNI: !@interceptKeyBeforeQueueing(0), action=1, interactive=true
2022-04-07 10:26:01.153 949-8274/? I/ACodec: [OMX.qcom.video.decoder.vp9] Now Loaded->Idle
2022-04-07 10:26:01.153 966-1256/? E/OMX-VDEC-1080P: Disabling C2D src_fmt = 2141391878 and dest_fmt = 2141391878
2022-04-07 10:26:01.153 1336-3707/? D/SamsungPhoneWindowManager: sec interceptKeyTq home s_result=1
2022-04-07 10:26:01.153 1336-3707/? D/WindowManager: interceptKeyTq s_result=1
2022-04-07 10:26:01.153 1336-3707/? D/InputManager-JNI: !@handleInterceptActions(0), action=1, wmActions=1
2022-04-07 10:26:01.154 949-8269/? I/NuPlayerRenderer: openAudioSink: offloadOnly(0) offloadingAudio(0)
2022-04-07 10:26:01.154 949-8269/? I/NuPlayerRenderer: openAudioSink: open AudioSink in NON-offload mode audioFormat : 1, flags : 8
2022-04-07 10:26:01.154 949-8269/? I/NuPlayerRenderer: checkAudioSinkPcmMsSetting 500
2022-04-07 10:26:01.154 820-12893/? D/APM::MultiSoundManager: getDevice, uid = 10877, device = 0
2022-04-07 10:26:01.154 820-12893/? I/AudioFlinger: nonSecFlag 8, secFlag 400000, outputFlags 8
2022-04-07 10:26:01.154 820-12893/? D/AudioFlinger: Client defaulted notificationFrames to 12000 for frameCount 24000
2022-04-07 10:26:01.154 820-12893/? I/AudioFlinger: setMixerOutConfig expectKey 202
2022-04-07 10:26:01.154 820-12893/? I/AudioFlinger: setMixerOutConfig select, mixer out f 5, s 48000, thread out f 4, s 48000
2022-04-07 10:26:01.154 820-12893/? E/AudioFlinger: stageIndex is 0, get default sink buf
2022-04-07 10:26:01.154 820-12893/? I/AudioEffectStage: getStageIndex media_output_sub1_float48
2022-04-07 10:26:01.155 767-767/? W/AshmemAllocator: ashmem_create_region(16588800) returning hidl_memory(0x7dd682c100, 16588800)
2022-04-07 10:26:01.155 949-8269/? D/AudioTrack: setVolume(0.000000, 0.000000) pid : 7660
2022-04-07 10:26:01.155 949-8269/? D/AudioTrack: setVolume(0.000000, 0.000000) pid : 7660
2022-04-07 10:26:01.155 949-8269/? I/AudioTrack: This process already got info. FadeIn[0] FadeOut[0] FadeInRing[0]
2022-04-07 10:26:01.155 820-1598/? I/AudioFlinger: setMixerOutConfig expectKey 202
2022-04-07 10:26:01.155 820-1598/? I/AudioFlinger: setMixerOutConfig select, mixer out f 5, s 48000, thread out f 4, s 48000
2022-04-07 10:26:01.155 820-1598/? I/AudioEffectStage: getStageIndex media_output_sub1_float48
2022-04-07 10:26:01.155 820-1598/? I/AudioFlinger: addStageIndex new -2914, st 3, format 5, sample 48000, flags 0
2022-04-07 10:26:01.156 1336-1511/? I/Telecom:SamsungTelecomServiceImpl: isRinging - callingPackage : android
2022-04-07 10:26:01.156 1336-1511/? D/API test: getContainerInfo: value is 
2022-04-07 10:26:01.156 1336-1511/? D/RestrictionPolicy: isHomeKeyEnabled :true
2022-04-07 10:26:01.157 767-767/? W/AshmemAllocator: ashmem_create_region(7680) returning hidl_memory(0x7dd682c100, 7680)
2022-04-07 10:26:01.157 1336-1511/? D/VoIPInterfaceManager: isVoIPRinging()...
2022-04-07 10:26:01.157 1336-1511/? D/VoIPInterfaceManager: isVoIPRunningAndDeregi()...
2022-04-07 10:26:01.157 1336-1511/? D/VoIPInterfaceManager: Not exist call session
2022-04-07 10:26:01.157 1336-1511/? D/API test: getContainerInfo: value is 
2022-04-07 10:26:01.157 1336-1511/? D/RestrictionPolicy: isHomeKeyEnabled :true
2022-04-07 10:26:01.158 767-767/? W/AshmemAllocator: ashmem_create_region(16588800) returning hidl_memory(0x7dd682c100, 16588800)
2022-04-07 10:26:01.158 1336-1511/? I/Telecom:SamsungTelecomServiceImpl: getCallState - callingPid : 1336 / processName : sts
2022-04-07 10:26:01.158 767-767/? W/AshmemAllocator: ashmem_create_region(7680) returning hidl_memory(0x7dd682c100, 7680)
2022-04-07 10:26:01.159 767-767/? W/AshmemAllocator: ashmem_create_region(7680) returning hidl_memory(0x7dd682c100, 7680)
2022-04-07 10:26:01.160 820-1598/? I/AudioEffectStage: getSinkBuffer media_output_sub1_float48
2022-04-07 10:26:01.160 1336-1336/? D/InputMethodManagerService: isImeSwitcherDisabledPackage : false
2022-04-07 10:26:01.160 1336-1336/? D/InputMethodManagerService: DESKTOP MODE! : 2
2022-04-07 10:26:01.160 1336-1336/? D/InputMethodManagerService: NOT IN KNOX DESKTOP MODE!
2022-04-07 10:26:01.160 1336-1511/? D/PowerManagerService: [api] userActivity : event: 0 flags: 0 (uid: 1000 pid: 1336) eventTime = 113377198
2022-04-07 10:26:01.160 1336-1336/? D/InputMethodManagerService: updateSystemUiLocked 0
2022-04-07 10:26:01.160 1336-1336/? D/InputMethodManagerService: updateSystemUiLocked(), setImeWindowStatusToType, vis : 0 backDisposition : 0
2022-04-07 10:26:01.160 1781-2027/? D/LocationControllerImpl: onReceive() = android.intent.action.CLOSE_SYSTEM_DIALOGS
2022-04-07 10:26:01.160 1781-2079/? D/vol.VolumeDialogControl: onReceive ACTION_CLOSE_SYSTEM_DIALOGS
2022-04-07 10:26:01.161 2788-2788/? D/SDHMS:g: writeSysfs:: path = /sys/devices/system/cpu/cpu0/cpufreq/schedutil/down_rate_limit_us, value = 0
2022-04-07 10:26:01.161 2788-2788/? D/SDHMS:g: writeSysfs:: path = /sys/devices/system/cpu/cpu4/cpufreq/schedutil/down_rate_limit_us, value = 0
2022-04-07 10:26:01.161 767-767/? W/AshmemAllocator: ashmem_create_region(16588800) returning hidl_memory(0x7dd682c100, 16588800)
2022-04-07 10:26:01.161 2788-2788/? D/SDHMS:g: writeSysfs:: path = /sys/devices/system/cpu/cpu7/cpufreq/schedutil/down_rate_limit_us, value = 0
2022-04-07 10:26:01.162 767-767/? W/AshmemAllocator: ashmem_create_region(7680) returning hidl_memory(0x7dd682c100, 7680)
2022-04-07 10:26:01.162 1336-1511/? D/CustomFrequencyManagerService: acquireDVFSLockLocked : type : DVFS_MIN_LIMIT  frequency : 2841600  uid : 1000  pid : 1336  pkgName : AMS_APP_HOME@CPU_MIN@60
2022-04-07 10:26:01.163 1336-1511/? D/ActivityManagerPerformance: AMP_acquire() HOME
2022-04-07 10:26:01.163 1336-1511/? D/SamsungPhoneWindowManager: startDockOrHome
2022-04-07 10:26:01.163 1336-1511/? D/CustomFrequencyManagerService: acquireDVFSLockLocked : type : DVFS_MIN_LIMIT  frequency : 1920000  uid : 1000  pid : 1336  pkgName : HOME_BOOSTER@1
2022-04-07 10:26:01.163 765-1570/? D/MySpaceEffect: MySpace EffectCreate start - session 14201
2022-04-07 10:26:01.163 765-1570/? D/MySpaceEffect: MS EffectCreate - Allocating SessionNo 0 for SessionId 14201
2022-04-07 10:26:01.163 765-1570/? D/MySpaceEffect: MS EffectCreate - This is the first effect in current sessionId 14201 sessionNo 0
2022-04-07 10:26:01.163 765-1570/? D/MySpaceEffect: MySpaceEffect::MySpaceEffect ctor
2022-04-07 10:26:01.163 765-1570/? D/AudioSAEffectOffload: EffectCreate : pContext:0xf4134280 effect_type:5
2022-04-07 10:26:01.163 765-1570/? D/MySpace: MySpace::Init, mSampleRate = 48000
2022-04-07 10:26:01.163 765-1570/? I/MySpace: SoundAlive_3DPosisiton_Factory Create
2022-04-07 10:26:01.163 765-1570/? D/MySpace: MySpace Initialize mPreset = 0
2022-04-07 10:26:01.164 765-14017/? D/MySpace: MySpace::Init, mSampleRate = 48000
2022-04-07 10:26:01.164 765-14017/? D/MySpace: MySpace Initialize mPreset = 0
2022-04-07 10:26:01.164 765-14017/? I/MySpace: MySpace setDevice 2, 0
2022-04-07 10:26:01.164 767-767/? W/AshmemAllocator: ashmem_create_region(16588800) returning hidl_memory(0x7dd682c100, 16588800)
2022-04-07 10:26:01.164 820-1598/? E/AudioFlinger: AudioFlinger_APM : (AudioFlinger::createEffect) persist.app.permission.monitor is false
2022-04-07 10:26:01.164 820-1598/? D/APM::MultiSoundManager: getDevice, uid = 10877, device = 0
2022-04-07 10:26:01.164 820-1598/? D/APM_AudioPolicyManager: newDevice=0
2022-04-07 10:26:01.164 820-1598/? W/AudioFlinger: moveEffectChain_l() effect chain for session 0 not on source thread 0xf0b83ec0
2022-04-07 10:26:01.164 820-1598/? I/AudioEffectStage: getStageIndex media_output_sub1_float48
2022-04-07 10:26:01.164 820-1598/? I/AudioEffectStage: getSinkBuffer media_output_sub1_float48
2022-04-07 10:26:01.164 820-1598/? I/AudioFlinger: alignTrackBufferWithEffect channelMask 3 to 3, sessionId 14201, prev key 2002, new key 2002, prev buf size 0, new buf size 7680
2022-04-07 10:26:01.166 767-767/? W/AshmemAllocator: ashmem_create_region(7680) returning hidl_memory(0x7dd682c100, 7680)
2022-04-07 10:26:01.166 949-8269/? I/MediaClock: setThreshold mThresholdTimeUsForAnchor(500000), mMinClockModificationTimeUs(40000), mMaxCorrectionTimeUs(30000)
2022-04-07 10:26:01.167 949-8269/? I/MediaClock: setPlaybackRate rate : 0.000000
2022-04-07 10:26:01.167 949-8269/? I/NuPlayerRenderer: onDrainAudioQueue() send kWhatPollingAudioStarted audio_out : 0
2022-04-07 10:26:01.167 949-8269/? I/NuPlayerRenderer: setAudioFirstAnchorTime mAudioFirstAnchorTimeMediaUs : -1, new mediaTimeUs : 3000
2022-04-07 10:26:01.167 949-8269/? I/MediaClock: getMediaTime_l - mAnchorTimeRealUs is '-1'
2022-04-07 10:26:01.167 949-8269/? I/chatty: uid=1013(media) NuPlayerRendere identical 2 lines
2022-04-07 10:26:01.167 949-8269/? I/MediaClock: getMediaTime_l - mAnchorTimeRealUs is '-1'
2022-04-07 10:26:01.167 949-8261/? D/NuPlayerDriver: notifyListener_l(0xe9cd0a00), (6, 0, 0, -1), loop setting(0, 0)
2022-04-07 10:26:01.167 1336-1511/? I/ActivityManager: START u0 {act=android.intent.action.MAIN typ=null flg=0x10200000 cmp=ComponentInfo{com.sec.android.app.launcher/com.sec.android.app.launcher.activities.LauncherActivity}} from uid 1000
2022-04-07 10:26:01.167 949-17693/? I/MediaClock: getMediaTime_l - mAnchorTimeRealUs is '-1'
2022-04-07 10:26:01.167 949-8261/? D/NuPlayerDriver: notifyListener_l(0xe9cd0a00), (211, 0, 0, 20), loop setting(0, 0)
2022-04-07 10:26:01.167 1781-1781/? D/NavigationBar: setImeWindowStatus() imeShown = false, backDisposition = 0, showImeSwitcher = false
2022-04-07 10:26:01.168 767-767/? W/AshmemAllocator: ashmem_create_region(16588800) returning hidl_memory(0x7dd682c100, 16588800)
2022-04-07 10:26:01.168 1781-1781/? I/PanelView: can't collapse, true, false, false, false
2022-04-07 10:26:01.168 1781-1781/? I/PanelView: can't collapse, true, false, false, false
2022-04-07 10:26:01.168 1781-1781/? D/PopupUI.PopupUI: PopupUIReceiver.onReceive() action : android.intent.action.CLOSE_SYSTEM_DIALOGS
2022-04-07 10:26:01.169 1781-1781/? D/vol.SecVolumeDialogImpl: dismissH reason: 2
2022-04-07 10:26:01.169 1781-1781/? D/Tile.AirplaneModeTile: onReceive: android.intent.action.CLOSE_SYSTEM_DIALOGS
2022-04-07 10:26:01.173 1336-1511/? D/ActivityManager: [PIP] Update supportsEnterPipOnTaskSwitch(moveTaskToFrontLocked
2022-04-07 10:26:01.175 949-17693/? D/NuPlayerDriver: stop(0xe9cd0a00)
2022-04-07 10:26:01.176 949-17693/? D/NuPlayerDriver: notifyListener_l(0xe9cd0a00), (8, 0, 0, -1), loop setting(0, 0)
2022-04-07 10:26:01.176 1336-1511/? D/InputDispatcher: Focused application set to: 230f94e
2022-04-07 10:26:01.176 949-8269/? I/NuPlayerRenderer: onPause
2022-04-07 10:26:01.176 949-8269/? I/MediaClock: setPlaybackRate rate : 0.000000
2022-04-07 10:26:01.176 767-767/? W/AshmemAllocator: ashmem_create_region(16588800) returning hidl_memory(0x7dd682c100, 16588800)
2022-04-07 10:26:01.176 949-8261/? D/NuPlayerDriver: notifyListener_l(0xe9cd0a00), (211, 0, 0, 20), loop setting(0, 0)
2022-04-07 10:26:01.176 949-17693/? D/NuPlayerDriver: reset(0xe9cd0a00) at state 8
2022-04-07 10:26:01.176 1336-1511/? D/InputDispatcher: Focus left window (7660): 607059d 0
2022-04-07 10:26:01.178 3499-3499/? D/BixbyApplication: registerAudioPlaybackCallback : onPlaybackConfigChanged : callback....
2022-04-07 10:26:01.178 3499-3499/? D/BixbyApplication: registerAudioPlaybackCallback : onPlaybackConfigChanged : pid : 1781,  uid : 10020
2022-04-07 10:26:01.179 949-8269/? I/NuPlayerRenderer: kWhatPollingAudioStarted, mPaused status
2022-04-07 10:26:01.180 1781-1781/? D/SecVolumeStore: dispatch Action : [ACTION_PLAY_BACK_CONFIG_CHANGED]
2022-04-07 10:26:01.180 1781-1781/? D/SecVolumeStore:   * State : [STATE_NONE]
2022-04-07 10:26:01.180 1781-1781/? D/SecVolumeStore:   * New State : [STATE_NONE]
2022-04-07 10:26:01.180 1781-1781/? D/SecVolumeStore: dispatch Action : [ACTION_PLAY_BACK_CONFIG_CHANGED]
2022-04-07 10:26:01.180 1781-1781/? D/SecVolumeStore:   * State : [STATE_NONE]
2022-04-07 10:26:01.180 1781-1781/? D/SecVolumeStore:   * New State : [STATE_NONE]
2022-04-07 10:26:01.180 1781-1781/? D/SecVolumeStore: dispatch Action : [ACTION_PLAY_BACK_CONFIG_CHANGED]
2022-04-07 10:26:01.180 1781-1781/? D/SecVolumeStore:   * State : [STATE_NONE]
2022-04-07 10:26:01.180 1781-1781/? D/SecVolumeStore:   * New State : [STATE_NONE]
2022-04-07 10:26:01.181 1781-1781/? D/SecVolumeStore: dispatch Action : [ACTION_PLAY_BACK_CONFIG_CHANGED]
2022-04-07 10:26:01.181 1781-1781/? D/SecVolumeStore:   * State : [STATE_NONE]
2022-04-07 10:26:01.181 1781-1781/? D/SecVolumeStore:   * New State : [STATE_NONE]
2022-04-07 10:26:01.181 1781-1781/? D/SecVolumeStore: dispatch Action : [ACTION_PLAY_BACK_CONFIG_CHANGED]
2022-04-07 10:26:01.181 1781-1781/? D/SecVolumeStore:   * State : [STATE_NONE]
2022-04-07 10:26:01.181 1781-1781/? D/SecVolumeStore:   * New State : [STATE_NONE]
2022-04-07 10:26:01.181 1781-1781/? D/SecVolumeStore: dispatch Action : [ACTION_PLAY_BACK_CONFIG_CHANGED]
2022-04-07 10:26:01.181 1781-1781/? D/SecVolumeStore:   * State : [STATE_NONE]
2022-04-07 10:26:01.181 1781-1781/? D/SecVolumeStore:   * New State : [STATE_NONE]
2022-04-07 10:26:01.181 1781-1781/? D/SecVolumeStore: dispatch Action : [ACTION_PLAY_BACK_CONFIG_CHANGED]
2022-04-07 10:26:01.181 1781-1781/? D/SecVolumeStore:   * State : [STATE_NONE]
2022-04-07 10:26:01.181 1781-1781/? D/SecVolumeStore:   * New State : [STATE_NONE]
2022-04-07 10:26:01.181 1781-1781/? D/SecVolumeStore: dispatch Action : [ACTION_PLAY_BACK_CONFIG_CHANGED]
2022-04-07 10:26:01.181 1781-1781/? D/SecVolumeStore:   * State : [STATE_NONE]
2022-04-07 10:26:01.181 1781-1781/? D/SecVolumeStore:   * New State : [STATE_NONE]
2022-04-07 10:26:01.181 1781-1781/? D/SecVolumeStore: dispatch Action : [ACTION_PLAY_BACK_CONFIG_CHANGED]
2022-04-07 10:26:01.181 1781-1781/? D/SecVolumeStore:   * State : [STATE_NONE]
2022-04-07 10:26:01.181 1781-1781/? D/SecVolumeStore:   * New State : [STATE_NONE]
2022-04-07 10:26:01.181 1781-1781/? D/SecVolumeStore: dispatch Action : [ACTION_PLAY_BACK_CONFIG_CHANGED]
2022-04-07 10:26:01.181 1781-1781/? D/SecVolumeStore:   * State : [STATE_NONE]
2022-04-07 10:26:01.181 1781-1781/? D/SecVolumeStore:   * New State : [STATE_NONE]
2022-04-07 10:26:01.181 1781-1781/? D/SecVolumeStore: dispatch Action : [ACTION_PLAY_BACK_CONFIG_CHANGED]
2022-04-07 10:26:01.181 1781-1781/? D/SecVolumeStore:   * State : [STATE_NONE]
2022-04-07 10:26:01.181 1781-1781/? D/SecVolumeStore:   * New State : [STATE_NONE]
2022-04-07 10:26:01.181 1781-1781/? D/SecVolumeStore: dispatch Action : [ACTION_PLAY_BACK_CONFIG_CHANGED]
2022-04-07 10:26:01.181 1781-1781/? D/SecVolumeStore:   * State : [STATE_NONE]
2022-04-07 10:26:01.181 1781-1781/? D/SecVolumeStore:   * New State : [STATE_NONE]
2022-04-07 10:26:01.181 1781-1781/? D/SecVolumeStore: dispatch Action : [ACTION_PLAY_BACK_CONFIG_CHANGED]
2022-04-07 10:26:01.181 1781-1781/? D/SecVolumeStore:   * State : [STATE_NONE]
2022-04-07 10:26:01.181 1781-1781/? D/SecVolumeStore:   * New State : [STATE_NONE]
2022-04-07 10:26:01.181 1781-1781/? D/SecVolumeStore: dispatch Action : [ACTION_PLAY_BACK_CONFIG_CHANGED]
2022-04-07 10:26:01.181 1781-1781/? D/SecVolumeStore:   * State : [STATE_NONE]
2022-04-07 10:26:01.181 1781-1781/? D/SecVolumeStore:   * New State : [STATE_NONE]
2022-04-07 10:26:01.181 1336-1917/? D/libperflog: [PERFMON] perflog_write_log sock = 441
2022-04-07 10:26:01.181 1336-1917/? D/libperflog: [PERFMON] current_write_len = 124
2022-04-07 10:26:01.181 3499-3499/? D/BixbyApplication: registerAudioPlaybackCallback : onPlaybackConfigChanged : pid : 1336,  uid : 1000
2022-04-07 10:26:01.181 1336-1917/? D/libperflog: [LIBPERFLOG] perflog_write_log sent logtype=1, pid=0, tid=1336, [ActivityLaunch] [C] com.sec.android.app.launcher 164616 1940596 1745876 0 27 0 40 104877640 2135742 -1 -1 -1 -1 -1 -1 -1 0 
2022-04-07 10:26:01.183 19855-19855/? I/Launcher: onWindowVisibilityChanged : false
2022-04-07 10:26:01.183 1336-1917/? D/libperflog: [LIBPERFLOG] perflog_write_evt sock = 441
2022-04-07 10:26:01.184 949-8272/? I/NuPlayerRenderer: flush audio, notifyComplete 1, shutdown Yes
2022-04-07 10:26:01.184 1336-1917/? D/libperflog: [LIBPERFLOG] perflog_write_evt_iis sent logtype=2, logid=4, param1=1, pid=0, tid=1336, com.sec.android.app.launcher
2022-04-07 10:26:01.184 949-8272/? D/NuPlayerRenderer: signalTimeDiscontinuity() mHasAudio = 1 , mHasVideo = 0
2022-04-07 10:26:01.184 949-8261/? D/NuPlayerDriver: notifyListener_l(0xe9cd0a00), (211, 0, 0, 20), loop setting(0, 0)
2022-04-07 10:26:01.184 949-8273/? I/ACodec: [OMX.google.vorbis.decoder] signalFlush
2022-04-07 10:26:01.184 949-8273/? I/ACodec: [OMX.google.vorbis.decoder] ExecutingState flushing now (codec owns 3/4 input, 1/4 output).
2022-04-07 10:26:01.184 966-5009/? E/OMX-VDEC-1080P: Disabling C2D src_fmt = 2141391878 and dest_fmt = 2141391878
2022-04-07 10:26:01.184 949-8269/? I/NuPlayerRenderer: flushing audio
2022-04-07 10:26:01.184 949-8269/? I/NuPlayerRenderer: onFlush mAudioDrainGeneration : 2
2022-04-07 10:26:01.184 966-9482/? E/OMX-VDEC-1080P: Disabling C2D src_fmt = 2141391878 and dest_fmt = 2141391878
2022-04-07 10:26:01.184 966-5009/? E/OMX-VDEC-1080P: Extension: OMX.google.android.index.AndroidNativeBufferConsumerUsage not implemented
2022-04-07 10:26:01.184 949-8273/? I/ACodec: [OMX.google.vorbis.decoder] Now Flushing
2022-04-07 10:26:01.185 949-8273/? I/ACodec: [OMX.google.vorbis.decoder] FlushingState onOMXEvent(0,1,0)
2022-04-07 10:26:01.185 949-8273/? I/ACodec: [OMX.google.vorbis.decoder] FlushingState onOMXEvent(0,1,1)
2022-04-07 10:26:01.185 949-8273/? I/ACodec: [OMX.google.vorbis.decoder] Now Executing
2022-04-07 10:26:01.185 949-8274/? D/SurfaceUtils: set up nativeWindow 0xe8cf5808 for 720x1280, color 0x7fa30c06, rotation 0, usage 0x20002900
2022-04-07 10:26:01.185 3499-3499/? D/BixbyApplication: registerAudioPlaybackCallback : onPlaybackConfigChanged : pid : 7372,  uid : 10038
2022-04-07 10:26:01.185 949-8273/? I/ACodec: [OMX.google.vorbis.decoder] Now Executing->Idle
2022-04-07 10:26:01.185 3499-3499/? D/BixbyApplication: registerAudioPlaybackCallback : onPlaybackConfigChanged : packageName = com.samsung.android.game.gametools,  mIsRunningGameWhiteList = false
2022-04-07 10:26:01.185 949-8274/? I/ACodec: [OMX.qcom.video.decoder.vp9] configureOutputBuffersFromNativeWindow setBufferCount : 19, minUndequeuedBuffers : 4
2022-04-07 10:26:01.185 3499-3499/? D/BixbyApplication: registerAudioPlaybackCallback : onPlaybackConfigChanged : pid : 7660,  uid : 10877
2022-04-07 10:26:01.186 949-8273/? I/ACodec: [OMX.google.vorbis.decoder] Now Idle->Loaded
2022-04-07 10:26:01.186 3499-3499/? D/BixbyApplication: registerAudioPlaybackCallback : onPlaybackConfigChanged : packageName = com.veraxen.blockblast,  mIsRunningGameWhiteList = false
2022-04-07 10:26:01.186 949-8273/? I/ACodec: [OMX.google.vorbis.decoder] Now Loaded
2022-04-07 10:26:01.186 3499-3499/? D/BixbyApplication: registerAudioPlaybackCallback : onPlaybackConfigChanged : pid : 1781,  uid : 10020
2022-04-07 10:26:01.187 949-8273/? I/ACodec:  [OMX.google.vorbis.decoder] Now uninitialized
2022-04-07 10:26:01.187 949-8273/? I/ACodec:  [] Now kWhatShutdownCompleted event : 8619
2022-04-07 10:26:01.187 949-8273/? I/MediaCodec: Codec shutdown complete
2022-04-07 10:26:01.188 949-8272/? I/NuPlayerDecoder: onShutdown notifyComplete : Yes
2022-04-07 10:26:01.188 949-8271/? I/ResourceManagerService: addMediaInfo - (PID : 7660, clientID : 3855688384)
2022-04-07 10:26:01.188 3499-3499/? D/BixbyApplication: registerAudioPlaybackCallback : onPlaybackConfigChanged : pid : 19225,  uid : 10057
2022-04-07 10:26:01.188 949-8271/? I/ResourceManagerService: MediaInfo add 921600 (width 720 height 1280) remained 34467840
2022-04-07 10:26:01.188 949-8271/? I/ResourceManagerService: startWatchingMode
2022-04-07 10:26:01.188 949-8271/? I/ResourceManagerService: getMediaResourceInfo resourceType : 2, size : 1
2022-04-07 10:26:01.188 949-8271/? I/ResourceManagerService: writeResourceInfo (PID : 7660, clientID : 3855688384, non-secure-codec/video-codec:1, 720x1280(fps:30) - SoftCodec : No, Encorder : No)
2022-04-07 10:26:01.188 949-8271/? I/MediaCodec: setCodecState state : 0
2022-04-07 10:26:01.188 949-8271/? I/ResourceManagerService: getMediaResourceInfo resourceType : 2, size : 1
2022-04-07 10:26:01.188 949-8271/? I/ResourceManagerService: writeResourceInfo (PID : 7660, clientID : 3855688384, non-secure-codec/video-codec:1, 720x1280(fps:30) - SoftCodec : No, Encorder : No)
2022-04-07 10:26:01.188 949-8270/? I/NuPlayerRenderer: flush video, notifyComplete 1, shutdown Yes
